[0.024s] Invoking command in '/home/imml/git/ROB_534_Project/build/ur_bringup': AMENT_PREFIX_PATH=/home/imml/git/ROB_534_Project/install/ur_controllers:/home/imml/git/ROB_534_Project/install/ur_description:/home/imml/git/ROB_534_Project/install/ur_dashboard_msgs:${AMENT_PREFIX_PATH} CMAKE_PREFIX_PATH=/home/imml/git/ROB_534_Project/install/ur_controllers:/home/imml/git/ROB_534_Project/install/ur_description:/home/imml/git/ROB_534_Project/install/ur_dashboard_msgs:/opt/ros/humble LD_LIBRARY_PATH=/home/imml/git/ROB_534_Project/install/ur_controllers/lib:/home/imml/git/ROB_534_Project/install/ur_dashboard_msgs/lib:${LD_LIBRARY_PATH} PYTHONPATH=/home/imml/git/ROB_534_Project/install/ur_dashboard_msgs/local/lib/python3.10/dist-packages:${PYTHONPATH} /usr/bin/cmake /home/imml/git/ROB_534_Project/harvest_hardware/Universal_Robots_ROS2_Driver/ur_bringup -DAMENT_CMAKE_SYMLINK_INSTALL=1 -DCMAKE_INSTALL_PREFIX=/home/imml/git/ROB_534_Project/install/ur_bringup
[0.134s] -- The C compiler identification is GNU 11.4.0
[0.249s] -- The CXX compiler identification is GNU 11.4.0
[0.264s] -- Detecting C compiler ABI info
[0.421s] -- Detecting C compiler ABI info - done
[0.441s] -- Check for working C compiler: /usr/bin/cc - skipped
[0.442s] -- Detecting C compile features
[0.443s] -- Detecting C compile features - done
[0.449s] -- Detecting CXX compiler ABI info
[0.639s] -- Detecting CXX compiler ABI info - done
[0.649s] -- Check for working CXX compiler: /usr/bin/c++ - skipped
[0.650s] -- Detecting CXX compile features
[0.652s] -- Detecting CXX compile features - done
[0.665s] -- Found ament_cmake: 1.3.11 (/opt/ros/humble/share/ament_cmake/cmake)
[0.964s] -- Found Python3: /usr/bin/python3 (found version "3.10.12") found components: Interpreter 
[1.125s] -- Override CMake install command with custom implementation using symlinks instead of copying resources
[1.353s] -- Configuring done
[1.358s] -- Generating done
[1.360s] -- Build files have been written to: /home/imml/git/ROB_534_Project/build/ur_bringup
[1.371s] Invoked command in '/home/imml/git/ROB_534_Project/build/ur_bringup' returned '0': AMENT_PREFIX_PATH=/home/imml/git/ROB_534_Project/install/ur_controllers:/home/imml/git/ROB_534_Project/install/ur_description:/home/imml/git/ROB_534_Project/install/ur_dashboard_msgs:${AMENT_PREFIX_PATH} CMAKE_PREFIX_PATH=/home/imml/git/ROB_534_Project/install/ur_controllers:/home/imml/git/ROB_534_Project/install/ur_description:/home/imml/git/ROB_534_Project/install/ur_dashboard_msgs:/opt/ros/humble LD_LIBRARY_PATH=/home/imml/git/ROB_534_Project/install/ur_controllers/lib:/home/imml/git/ROB_534_Project/install/ur_dashboard_msgs/lib:${LD_LIBRARY_PATH} PYTHONPATH=/home/imml/git/ROB_534_Project/install/ur_dashboard_msgs/local/lib/python3.10/dist-packages:${PYTHONPATH} /usr/bin/cmake /home/imml/git/ROB_534_Project/harvest_hardware/Universal_Robots_ROS2_Driver/ur_bringup -DAMENT_CMAKE_SYMLINK_INSTALL=1 -DCMAKE_INSTALL_PREFIX=/home/imml/git/ROB_534_Project/install/ur_bringup
[1.374s] Invoking command in '/home/imml/git/ROB_534_Project/build/ur_bringup': AMENT_PREFIX_PATH=/home/imml/git/ROB_534_Project/install/ur_controllers:/home/imml/git/ROB_534_Project/install/ur_description:/home/imml/git/ROB_534_Project/install/ur_dashboard_msgs:${AMENT_PREFIX_PATH} CMAKE_PREFIX_PATH=/home/imml/git/ROB_534_Project/install/ur_controllers:/home/imml/git/ROB_534_Project/install/ur_description:/home/imml/git/ROB_534_Project/install/ur_dashboard_msgs:/opt/ros/humble LD_LIBRARY_PATH=/home/imml/git/ROB_534_Project/install/ur_controllers/lib:/home/imml/git/ROB_534_Project/install/ur_dashboard_msgs/lib:${LD_LIBRARY_PATH} PYTHONPATH=/home/imml/git/ROB_534_Project/install/ur_dashboard_msgs/local/lib/python3.10/dist-packages:${PYTHONPATH} /usr/bin/cmake --build /home/imml/git/ROB_534_Project/build/ur_bringup -- -j16 -l16
[1.454s] Invoked command in '/home/imml/git/ROB_534_Project/build/ur_bringup' returned '0': AMENT_PREFIX_PATH=/home/imml/git/ROB_534_Project/install/ur_controllers:/home/imml/git/ROB_534_Project/install/ur_description:/home/imml/git/ROB_534_Project/install/ur_dashboard_msgs:${AMENT_PREFIX_PATH} CMAKE_PREFIX_PATH=/home/imml/git/ROB_534_Project/install/ur_controllers:/home/imml/git/ROB_534_Project/install/ur_description:/home/imml/git/ROB_534_Project/install/ur_dashboard_msgs:/opt/ros/humble LD_LIBRARY_PATH=/home/imml/git/ROB_534_Project/install/ur_controllers/lib:/home/imml/git/ROB_534_Project/install/ur_dashboard_msgs/lib:${LD_LIBRARY_PATH} PYTHONPATH=/home/imml/git/ROB_534_Project/install/ur_dashboard_msgs/local/lib/python3.10/dist-packages:${PYTHONPATH} /usr/bin/cmake --build /home/imml/git/ROB_534_Project/build/ur_bringup -- -j16 -l16
[1.457s] Invoking command in '/home/imml/git/ROB_534_Project/build/ur_bringup': AMENT_PREFIX_PATH=/home/imml/git/ROB_534_Project/install/ur_controllers:/home/imml/git/ROB_534_Project/install/ur_description:/home/imml/git/ROB_534_Project/install/ur_dashboard_msgs:${AMENT_PREFIX_PATH} CMAKE_PREFIX_PATH=/home/imml/git/ROB_534_Project/install/ur_controllers:/home/imml/git/ROB_534_Project/install/ur_description:/home/imml/git/ROB_534_Project/install/ur_dashboard_msgs:/opt/ros/humble LD_LIBRARY_PATH=/home/imml/git/ROB_534_Project/install/ur_controllers/lib:/home/imml/git/ROB_534_Project/install/ur_dashboard_msgs/lib:${LD_LIBRARY_PATH} PYTHONPATH=/home/imml/git/ROB_534_Project/install/ur_dashboard_msgs/local/lib/python3.10/dist-packages:${PYTHONPATH} /usr/bin/cmake --install /home/imml/git/ROB_534_Project/build/ur_bringup
[1.469s] -- Install configuration: ""
[1.470s] -- Execute custom install script
[1.471s] -- Symlinking: /home/imml/git/ROB_534_Project/install/ur_bringup/share/ur_bringup/config/test_goal_publishers_config.yaml
[1.484s] -- Symlinking: /home/imml/git/ROB_534_Project/install/ur_bringup/share/ur_bringup/config/test_velocity_goal_publishers_config.yaml
[1.503s] -- Symlinking: /home/imml/git/ROB_534_Project/install/ur_bringup/share/ur_bringup/config/ur10_update_rate.yaml
[1.521s] -- Symlinking: /home/imml/git/ROB_534_Project/install/ur_bringup/share/ur_bringup/config/ur10e_update_rate.yaml
[1.541s] -- Symlinking: /home/imml/git/ROB_534_Project/install/ur_bringup/share/ur_bringup/config/ur16e_update_rate.yaml
[1.559s] -- Symlinking: /home/imml/git/ROB_534_Project/install/ur_bringup/share/ur_bringup/config/ur3_update_rate.yaml
[1.579s] -- Symlinking: /home/imml/git/ROB_534_Project/install/ur_bringup/share/ur_bringup/config/ur3e_update_rate.yaml
[1.601s] -- Symlinking: /home/imml/git/ROB_534_Project/install/ur_bringup/share/ur_bringup/config/ur5_update_rate.yaml
[1.621s] -- Symlinking: /home/imml/git/ROB_534_Project/install/ur_bringup/share/ur_bringup/config/ur5e_update_rate.yaml
[1.639s] -- Symlinking: /home/imml/git/ROB_534_Project/install/ur_bringup/share/ur_bringup/config/ur_controllers.yaml
[1.661s] -- Symlinking: /home/imml/git/ROB_534_Project/install/ur_bringup/share/ur_bringup/launch/test_forward_velocity_controller.launch.py
[1.679s] -- Symlinking: /home/imml/git/ROB_534_Project/install/ur_bringup/share/ur_bringup/launch/test_joint_trajectory_controller.launch.py
[1.700s] -- Symlinking: /home/imml/git/ROB_534_Project/install/ur_bringup/share/ur_bringup/launch/test_scaled_joint_trajectory_controller.launch.py
[1.716s] -- Symlinking: /home/imml/git/ROB_534_Project/install/ur_bringup/share/ur_bringup/launch/ur10.launch.py
[1.732s] -- Symlinking: /home/imml/git/ROB_534_Project/install/ur_bringup/share/ur_bringup/launch/ur10e.launch.py
[1.747s] -- Symlinking: /home/imml/git/ROB_534_Project/install/ur_bringup/share/ur_bringup/launch/ur16e.launch.py
[1.762s] -- Symlinking: /home/imml/git/ROB_534_Project/install/ur_bringup/share/ur_bringup/launch/ur3.launch.py
[1.779s] -- Symlinking: /home/imml/git/ROB_534_Project/install/ur_bringup/share/ur_bringup/launch/ur3e.launch.py
[1.796s] -- Symlinking: /home/imml/git/ROB_534_Project/install/ur_bringup/share/ur_bringup/launch/ur5.launch.py
[1.814s] -- Symlinking: /home/imml/git/ROB_534_Project/install/ur_bringup/share/ur_bringup/launch/ur5e.launch.py
[1.833s] -- Symlinking: /home/imml/git/ROB_534_Project/install/ur_bringup/share/ur_bringup/launch/ur_control.launch.py
[1.851s] -- Symlinking: /home/imml/git/ROB_534_Project/install/ur_bringup/share/ur_bringup/launch/ur_dashboard_client.launch.py
[1.869s] -- Symlinking: /home/imml/git/ROB_534_Project/install/ur_bringup/lib/ur_bringup/start_ursim.sh
[1.887s] -- Symlinking: /home/imml/git/ROB_534_Project/install/ur_bringup/share/ament_index/resource_index/package_run_dependencies/ur_bringup
[1.907s] -- Symlinking: /home/imml/git/ROB_534_Project/install/ur_bringup/share/ament_index/resource_index/parent_prefix_path/ur_bringup
[1.925s] -- Symlinking: /home/imml/git/ROB_534_Project/install/ur_bringup/share/ur_bringup/environment/ament_prefix_path.sh
[1.945s] -- Symlinking: /home/imml/git/ROB_534_Project/install/ur_bringup/share/ur_bringup/environment/ament_prefix_path.dsv
[1.962s] -- Symlinking: /home/imml/git/ROB_534_Project/install/ur_bringup/share/ur_bringup/environment/path.sh
[1.982s] -- Symlinking: /home/imml/git/ROB_534_Project/install/ur_bringup/share/ur_bringup/environment/path.dsv
[2.002s] -- Symlinking: /home/imml/git/ROB_534_Project/install/ur_bringup/share/ur_bringup/local_setup.bash
[2.020s] -- Symlinking: /home/imml/git/ROB_534_Project/install/ur_bringup/share/ur_bringup/local_setup.sh
[2.038s] -- Symlinking: /home/imml/git/ROB_534_Project/install/ur_bringup/share/ur_bringup/local_setup.zsh
[2.055s] -- Symlinking: /home/imml/git/ROB_534_Project/install/ur_bringup/share/ur_bringup/local_setup.dsv
[2.073s] -- Symlinking: /home/imml/git/ROB_534_Project/install/ur_bringup/share/ur_bringup/package.dsv
[2.089s] -- Symlinking: /home/imml/git/ROB_534_Project/install/ur_bringup/share/ament_index/resource_index/packages/ur_bringup
[2.108s] -- Symlinking: /home/imml/git/ROB_534_Project/install/ur_bringup/share/ur_bringup/cmake/ur_bringupConfig.cmake
[2.132s] -- Symlinking: /home/imml/git/ROB_534_Project/install/ur_bringup/share/ur_bringup/cmake/ur_bringupConfig-version.cmake
[2.150s] -- Symlinking: /home/imml/git/ROB_534_Project/install/ur_bringup/share/ur_bringup/package.xml
[2.172s] Invoked command in '/home/imml/git/ROB_534_Project/build/ur_bringup' returned '0': AMENT_PREFIX_PATH=/home/imml/git/ROB_534_Project/install/ur_controllers:/home/imml/git/ROB_534_Project/install/ur_description:/home/imml/git/ROB_534_Project/install/ur_dashboard_msgs:${AMENT_PREFIX_PATH} CMAKE_PREFIX_PATH=/home/imml/git/ROB_534_Project/install/ur_controllers:/home/imml/git/ROB_534_Project/install/ur_description:/home/imml/git/ROB_534_Project/install/ur_dashboard_msgs:/opt/ros/humble LD_LIBRARY_PATH=/home/imml/git/ROB_534_Project/install/ur_controllers/lib:/home/imml/git/ROB_534_Project/install/ur_dashboard_msgs/lib:${LD_LIBRARY_PATH} PYTHONPATH=/home/imml/git/ROB_534_Project/install/ur_dashboard_msgs/local/lib/python3.10/dist-packages:${PYTHONPATH} /usr/bin/cmake --install /home/imml/git/ROB_534_Project/build/ur_bringup
