[0.007s] Invoking command in '/home/imml/git/ROB_534_Project/build/realsense2_camera': AMENT_PREFIX_PATH=/home/imml/git/ROB_534_Project/install/realsense2_camera_msgs:${AMENT_PREFIX_PATH} CMAKE_PREFIX_PATH=/home/imml/git/ROB_534_Project/install/realsense2_camera_msgs:/opt/ros/humble LD_LIBRARY_PATH=/home/imml/git/ROB_534_Project/install/realsense2_camera_msgs/lib:${LD_LIBRARY_PATH} PYTHONPATH=/home/imml/git/ROB_534_Project/install/realsense2_camera_msgs/local/lib/python3.10/dist-packages:${PYTHONPATH} /usr/bin/cmake /home/imml/git/ROB_534_Project/harvest_hardware/realsense-ros/realsense2_camera -DAMENT_CMAKE_SYMLINK_INSTALL=1 -DCMAKE_INSTALL_PREFIX=/home/imml/git/ROB_534_Project/install/realsense2_camera
[0.055s] -- The C compiler identification is GNU 11.4.0
[0.104s] -- The CXX compiler identification is GNU 11.4.0
[0.110s] -- Detecting C compiler ABI info
[0.170s] -- Detecting C compiler ABI info - done
[0.176s] -- Check for working C compiler: /usr/bin/cc - skipped
[0.176s] -- Detecting C compile features
[0.177s] -- Detecting C compile features - done
[0.179s] -- Detecting CXX compiler ABI info
[0.249s] -- Detecting CXX compiler ABI info - done
[0.255s] -- Check for working CXX compiler: /usr/bin/c++ - skipped
[0.255s] -- Detecting CXX compile features
[0.256s] -- Detecting CXX compile features - done
[0.256s] -- Create Release Build.
[0.258s] -- Found ament_cmake: 1.3.11 (/opt/ros/humble/share/ament_cmake/cmake)
[0.382s] -- Found Python3: /usr/bin/python3 (found version "3.10.12") found components: Interpreter 
[0.433s] -- Override CMake install command with custom implementation using symlinks instead of copying resources
[0.461s] -- Found builtin_interfaces: 1.2.1 (/opt/ros/humble/share/builtin_interfaces/cmake)
[0.490s] -- Found rosidl_generator_c: 3.1.6 (/opt/ros/humble/share/rosidl_generator_c/cmake)
[0.495s] -- Found rosidl_adapter: 3.1.6 (/opt/ros/humble/share/rosidl_adapter/cmake)
[0.503s] -- Found rosidl_generator_cpp: 3.1.6 (/opt/ros/humble/share/rosidl_generator_cpp/cmake)
[0.513s] -- Using all available rosidl_typesupport_c: rosidl_typesupport_fastrtps_c;rosidl_typesupport_introspection_c
[0.527s] -- Using all available rosidl_typesupport_cpp: rosidl_typesupport_fastrtps_cpp;rosidl_typesupport_introspection_cpp
[0.540s] -- Found cv_bridge: 3.2.1 (/opt/ros/humble/share/cv_bridge/cmake)
[0.588s] -- Found image_transport: 3.1.10 (/opt/ros/humble/share/image_transport/cmake)
[0.627s] -- Found rmw_implementation_cmake: 6.1.2 (/opt/ros/humble/share/rmw_implementation_cmake/cmake)
[0.629s] -- Found rmw_fastrtps_cpp: 6.2.7 (/opt/ros/humble/share/rmw_fastrtps_cpp/cmake)
[0.705s] -- Found OpenSSL: /usr/lib/x86_64-linux-gnu/libcrypto.so (found version "3.0.2")  
[0.728s] -- Found FastRTPS: /opt/ros/humble/include  
[0.765s] -- Using RMW implementation 'rmw_fastrtps_cpp' as default
[0.773s] -- Looking for pthread.h
[0.832s] -- Looking for pthread.h - found
[0.833s] -- Performing Test CMAKE_HAVE_LIBC_PTHREAD
[0.893s] -- Performing Test CMAKE_HAVE_LIBC_PTHREAD - Success
[0.894s] -- Found Threads: TRUE  
[0.950s] -- Found rclcpp_components: 16.0.11 (/opt/ros/humble/share/rclcpp_components/cmake)
[0.963s] -- Found realsense2_camera_msgs: 4.55.1 (/home/imml/git/ROB_534_Project/install/realsense2_camera_msgs/share/realsense2_camera_msgs/cmake)
[0.978s] -- Found nav_msgs: 4.2.4 (/opt/ros/humble/share/nav_msgs/cmake)
[0.992s] -- Found tf2_ros: 0.25.12 (/opt/ros/humble/share/tf2_ros/cmake)
[1.045s] -- Found diagnostic_updater: 4.0.2 (/opt/ros/humble/share/diagnostic_updater/cmake)
[1.061s] -- Found OpenCV: /usr (found version "4.5.4") found components: core 
[1.062s] -- Build for ROS2 Humble
[1.067s] -- Found ament_cmake_gtest: 1.3.11 (/opt/ros/humble/share/ament_cmake_gtest/cmake)
[1.069s] -- Found gtest sources under '/opt/ros/humble/src/gtest_vendor': C++ tests using 'Google Test' will be built
[1.074s] -- Found ament_cmake_pytest: 1.3.11 (/opt/ros/humble/share/ament_cmake_pytest/cmake)
[10.882s] -- rs_device_info:
[10.882s] -- No device detected. Is it plugged in?
[10.882s] 
[11.015s] -- Configuring done
[11.063s] -- Generating done
[11.076s] -- Build files have been written to: /home/imml/git/ROB_534_Project/build/realsense2_camera
[11.112s] Invoked command in '/home/imml/git/ROB_534_Project/build/realsense2_camera' returned '0': AMENT_PREFIX_PATH=/home/imml/git/ROB_534_Project/install/realsense2_camera_msgs:${AMENT_PREFIX_PATH} CMAKE_PREFIX_PATH=/home/imml/git/ROB_534_Project/install/realsense2_camera_msgs:/opt/ros/humble LD_LIBRARY_PATH=/home/imml/git/ROB_534_Project/install/realsense2_camera_msgs/lib:${LD_LIBRARY_PATH} PYTHONPATH=/home/imml/git/ROB_534_Project/install/realsense2_camera_msgs/local/lib/python3.10/dist-packages:${PYTHONPATH} /usr/bin/cmake /home/imml/git/ROB_534_Project/harvest_hardware/realsense-ros/realsense2_camera -DAMENT_CMAKE_SYMLINK_INSTALL=1 -DCMAKE_INSTALL_PREFIX=/home/imml/git/ROB_534_Project/install/realsense2_camera
[11.115s] Invoking command in '/home/imml/git/ROB_534_Project/build/realsense2_camera': AMENT_PREFIX_PATH=/home/imml/git/ROB_534_Project/install/realsense2_camera_msgs:${AMENT_PREFIX_PATH} CMAKE_PREFIX_PATH=/home/imml/git/ROB_534_Project/install/realsense2_camera_msgs:/opt/ros/humble LD_LIBRARY_PATH=/home/imml/git/ROB_534_Project/install/realsense2_camera_msgs/lib:${LD_LIBRARY_PATH} PYTHONPATH=/home/imml/git/ROB_534_Project/install/realsense2_camera_msgs/local/lib/python3.10/dist-packages:${PYTHONPATH} /usr/bin/cmake --build /home/imml/git/ROB_534_Project/build/realsense2_camera -- -j16 -l16
[11.206s] [  4%] [32mBuilding CXX object gtest/CMakeFiles/gtest.dir/src/gtest-all.cc.o[0m
[11.209s] [  9%] [32mBuilding CXX object gtest/CMakeFiles/gtest_main.dir/src/gtest_main.cc.o[0m
[11.209s] [ 13%] [32mBuilding CXX object CMakeFiles/realsense2_camera_node.dir/rclcpp_components/node_main_realsense2_camera_node.cpp.o[0m
[11.210s] [ 18%] [32mBuilding CXX object CMakeFiles/realsense2_camera.dir/src/sensor_params.cpp.o[0m
[11.210s] [ 22%] [32mBuilding CXX object CMakeFiles/realsense2_camera.dir/src/rs_node_setup.cpp.o[0m
[11.211s] [ 27%] [32mBuilding CXX object CMakeFiles/realsense2_camera.dir/src/realsense_node_factory.cpp.o[0m
[11.216s] [ 31%] [32mBuilding CXX object CMakeFiles/realsense2_camera.dir/src/ros_utils.cpp.o[0m
[11.220s] [ 36%] [32mBuilding CXX object CMakeFiles/realsense2_camera.dir/src/parameters.cpp.o[0m
[11.221s] [ 59%] [32mBuilding CXX object CMakeFiles/realsense2_camera.dir/src/dynamic_params.cpp.o[0m
[11.223s] [ 40%] [32mBuilding CXX object CMakeFiles/realsense2_camera.dir/src/ros_param_backend.cpp.o[0m
[11.223s] [ 45%] [32mBuilding CXX object CMakeFiles/realsense2_camera.dir/src/named_filter.cpp.o[0m
[11.224s] [ 63%] [32mBuilding CXX object CMakeFiles/realsense2_camera.dir/src/base_realsense_node.cpp.o[0m
[11.224s] [ 68%] [32mBuilding CXX object CMakeFiles/realsense2_camera.dir/src/image_publisher.cpp.o[0m
[11.226s] [ 50%] [32mBuilding CXX object CMakeFiles/realsense2_camera.dir/src/profile_manager.cpp.o[0m
[11.229s] [ 54%] [32mBuilding CXX object CMakeFiles/realsense2_camera.dir/src/ros_sensor.cpp.o[0m
[11.239s] [ 72%] [32mBuilding CXX object CMakeFiles/realsense2_camera.dir/src/tfs.cpp.o[0m
[13.285s] [ 77%] [32m[1mLinking CXX static library libgtest_main.a[0m
[13.515s] [ 77%] Built target gtest_main
[21.270s] [ 81%] [32m[1mLinking CXX executable realsense2_camera_node[0m
[21.804s] [ 81%] Built target realsense2_camera_node
[26.466s] [ 86%] [32m[1mLinking CXX static library libgtest.a[0m
[26.546s] [ 86%] Built target gtest
[26.588s] [ 90%] [32mBuilding CXX object CMakeFiles/gtest_template.dir/test/gtest_template.cpp.o[0m
[27.998s] [ 95%] [32m[1mLinking CXX executable gtest_template[0m
[28.229s] [ 95%] Built target gtest_template
[38.300s] [100%] [32m[1mLinking CXX shared library librealsense2_camera.so[0m
[39.183s] [100%] Built target realsense2_camera
[39.202s] Invoked command in '/home/imml/git/ROB_534_Project/build/realsense2_camera' returned '0': AMENT_PREFIX_PATH=/home/imml/git/ROB_534_Project/install/realsense2_camera_msgs:${AMENT_PREFIX_PATH} CMAKE_PREFIX_PATH=/home/imml/git/ROB_534_Project/install/realsense2_camera_msgs:/opt/ros/humble LD_LIBRARY_PATH=/home/imml/git/ROB_534_Project/install/realsense2_camera_msgs/lib:${LD_LIBRARY_PATH} PYTHONPATH=/home/imml/git/ROB_534_Project/install/realsense2_camera_msgs/local/lib/python3.10/dist-packages:${PYTHONPATH} /usr/bin/cmake --build /home/imml/git/ROB_534_Project/build/realsense2_camera -- -j16 -l16
[39.205s] Invoking command in '/home/imml/git/ROB_534_Project/build/realsense2_camera': AMENT_PREFIX_PATH=/home/imml/git/ROB_534_Project/install/realsense2_camera_msgs:${AMENT_PREFIX_PATH} CMAKE_PREFIX_PATH=/home/imml/git/ROB_534_Project/install/realsense2_camera_msgs:/opt/ros/humble LD_LIBRARY_PATH=/home/imml/git/ROB_534_Project/install/realsense2_camera_msgs/lib:${LD_LIBRARY_PATH} PYTHONPATH=/home/imml/git/ROB_534_Project/install/realsense2_camera_msgs/local/lib/python3.10/dist-packages:${PYTHONPATH} /usr/bin/cmake --install /home/imml/git/ROB_534_Project/build/realsense2_camera
[39.217s] -- Install configuration: "Release"
[39.217s] -- Execute custom install script
[39.218s] -- Symlinking: /home/imml/git/ROB_534_Project/install/realsense2_camera/lib/realsense2_camera/realsense2_camera_node
[39.235s] -- Symlinking: /home/imml/git/ROB_534_Project/install/realsense2_camera/lib/librealsense2_camera.so
[39.250s] -- Symlinking: /home/imml/git/ROB_534_Project/install/realsense2_camera/include/base_realsense_node.h
[39.264s] -- Symlinking: /home/imml/git/ROB_534_Project/install/realsense2_camera/include/constants.h
[39.278s] -- Symlinking: /home/imml/git/ROB_534_Project/install/realsense2_camera/include/dynamic_params.h
[39.295s] -- Symlinking: /home/imml/git/ROB_534_Project/install/realsense2_camera/include/gl_window.h
[39.312s] -- Symlinking: /home/imml/git/ROB_534_Project/install/realsense2_camera/include/image_publisher.h
[39.331s] -- Symlinking: /home/imml/git/ROB_534_Project/install/realsense2_camera/include/named_filter.h
[39.351s] -- Symlinking: /home/imml/git/ROB_534_Project/install/realsense2_camera/include/profile_manager.h
[39.367s] -- Symlinking: /home/imml/git/ROB_534_Project/install/realsense2_camera/include/realsense_node_factory.h
[39.382s] -- Symlinking: /home/imml/git/ROB_534_Project/install/realsense2_camera/include/ros_param_backend.h
[39.398s] -- Symlinking: /home/imml/git/ROB_534_Project/install/realsense2_camera/include/ros_sensor.h
[39.414s] -- Symlinking: /home/imml/git/ROB_534_Project/install/realsense2_camera/include/ros_utils.h
[39.430s] -- Symlinking: /home/imml/git/ROB_534_Project/install/realsense2_camera/include/sensor_params.h
[39.447s] -- Symlinking: /home/imml/git/ROB_534_Project/install/realsense2_camera/share/realsense2_camera/launch/default.rviz
[39.464s] -- Symlinking: /home/imml/git/ROB_534_Project/install/realsense2_camera/share/realsense2_camera/launch/rs_intra_process_demo_launch.py
[39.480s] -- Symlinking: /home/imml/git/ROB_534_Project/install/realsense2_camera/share/realsense2_camera/launch/rs_launch.py
[39.498s] -- Symlinking: /home/imml/git/ROB_534_Project/install/realsense2_camera/share/realsense2_camera/launch/rs_multi_camera_launch.py
[39.523s] -- Symlinking: /home/imml/git/ROB_534_Project/install/realsense2_camera/share/realsense2_camera/examples/align_depth/README.md
[39.543s] -- Symlinking: /home/imml/git/ROB_534_Project/install/realsense2_camera/share/realsense2_camera/examples/align_depth/rs_align_depth_launch.py
[39.564s] -- Symlinking: /home/imml/git/ROB_534_Project/install/realsense2_camera/share/realsense2_camera/examples/dual_camera/README.md
[39.582s] -- Symlinking: /home/imml/git/ROB_534_Project/install/realsense2_camera/share/realsense2_camera/examples/dual_camera/rs_dual_camera_launch.py
[39.600s] -- Symlinking: /home/imml/git/ROB_534_Project/install/realsense2_camera/share/realsense2_camera/examples/dual_camera/rviz/dual_camera_pointcloud.rviz
[39.621s] -- Symlinking: /home/imml/git/ROB_534_Project/install/realsense2_camera/share/realsense2_camera/examples/launch_from_rosbag/README.md
[39.646s] -- Symlinking: /home/imml/git/ROB_534_Project/install/realsense2_camera/share/realsense2_camera/examples/launch_from_rosbag/rs_launch_from_rosbag.py
[39.666s] -- Symlinking: /home/imml/git/ROB_534_Project/install/realsense2_camera/share/realsense2_camera/examples/launch_params_from_file/README.md
[39.684s] -- Symlinking: /home/imml/git/ROB_534_Project/install/realsense2_camera/share/realsense2_camera/examples/launch_params_from_file/config/config.yaml
[39.702s] -- Symlinking: /home/imml/git/ROB_534_Project/install/realsense2_camera/share/realsense2_camera/examples/launch_params_from_file/rs_launch_get_params_from_yaml.py
[39.723s] -- Symlinking: /home/imml/git/ROB_534_Project/install/realsense2_camera/share/realsense2_camera/examples/pointcloud/README.md
[39.746s] -- Symlinking: /home/imml/git/ROB_534_Project/install/realsense2_camera/share/realsense2_camera/examples/pointcloud/rs_d405_pointcloud_launch.py
[39.766s] -- Symlinking: /home/imml/git/ROB_534_Project/install/realsense2_camera/share/realsense2_camera/examples/pointcloud/rs_d455_pointcloud_launch.py
[39.787s] -- Symlinking: /home/imml/git/ROB_534_Project/install/realsense2_camera/share/realsense2_camera/examples/pointcloud/rs_pointcloud_launch.py
[39.808s] -- Symlinking: /home/imml/git/ROB_534_Project/install/realsense2_camera/share/realsense2_camera/examples/pointcloud/rviz/pointcloud.rviz
[39.828s] -- Symlinking: /home/imml/git/ROB_534_Project/install/realsense2_camera/share/realsense2_camera/examples/pointcloud/rviz/urdf_pointcloud.rviz
[39.848s] -- Symlinking: /home/imml/git/ROB_534_Project/install/realsense2_camera/share/realsense2_camera/environment/library_path.sh
[39.866s] -- Symlinking: /home/imml/git/ROB_534_Project/install/realsense2_camera/share/realsense2_camera/environment/library_path.dsv
[39.886s] -- Symlinking: /home/imml/git/ROB_534_Project/install/realsense2_camera/share/ament_index/resource_index/package_run_dependencies/realsense2_camera
[39.904s] -- Symlinking: /home/imml/git/ROB_534_Project/install/realsense2_camera/share/ament_index/resource_index/parent_prefix_path/realsense2_camera
[39.918s] -- Symlinking: /home/imml/git/ROB_534_Project/install/realsense2_camera/share/realsense2_camera/environment/ament_prefix_path.sh
[39.932s] -- Symlinking: /home/imml/git/ROB_534_Project/install/realsense2_camera/share/realsense2_camera/environment/ament_prefix_path.dsv
[39.947s] -- Symlinking: /home/imml/git/ROB_534_Project/install/realsense2_camera/share/realsense2_camera/environment/path.sh
[39.961s] -- Symlinking: /home/imml/git/ROB_534_Project/install/realsense2_camera/share/realsense2_camera/environment/path.dsv
[39.975s] -- Symlinking: /home/imml/git/ROB_534_Project/install/realsense2_camera/share/realsense2_camera/local_setup.bash
[39.989s] -- Symlinking: /home/imml/git/ROB_534_Project/install/realsense2_camera/share/realsense2_camera/local_setup.sh
[40.002s] -- Symlinking: /home/imml/git/ROB_534_Project/install/realsense2_camera/share/realsense2_camera/local_setup.zsh
[40.016s] -- Symlinking: /home/imml/git/ROB_534_Project/install/realsense2_camera/share/realsense2_camera/local_setup.dsv
[40.030s] -- Symlinking: /home/imml/git/ROB_534_Project/install/realsense2_camera/share/realsense2_camera/package.dsv
[40.042s] -- Symlinking: /home/imml/git/ROB_534_Project/install/realsense2_camera/share/ament_index/resource_index/packages/realsense2_camera
[40.056s] -- Symlinking: /home/imml/git/ROB_534_Project/install/realsense2_camera/share/ament_index/resource_index/rclcpp_components/realsense2_camera
[40.069s] -- Symlinking: /home/imml/git/ROB_534_Project/install/realsense2_camera/share/realsense2_camera/cmake/ament_cmake_export_include_directories-extras.cmake
[40.083s] -- Symlinking: /home/imml/git/ROB_534_Project/install/realsense2_camera/share/realsense2_camera/cmake/ament_cmake_export_libraries-extras.cmake
[40.096s] -- Symlinking: /home/imml/git/ROB_534_Project/install/realsense2_camera/share/realsense2_camera/cmake/ament_cmake_export_dependencies-extras.cmake
[40.111s] -- Symlinking: /home/imml/git/ROB_534_Project/install/realsense2_camera/share/realsense2_camera/cmake/realsense2_cameraConfig.cmake
[40.128s] -- Symlinking: /home/imml/git/ROB_534_Project/install/realsense2_camera/share/realsense2_camera/cmake/realsense2_cameraConfig-version.cmake
[40.144s] -- Symlinking: /home/imml/git/ROB_534_Project/install/realsense2_camera/share/realsense2_camera/package.xml
[40.167s] Invoked command in '/home/imml/git/ROB_534_Project/build/realsense2_camera' returned '0': AMENT_PREFIX_PATH=/home/imml/git/ROB_534_Project/install/realsense2_camera_msgs:${AMENT_PREFIX_PATH} CMAKE_PREFIX_PATH=/home/imml/git/ROB_534_Project/install/realsense2_camera_msgs:/opt/ros/humble LD_LIBRARY_PATH=/home/imml/git/ROB_534_Project/install/realsense2_camera_msgs/lib:${LD_LIBRARY_PATH} PYTHONPATH=/home/imml/git/ROB_534_Project/install/realsense2_camera_msgs/local/lib/python3.10/dist-packages:${PYTHONPATH} /usr/bin/cmake --install /home/imml/git/ROB_534_Project/build/realsense2_camera
