[0.011s] Invoking command in '/home/imml/git/ROB_534_Project/build/harvest': AMENT_PREFIX_PATH=/home/imml/git/ROB_534_Project/install/harvest_interfaces:${AMENT_PREFIX_PATH} CMAKE_PREFIX_PATH=/home/imml/git/ROB_534_Project/install/harvest_interfaces:/opt/ros/humble LD_LIBRARY_PATH=/home/imml/git/ROB_534_Project/install/harvest_interfaces/lib:${LD_LIBRARY_PATH} PYTHONPATH=/home/imml/git/ROB_534_Project/install/harvest_interfaces/local/lib/python3.10/dist-packages:${PYTHONPATH} /usr/bin/cmake /home/imml/git/ROB_534_Project/harvest -DAMENT_CMAKE_SYMLINK_INSTALL=1 -DCMAKE_INSTALL_PREFIX=/home/imml/git/ROB_534_Project/install/harvest
[0.057s] -- The C compiler identification is GNU 11.4.0
[0.103s] -- The CXX compiler identification is GNU 11.4.0
[0.109s] -- Detecting C compiler ABI info
[0.169s] -- Detecting C compiler ABI info - done
[0.175s] -- Check for working C compiler: /usr/bin/cc - skipped
[0.175s] -- Detecting C compile features
[0.176s] -- Detecting C compile features - done
[0.178s] -- Detecting CXX compiler ABI info
[0.248s] -- Detecting CXX compiler ABI info - done
[0.254s] -- Check for working CXX compiler: /usr/bin/c++ - skipped
[0.254s] -- Detecting CXX compile features
[0.254s] -- Detecting CXX compile features - done
[0.256s] -- Found ament_cmake: 1.3.11 (/opt/ros/humble/share/ament_cmake/cmake)
[0.393s] -- Found Python3: /usr/bin/python3 (found version "3.10.12") found components: Interpreter 
[0.452s] -- Override CMake install command with custom implementation using symlinks instead of copying resources
[0.481s] -- Found rclpy: 3.3.15 (/opt/ros/humble/share/rclpy/cmake)
[0.482s] -- Found moveit_servo: 2.5.8 (/opt/ros/humble/share/moveit_servo/cmake)
[0.521s] -- Found rosidl_generator_c: 3.1.6 (/opt/ros/humble/share/rosidl_generator_c/cmake)
[0.526s] -- Found rosidl_adapter: 3.1.6 (/opt/ros/humble/share/rosidl_adapter/cmake)
[0.534s] -- Found rosidl_generator_cpp: 3.1.6 (/opt/ros/humble/share/rosidl_generator_cpp/cmake)
[0.545s] -- Using all available rosidl_typesupport_c: rosidl_typesupport_fastrtps_c;rosidl_typesupport_introspection_c
[0.559s] -- Using all available rosidl_typesupport_cpp: rosidl_typesupport_fastrtps_cpp;rosidl_typesupport_introspection_cpp
[0.713s] -- Found rmw_implementation_cmake: 6.1.2 (/opt/ros/humble/share/rmw_implementation_cmake/cmake)
[0.715s] -- Found rmw_fastrtps_cpp: 6.2.7 (/opt/ros/humble/share/rmw_fastrtps_cpp/cmake)
[0.800s] -- Found OpenSSL: /usr/lib/x86_64-linux-gnu/libcrypto.so (found version "3.0.2")  
[0.827s] -- Found FastRTPS: /opt/ros/humble/include  
[0.867s] -- Using RMW implementation 'rmw_fastrtps_cpp' as default
[0.877s] -- Looking for pthread.h
[0.946s] -- Looking for pthread.h - found
[0.946s] -- Performing Test CMAKE_HAVE_LIBC_PTHREAD
[1.018s] -- Performing Test CMAKE_HAVE_LIBC_PTHREAD - Success
[1.019s] -- Found Threads: TRUE  
[1.181s] -- Found Boost: /usr/lib/x86_64-linux-gnu/cmake/Boost-1.74.0/BoostConfig.cmake (found version "1.74.0") found components: chrono date_time filesystem iostreams program_options regex serialization system thread 
[1.220s] -- Found Boost: /usr/lib/x86_64-linux-gnu/cmake/Boost-1.74.0/BoostConfig.cmake (found version "1.74.0") found components: filesystem 
[1.314s] -- library: /usr/lib/x86_64-linux-gnu/libcurl.so
[1.355s] -- Found Eigen3: TRUE (found version "3.4.0") 
[1.355s] -- Ensuring Eigen3 include directory is part of orocos-kdl CMake target
[1.514s] -- Found Boost: /usr/lib/x86_64-linux-gnu/cmake/Boost-1.74.0/BoostConfig.cmake (found version "1.74.0") found components: system filesystem date_time program_options thread chrono 
[1.553s] -- Found moveit: 2.5.8 (/opt/ros/humble/share/moveit/cmake)
[1.554s] -- Found harvest_interfaces: 0.0.0 (/home/imml/git/ROB_534_Project/install/harvest_interfaces/share/harvest_interfaces/cmake)
[1.571s] -- Found moveit_ros_planning_interface: 2.5.8 (/opt/ros/humble/share/moveit_ros_planning_interface/cmake)
[1.575s] -- Found Boost: /usr/lib/x86_64-linux-gnu/cmake/Boost-1.74.0/BoostConfig.cmake (found version "1.74.0") found components: date_time filesystem program_options system thread 
[1.588s] -- Found Boost: /usr/lib/x86_64-linux-gnu/cmake/Boost-1.74.0/BoostConfig.cmake (found version "1.74.0") found components: thread system filesystem regex date_time program_options 
[1.607s] -- Found Boost: /usr/lib/x86_64-linux-gnu/cmake/Boost-1.74.0/BoostConfig.cmake (found version "1.74.0") found components: system filesystem date_time program_options thread 
[1.696s] -- Found ament_lint_auto: 0.12.11 (/opt/ros/humble/share/ament_lint_auto/cmake)
[1.769s] -- Added test 'flake8' to check Python code syntax and style conventions
[1.770s] -- Added test 'lint_cmake' to check CMake code style
[1.770s] -- Added test 'pep257' to check Python code against some of the docstring style conventions in PEP 257
[1.771s] -- Added test 'xmllint' to check XML markup files
[1.773s] -- Configuring done
[1.781s] -- Generating done
[1.784s] -- Build files have been written to: /home/imml/git/ROB_534_Project/build/harvest
[1.804s] Invoked command in '/home/imml/git/ROB_534_Project/build/harvest' returned '0': AMENT_PREFIX_PATH=/home/imml/git/ROB_534_Project/install/harvest_interfaces:${AMENT_PREFIX_PATH} CMAKE_PREFIX_PATH=/home/imml/git/ROB_534_Project/install/harvest_interfaces:/opt/ros/humble LD_LIBRARY_PATH=/home/imml/git/ROB_534_Project/install/harvest_interfaces/lib:${LD_LIBRARY_PATH} PYTHONPATH=/home/imml/git/ROB_534_Project/install/harvest_interfaces/local/lib/python3.10/dist-packages:${PYTHONPATH} /usr/bin/cmake /home/imml/git/ROB_534_Project/harvest -DAMENT_CMAKE_SYMLINK_INSTALL=1 -DCMAKE_INSTALL_PREFIX=/home/imml/git/ROB_534_Project/install/harvest
[1.806s] Invoking command in '/home/imml/git/ROB_534_Project/build/harvest': AMENT_PREFIX_PATH=/home/imml/git/ROB_534_Project/install/harvest_interfaces:${AMENT_PREFIX_PATH} CMAKE_PREFIX_PATH=/home/imml/git/ROB_534_Project/install/harvest_interfaces:/opt/ros/humble LD_LIBRARY_PATH=/home/imml/git/ROB_534_Project/install/harvest_interfaces/lib:${LD_LIBRARY_PATH} PYTHONPATH=/home/imml/git/ROB_534_Project/install/harvest_interfaces/local/lib/python3.10/dist-packages:${PYTHONPATH} /usr/bin/cmake --build /home/imml/git/ROB_534_Project/build/harvest -- -j16 -l16
[1.866s] Built target ament_cmake_python_symlink_harvest
[2.105s] running egg_info
[2.106s] creating harvest.egg-info
[2.106s] writing harvest.egg-info/PKG-INFO
[2.106s] writing dependency_links to harvest.egg-info/dependency_links.txt
[2.106s] writing top-level names to harvest.egg-info/top_level.txt
[2.107s] writing manifest file 'harvest.egg-info/SOURCES.txt'
[2.108s] reading manifest file 'harvest.egg-info/SOURCES.txt'
[2.109s] writing manifest file 'harvest.egg-info/SOURCES.txt'
[2.140s] Built target ament_cmake_python_build_harvest_egg
[2.153s] Invoked command in '/home/imml/git/ROB_534_Project/build/harvest' returned '0': AMENT_PREFIX_PATH=/home/imml/git/ROB_534_Project/install/harvest_interfaces:${AMENT_PREFIX_PATH} CMAKE_PREFIX_PATH=/home/imml/git/ROB_534_Project/install/harvest_interfaces:/opt/ros/humble LD_LIBRARY_PATH=/home/imml/git/ROB_534_Project/install/harvest_interfaces/lib:${LD_LIBRARY_PATH} PYTHONPATH=/home/imml/git/ROB_534_Project/install/harvest_interfaces/local/lib/python3.10/dist-packages:${PYTHONPATH} /usr/bin/cmake --build /home/imml/git/ROB_534_Project/build/harvest -- -j16 -l16
[2.154s] Invoking command in '/home/imml/git/ROB_534_Project/build/harvest': AMENT_PREFIX_PATH=/home/imml/git/ROB_534_Project/install/harvest_interfaces:${AMENT_PREFIX_PATH} CMAKE_PREFIX_PATH=/home/imml/git/ROB_534_Project/install/harvest_interfaces:/opt/ros/humble LD_LIBRARY_PATH=/home/imml/git/ROB_534_Project/install/harvest_interfaces/lib:${LD_LIBRARY_PATH} PYTHONPATH=/home/imml/git/ROB_534_Project/install/harvest_interfaces/local/lib/python3.10/dist-packages:${PYTHONPATH} /usr/bin/cmake --install /home/imml/git/ROB_534_Project/build/harvest
[2.162s] -- Install configuration: ""
[2.163s] -- Execute custom install script
[2.163s] -- Symlinking: /home/imml/git/ROB_534_Project/install/harvest/share/harvest/environment/pythonpath.sh
[2.174s] -- Symlinking: /home/imml/git/ROB_534_Project/install/harvest/share/harvest/environment/pythonpath.dsv
[2.184s] -- Symlinking: /home/imml/git/ROB_534_Project/install/harvest/local/lib/python3.10/dist-packages/harvest-0.0.0-py3.10.egg-info/PKG-INFO
[2.195s] -- Symlinking: /home/imml/git/ROB_534_Project/install/harvest/local/lib/python3.10/dist-packages/harvest-0.0.0-py3.10.egg-info/SOURCES.txt
[2.206s] -- Symlinking: /home/imml/git/ROB_534_Project/install/harvest/local/lib/python3.10/dist-packages/harvest-0.0.0-py3.10.egg-info/dependency_links.txt
[2.217s] -- Symlinking: /home/imml/git/ROB_534_Project/install/harvest/local/lib/python3.10/dist-packages/harvest-0.0.0-py3.10.egg-info/top_level.txt
[2.229s] -- Symlinking: /home/imml/git/ROB_534_Project/install/harvest/local/lib/python3.10/dist-packages/harvest/__init__.py
[2.240s] -- Symlinking: /home/imml/git/ROB_534_Project/install/harvest/lib/harvest/visual_servo_test.py
[2.251s] -- Symlinking: /home/imml/git/ROB_534_Project/install/harvest/lib/harvest/launch_param_test.py
[2.261s] -- Symlinking: /home/imml/git/ROB_534_Project/install/harvest/lib/harvest/start_harvest.py
[2.271s] -- Symlinking: /home/imml/git/ROB_534_Project/install/harvest/lib/harvest/start_harvest_no_vision.py
[2.282s] -- Symlinking: /home/imml/git/ROB_534_Project/install/harvest/lib/harvest/start_harvest_just_gripper.py
[2.293s] -- Symlinking: /home/imml/git/ROB_534_Project/install/harvest/lib/harvest/record.py
[2.302s] -- Symlinking: /home/imml/git/ROB_534_Project/install/harvest/lib/harvest/apple_prediction_test.py
[2.313s] -- Symlinking: /home/imml/git/ROB_534_Project/install/harvest/lib/harvest/orchard_templating.py
[2.324s] -- Symlinking: /home/imml/git/ROB_534_Project/install/harvest/lib/harvest/apple_reachability_rviz.py
[2.334s] -- Symlinking: /home/imml/git/ROB_534_Project/install/harvest/share/harvest//launch/launch_vision.launch.py
[2.345s] -- Symlinking: /home/imml/git/ROB_534_Project/install/harvest/share/harvest//launch/launch_vision_templating.launch.py
[2.355s] -- Symlinking: /home/imml/git/ROB_534_Project/install/harvest/share/ament_index/resource_index/package_run_dependencies/harvest
[2.365s] -- Symlinking: /home/imml/git/ROB_534_Project/install/harvest/share/ament_index/resource_index/parent_prefix_path/harvest
[2.375s] -- Symlinking: /home/imml/git/ROB_534_Project/install/harvest/share/harvest/environment/ament_prefix_path.sh
[2.385s] -- Symlinking: /home/imml/git/ROB_534_Project/install/harvest/share/harvest/environment/ament_prefix_path.dsv
[2.396s] -- Symlinking: /home/imml/git/ROB_534_Project/install/harvest/share/harvest/environment/path.sh
[2.406s] -- Symlinking: /home/imml/git/ROB_534_Project/install/harvest/share/harvest/environment/path.dsv
[2.417s] -- Symlinking: /home/imml/git/ROB_534_Project/install/harvest/share/harvest/local_setup.bash
[2.427s] -- Symlinking: /home/imml/git/ROB_534_Project/install/harvest/share/harvest/local_setup.sh
[2.437s] -- Symlinking: /home/imml/git/ROB_534_Project/install/harvest/share/harvest/local_setup.zsh
[2.448s] -- Symlinking: /home/imml/git/ROB_534_Project/install/harvest/share/harvest/local_setup.dsv
[2.458s] -- Symlinking: /home/imml/git/ROB_534_Project/install/harvest/share/harvest/package.dsv
[2.468s] -- Symlinking: /home/imml/git/ROB_534_Project/install/harvest/share/ament_index/resource_index/packages/harvest
[2.479s] -- Symlinking: /home/imml/git/ROB_534_Project/install/harvest/share/harvest/cmake/harvestConfig.cmake
[2.491s] -- Symlinking: /home/imml/git/ROB_534_Project/install/harvest/share/harvest/cmake/harvestConfig-version.cmake
[2.501s] -- Symlinking: /home/imml/git/ROB_534_Project/install/harvest/share/harvest/package.xml
[2.542s] Listing '/home/imml/git/ROB_534_Project/install/harvest/local/lib/python3.10/dist-packages/harvest'...
[2.542s] Compiling '/home/imml/git/ROB_534_Project/install/harvest/local/lib/python3.10/dist-packages/harvest/__init__.py'...
[2.551s] Invoked command in '/home/imml/git/ROB_534_Project/build/harvest' returned '0': AMENT_PREFIX_PATH=/home/imml/git/ROB_534_Project/install/harvest_interfaces:${AMENT_PREFIX_PATH} CMAKE_PREFIX_PATH=/home/imml/git/ROB_534_Project/install/harvest_interfaces:/opt/ros/humble LD_LIBRARY_PATH=/home/imml/git/ROB_534_Project/install/harvest_interfaces/lib:${LD_LIBRARY_PATH} PYTHONPATH=/home/imml/git/ROB_534_Project/install/harvest_interfaces/local/lib/python3.10/dist-packages:${PYTHONPATH} /usr/bin/cmake --install /home/imml/git/ROB_534_Project/build/harvest
