[0.525s] Invoking command in '/home/imml/git/ROB_534_Project/build/ur5e_custom_hardware': PYTHONPATH=/home/imml/git/ROB_534_Project/build/ur5e_custom_hardware/prefix_override:/usr/lib/python3/dist-packages/colcon_core/task/python/colcon_distutils_commands:/home/imml/git/ROB_534_Project/install/ur5e_custom_hardware/lib/python3.10/site-packages:${PYTHONPATH} /usr/bin/python3 -W ignore:setup.py install is deprecated -W ignore:easy_install command is deprecated setup.py develop --editable --build-directory /home/imml/git/ROB_534_Project/build/ur5e_custom_hardware/build --no-deps symlink_data
[0.741s] running develop
[0.901s] running egg_info
[0.901s] creating ur5e_custom_hardware.egg-info
[0.902s] writing ur5e_custom_hardware.egg-info/PKG-INFO
[0.902s] writing dependency_links to ur5e_custom_hardware.egg-info/dependency_links.txt
[0.902s] writing entry points to ur5e_custom_hardware.egg-info/entry_points.txt
[0.902s] writing requirements to ur5e_custom_hardware.egg-info/requires.txt
[0.902s] writing top-level names to ur5e_custom_hardware.egg-info/top_level.txt
[0.902s] writing manifest file 'ur5e_custom_hardware.egg-info/SOURCES.txt'
[0.903s] reading manifest file 'ur5e_custom_hardware.egg-info/SOURCES.txt'
[0.904s] writing manifest file 'ur5e_custom_hardware.egg-info/SOURCES.txt'
[0.905s] running build_ext
[0.905s] Creating /home/imml/git/ROB_534_Project/install/ur5e_custom_hardware/lib/python3.10/site-packages/ur5e-custom-hardware.egg-link (link to .)
[0.906s] Installing gripper_palm_camera script to /home/imml/git/ROB_534_Project/install/ur5e_custom_hardware/lib/ur5e_custom_hardware
[0.906s] 
[0.906s] Installed /home/imml/git/ROB_534_Project/build/ur5e_custom_hardware
[0.906s] running symlink_data
[0.906s] creating /home/imml/git/ROB_534_Project/install/ur5e_custom_hardware/share/ament_index
[0.906s] creating /home/imml/git/ROB_534_Project/install/ur5e_custom_hardware/share/ament_index/resource_index
[0.906s] creating /home/imml/git/ROB_534_Project/install/ur5e_custom_hardware/share/ament_index/resource_index/packages
[0.906s] symbolically linking /home/imml/git/ROB_534_Project/build/ur5e_custom_hardware/resource/ur5e_custom_hardware -> /home/imml/git/ROB_534_Project/install/ur5e_custom_hardware/share/ament_index/resource_index/packages
[0.906s] symbolically linking /home/imml/git/ROB_534_Project/build/ur5e_custom_hardware/package.xml -> /home/imml/git/ROB_534_Project/install/ur5e_custom_hardware/share/ur5e_custom_hardware
[0.906s] creating /home/imml/git/ROB_534_Project/install/ur5e_custom_hardware/share/ur5e_custom_hardware/launch
[0.906s] creating /home/imml/git/ROB_534_Project/install/ur5e_custom_hardware/share/ur5e_custom_hardware/urdf
[0.906s] symbolically linking /home/imml/git/ROB_534_Project/build/ur5e_custom_hardware/urdf/gripper.urdf.xacro -> /home/imml/git/ROB_534_Project/install/ur5e_custom_hardware/share/ur5e_custom_hardware/urdf
[0.906s] symbolically linking /home/imml/git/ROB_534_Project/build/ur5e_custom_hardware/urdf/ur_gripper.urdf.xacro -> /home/imml/git/ROB_534_Project/install/ur5e_custom_hardware/share/ur5e_custom_hardware/urdf
[0.907s] creating /home/imml/git/ROB_534_Project/install/ur5e_custom_hardware/share/ur5e_custom_hardware/meshes
[0.907s] symbolically linking /home/imml/git/ROB_534_Project/build/ur5e_custom_hardware/meshes/03_mk3_full_assembly.STL -> /home/imml/git/ROB_534_Project/install/ur5e_custom_hardware/share/ur5e_custom_hardware/meshes
[0.907s] symbolically linking /home/imml/git/ROB_534_Project/build/ur5e_custom_hardware/meshes/03_mk3_full_assembly_coarse.STL -> /home/imml/git/ROB_534_Project/install/ur5e_custom_hardware/share/ur5e_custom_hardware/meshes
[0.907s] symbolically linking /home/imml/git/ROB_534_Project/build/ur5e_custom_hardware/meshes/03_mk3_full_assembly_(simplified_for_RVIZ).STL -> /home/imml/git/ROB_534_Project/install/ur5e_custom_hardware/share/ur5e_custom_hardware/meshes
[0.937s] Invoked command in '/home/imml/git/ROB_534_Project/build/ur5e_custom_hardware' returned '0': PYTHONPATH=/home/imml/git/ROB_534_Project/build/ur5e_custom_hardware/prefix_override:/usr/lib/python3/dist-packages/colcon_core/task/python/colcon_distutils_commands:/home/imml/git/ROB_534_Project/install/ur5e_custom_hardware/lib/python3.10/site-packages:${PYTHONPATH} /usr/bin/python3 -W ignore:setup.py install is deprecated -W ignore:easy_install command is deprecated setup.py develop --editable --build-directory /home/imml/git/ROB_534_Project/build/ur5e_custom_hardware/build --no-deps symlink_data
