[0.017s] Invoking command in '/home/imml/git/ROB_534_Project/build/ur_calibration': CMAKE_PREFIX_PATH=/home/imml/git/ROB_534_Project/install/ur_robot_driver:/home/imml/git/ROB_534_Project/install/ur_controllers:/home/imml/git/ROB_534_Project/install/ur_description:/home/imml/git/ROB_534_Project/install/ur_dashboard_msgs:/home/imml/git/ROB_534_Project/install/ur:/home/imml/git/ROB_534_Project/install/ur_calibration:/home/imml/git/ROB_534_Project/install/ur_moveit_config:/home/imml/git/ROB_534_Project/install/ur_bringup:/home/imml/git/ROB_534_Project/install/realsense2_description:/home/imml/git/ROB_534_Project/install/realsense2_camera:/home/imml/git/ROB_534_Project/install/realsense2_camera_msgs:/home/imml/git/ROB_534_Project/install/harvest_control:/home/imml/git/ROB_534_Project/install/harvest:/home/imml/git/ROB_534_Project/install/harvest_interfaces:/home/imml/git/ROB_534_Project/install/ur5e_custom_hardware:/home/imml/git/ROB_534_Project/install/harvest_vision:/opt/ros/humble /usr/bin/cmake --build /home/imml/git/ROB_534_Project/build/ur_calibration -- -j16 -l16
[0.060s] [35m[1mConsolidate compiler generated dependencies of target gmock_main[0m
[0.060s] [35m[1mConsolidate compiler generated dependencies of target gmock[0m
[0.061s] [35m[1mConsolidate compiler generated dependencies of target calibration[0m
[0.076s] [ 33%] Built target gmock_main
[0.076s] [ 41%] Built target gmock
[0.083s] [ 66%] Built target calibration
[0.095s] [35m[1mConsolidate compiler generated dependencies of target calibration_test[0m
[0.095s] [35m[1mConsolidate compiler generated dependencies of target calibration_correction[0m
[0.116s] [100%] Built target calibration_test
[0.116s] [100%] Built target calibration_correction
[0.128s] Invoked command in '/home/imml/git/ROB_534_Project/build/ur_calibration' returned '0': CMAKE_PREFIX_PATH=/home/imml/git/ROB_534_Project/install/ur_robot_driver:/home/imml/git/ROB_534_Project/install/ur_controllers:/home/imml/git/ROB_534_Project/install/ur_description:/home/imml/git/ROB_534_Project/install/ur_dashboard_msgs:/home/imml/git/ROB_534_Project/install/ur:/home/imml/git/ROB_534_Project/install/ur_calibration:/home/imml/git/ROB_534_Project/install/ur_moveit_config:/home/imml/git/ROB_534_Project/install/ur_bringup:/home/imml/git/ROB_534_Project/install/realsense2_description:/home/imml/git/ROB_534_Project/install/realsense2_camera:/home/imml/git/ROB_534_Project/install/realsense2_camera_msgs:/home/imml/git/ROB_534_Project/install/harvest_control:/home/imml/git/ROB_534_Project/install/harvest:/home/imml/git/ROB_534_Project/install/harvest_interfaces:/home/imml/git/ROB_534_Project/install/ur5e_custom_hardware:/home/imml/git/ROB_534_Project/install/harvest_vision:/opt/ros/humble /usr/bin/cmake --build /home/imml/git/ROB_534_Project/build/ur_calibration -- -j16 -l16
[0.130s] Invoking command in '/home/imml/git/ROB_534_Project/build/ur_calibration': CMAKE_PREFIX_PATH=/home/imml/git/ROB_534_Project/install/ur_robot_driver:/home/imml/git/ROB_534_Project/install/ur_controllers:/home/imml/git/ROB_534_Project/install/ur_description:/home/imml/git/ROB_534_Project/install/ur_dashboard_msgs:/home/imml/git/ROB_534_Project/install/ur:/home/imml/git/ROB_534_Project/install/ur_calibration:/home/imml/git/ROB_534_Project/install/ur_moveit_config:/home/imml/git/ROB_534_Project/install/ur_bringup:/home/imml/git/ROB_534_Project/install/realsense2_description:/home/imml/git/ROB_534_Project/install/realsense2_camera:/home/imml/git/ROB_534_Project/install/realsense2_camera_msgs:/home/imml/git/ROB_534_Project/install/harvest_control:/home/imml/git/ROB_534_Project/install/harvest:/home/imml/git/ROB_534_Project/install/harvest_interfaces:/home/imml/git/ROB_534_Project/install/ur5e_custom_hardware:/home/imml/git/ROB_534_Project/install/harvest_vision:/opt/ros/humble /usr/bin/cmake --install /home/imml/git/ROB_534_Project/build/ur_calibration
[0.136s] -- Install configuration: "RelWithDebInfo"
[0.137s] -- Execute custom install script
[0.137s] -- Up-to-date symlink: /home/imml/git/ROB_534_Project/install/ur_calibration/lib/ur_calibration/calibration_correction
[0.137s] -- Up-to-date symlink: /home/imml/git/ROB_534_Project/install/ur_calibration/include/ur_calibration/calibration.hpp
[0.137s] -- Up-to-date symlink: /home/imml/git/ROB_534_Project/install/ur_calibration/include/ur_calibration/calibration_consumer.hpp
[0.137s] -- Up-to-date symlink: /home/imml/git/ROB_534_Project/install/ur_calibration/share/ur_calibration/launch/calibration_correction.launch.py
[0.137s] -- Up-to-date symlink: /home/imml/git/ROB_534_Project/install/ur_calibration/share/ament_index/resource_index/package_run_dependencies/ur_calibration
[0.138s] -- Up-to-date symlink: /home/imml/git/ROB_534_Project/install/ur_calibration/share/ament_index/resource_index/parent_prefix_path/ur_calibration
[0.138s] -- Up-to-date symlink: /home/imml/git/ROB_534_Project/install/ur_calibration/share/ur_calibration/environment/ament_prefix_path.sh
[0.138s] -- Up-to-date symlink: /home/imml/git/ROB_534_Project/install/ur_calibration/share/ur_calibration/environment/ament_prefix_path.dsv
[0.138s] -- Up-to-date symlink: /home/imml/git/ROB_534_Project/install/ur_calibration/share/ur_calibration/environment/path.sh
[0.138s] -- Up-to-date symlink: /home/imml/git/ROB_534_Project/install/ur_calibration/share/ur_calibration/environment/path.dsv
[0.138s] -- Up-to-date symlink: /home/imml/git/ROB_534_Project/install/ur_calibration/share/ur_calibration/local_setup.bash
[0.138s] -- Up-to-date symlink: /home/imml/git/ROB_534_Project/install/ur_calibration/share/ur_calibration/local_setup.sh
[0.138s] -- Up-to-date symlink: /home/imml/git/ROB_534_Project/install/ur_calibration/share/ur_calibration/local_setup.zsh
[0.138s] -- Up-to-date symlink: /home/imml/git/ROB_534_Project/install/ur_calibration/share/ur_calibration/local_setup.dsv
[0.139s] -- Symlinking: /home/imml/git/ROB_534_Project/install/ur_calibration/share/ur_calibration/package.dsv
[0.149s] -- Up-to-date symlink: /home/imml/git/ROB_534_Project/install/ur_calibration/share/ament_index/resource_index/packages/ur_calibration
[0.149s] -- Up-to-date symlink: /home/imml/git/ROB_534_Project/install/ur_calibration/share/ur_calibration/cmake/ament_cmake_export_include_directories-extras.cmake
[0.150s] -- Up-to-date symlink: /home/imml/git/ROB_534_Project/install/ur_calibration/share/ur_calibration/cmake/ament_cmake_export_dependencies-extras.cmake
[0.150s] -- Up-to-date symlink: /home/imml/git/ROB_534_Project/install/ur_calibration/share/ur_calibration/cmake/ur_calibrationConfig.cmake
[0.150s] -- Up-to-date symlink: /home/imml/git/ROB_534_Project/install/ur_calibration/share/ur_calibration/cmake/ur_calibrationConfig-version.cmake
[0.150s] -- Up-to-date symlink: /home/imml/git/ROB_534_Project/install/ur_calibration/share/ur_calibration/package.xml
[0.153s] Invoked command in '/home/imml/git/ROB_534_Project/build/ur_calibration' returned '0': CMAKE_PREFIX_PATH=/home/imml/git/ROB_534_Project/install/ur_robot_driver:/home/imml/git/ROB_534_Project/install/ur_controllers:/home/imml/git/ROB_534_Project/install/ur_description:/home/imml/git/ROB_534_Project/install/ur_dashboard_msgs:/home/imml/git/ROB_534_Project/install/ur:/home/imml/git/ROB_534_Project/install/ur_calibration:/home/imml/git/ROB_534_Project/install/ur_moveit_config:/home/imml/git/ROB_534_Project/install/ur_bringup:/home/imml/git/ROB_534_Project/install/realsense2_description:/home/imml/git/ROB_534_Project/install/realsense2_camera:/home/imml/git/ROB_534_Project/install/realsense2_camera_msgs:/home/imml/git/ROB_534_Project/install/harvest_control:/home/imml/git/ROB_534_Project/install/harvest:/home/imml/git/ROB_534_Project/install/harvest_interfaces:/home/imml/git/ROB_534_Project/install/ur5e_custom_hardware:/home/imml/git/ROB_534_Project/install/harvest_vision:/opt/ros/humble /usr/bin/cmake --install /home/imml/git/ROB_534_Project/build/ur_calibration
