[0.007s] Invoking command in '/home/imml/git/ROB_534_Project/build/realsense2_description': AMENT_PREFIX_PATH=/home/imml/git/ROB_534_Project/install/realsense2_camera_msgs:${AMENT_PREFIX_PATH} CMAKE_PREFIX_PATH=/home/imml/git/ROB_534_Project/install/realsense2_camera_msgs:/opt/ros/humble LD_LIBRARY_PATH=/home/imml/git/ROB_534_Project/install/realsense2_camera_msgs/lib:${LD_LIBRARY_PATH} PYTHONPATH=/home/imml/git/ROB_534_Project/install/realsense2_camera_msgs/local/lib/python3.10/dist-packages:${PYTHONPATH} /usr/bin/cmake /home/imml/git/ROB_534_Project/harvest_hardware/realsense-ros/realsense2_description -DAMENT_CMAKE_SYMLINK_INSTALL=1 -DCMAKE_INSTALL_PREFIX=/home/imml/git/ROB_534_Project/install/realsense2_description
[0.053s] -- The C compiler identification is GNU 11.4.0
[0.101s] -- The CXX compiler identification is GNU 11.4.0
[0.107s] -- Detecting C compiler ABI info
[0.168s] -- Detecting C compiler ABI info - done
[0.173s] -- Check for working C compiler: /usr/bin/cc - skipped
[0.173s] -- Detecting C compile features
[0.174s] -- Detecting C compile features - done
[0.176s] -- Detecting CXX compiler ABI info
[0.247s] -- Detecting CXX compiler ABI info - done
[0.252s] -- Check for working CXX compiler: /usr/bin/c++ - skipped
[0.253s] -- Detecting CXX compile features
[0.253s] -- Detecting CXX compile features - done
[0.255s] -- Found ament_cmake: 1.3.11 (/opt/ros/humble/share/ament_cmake/cmake)
[0.380s] -- Found Python3: /usr/bin/python3 (found version "3.10.12") found components: Interpreter 
[0.430s] -- Override CMake install command with custom implementation using symlinks instead of copying resources
[0.510s] -- Configuring done
[0.512s] -- Generating done
[0.513s] -- Build files have been written to: /home/imml/git/ROB_534_Project/build/realsense2_description
[0.518s] Invoked command in '/home/imml/git/ROB_534_Project/build/realsense2_description' returned '0': AMENT_PREFIX_PATH=/home/imml/git/ROB_534_Project/install/realsense2_camera_msgs:${AMENT_PREFIX_PATH} CMAKE_PREFIX_PATH=/home/imml/git/ROB_534_Project/install/realsense2_camera_msgs:/opt/ros/humble LD_LIBRARY_PATH=/home/imml/git/ROB_534_Project/install/realsense2_camera_msgs/lib:${LD_LIBRARY_PATH} PYTHONPATH=/home/imml/git/ROB_534_Project/install/realsense2_camera_msgs/local/lib/python3.10/dist-packages:${PYTHONPATH} /usr/bin/cmake /home/imml/git/ROB_534_Project/harvest_hardware/realsense-ros/realsense2_description -DAMENT_CMAKE_SYMLINK_INSTALL=1 -DCMAKE_INSTALL_PREFIX=/home/imml/git/ROB_534_Project/install/realsense2_description
[0.519s] Invoking command in '/home/imml/git/ROB_534_Project/build/realsense2_description': AMENT_PREFIX_PATH=/home/imml/git/ROB_534_Project/install/realsense2_camera_msgs:${AMENT_PREFIX_PATH} CMAKE_PREFIX_PATH=/home/imml/git/ROB_534_Project/install/realsense2_camera_msgs:/opt/ros/humble LD_LIBRARY_PATH=/home/imml/git/ROB_534_Project/install/realsense2_camera_msgs/lib:${LD_LIBRARY_PATH} PYTHONPATH=/home/imml/git/ROB_534_Project/install/realsense2_camera_msgs/local/lib/python3.10/dist-packages:${PYTHONPATH} /usr/bin/cmake --build /home/imml/git/ROB_534_Project/build/realsense2_description -- -j16 -l16
[0.553s] Invoked command in '/home/imml/git/ROB_534_Project/build/realsense2_description' returned '0': AMENT_PREFIX_PATH=/home/imml/git/ROB_534_Project/install/realsense2_camera_msgs:${AMENT_PREFIX_PATH} CMAKE_PREFIX_PATH=/home/imml/git/ROB_534_Project/install/realsense2_camera_msgs:/opt/ros/humble LD_LIBRARY_PATH=/home/imml/git/ROB_534_Project/install/realsense2_camera_msgs/lib:${LD_LIBRARY_PATH} PYTHONPATH=/home/imml/git/ROB_534_Project/install/realsense2_camera_msgs/local/lib/python3.10/dist-packages:${PYTHONPATH} /usr/bin/cmake --build /home/imml/git/ROB_534_Project/build/realsense2_description -- -j16 -l16
[0.554s] Invoking command in '/home/imml/git/ROB_534_Project/build/realsense2_description': AMENT_PREFIX_PATH=/home/imml/git/ROB_534_Project/install/realsense2_camera_msgs:${AMENT_PREFIX_PATH} CMAKE_PREFIX_PATH=/home/imml/git/ROB_534_Project/install/realsense2_camera_msgs:/opt/ros/humble LD_LIBRARY_PATH=/home/imml/git/ROB_534_Project/install/realsense2_camera_msgs/lib:${LD_LIBRARY_PATH} PYTHONPATH=/home/imml/git/ROB_534_Project/install/realsense2_camera_msgs/local/lib/python3.10/dist-packages:${PYTHONPATH} /usr/bin/cmake --install /home/imml/git/ROB_534_Project/build/realsense2_description
[0.560s] -- Install configuration: ""
[0.561s] -- Execute custom install script
[0.561s] -- Symlinking: /home/imml/git/ROB_534_Project/install/realsense2_description/share/realsense2_description/launch/launch_utils.py
[0.569s] -- Symlinking: /home/imml/git/ROB_534_Project/install/realsense2_description/share/realsense2_description/launch/view_model.launch.py
[0.577s] -- Symlinking: /home/imml/git/ROB_534_Project/install/realsense2_description/share/realsense2_description/meshes/d405.stl
[0.585s] -- Symlinking: /home/imml/git/ROB_534_Project/install/realsense2_description/share/realsense2_description/meshes/d415.stl
[0.592s] -- Symlinking: /home/imml/git/ROB_534_Project/install/realsense2_description/share/realsense2_description/meshes/d435.dae
[0.600s] -- Symlinking: /home/imml/git/ROB_534_Project/install/realsense2_description/share/realsense2_description/meshes/d455.stl
[0.608s] -- Symlinking: /home/imml/git/ROB_534_Project/install/realsense2_description/share/realsense2_description/meshes/l515.dae
[0.616s] -- Symlinking: /home/imml/git/ROB_534_Project/install/realsense2_description/share/realsense2_description/meshes/plug.stl
[0.623s] -- Symlinking: /home/imml/git/ROB_534_Project/install/realsense2_description/share/realsense2_description/meshes/plug_collision.stl
[0.631s] -- Symlinking: /home/imml/git/ROB_534_Project/install/realsense2_description/share/realsense2_description/rviz/urdf.rviz
[0.639s] -- Symlinking: /home/imml/git/ROB_534_Project/install/realsense2_description/share/realsense2_description/urdf/_d405.urdf.xacro
[0.647s] -- Symlinking: /home/imml/git/ROB_534_Project/install/realsense2_description/share/realsense2_description/urdf/_d415.urdf.xacro
[0.654s] -- Symlinking: /home/imml/git/ROB_534_Project/install/realsense2_description/share/realsense2_description/urdf/_d435.urdf.xacro
[0.661s] -- Symlinking: /home/imml/git/ROB_534_Project/install/realsense2_description/share/realsense2_description/urdf/_d435i.urdf.xacro
[0.669s] -- Symlinking: /home/imml/git/ROB_534_Project/install/realsense2_description/share/realsense2_description/urdf/_d435i_imu_modules.urdf.xacro
[0.676s] -- Symlinking: /home/imml/git/ROB_534_Project/install/realsense2_description/share/realsense2_description/urdf/_d455.urdf.xacro
[0.683s] -- Symlinking: /home/imml/git/ROB_534_Project/install/realsense2_description/share/realsense2_description/urdf/_materials.urdf.xacro
[0.690s] -- Symlinking: /home/imml/git/ROB_534_Project/install/realsense2_description/share/realsense2_description/urdf/_r410.urdf.xacro
[0.698s] -- Symlinking: /home/imml/git/ROB_534_Project/install/realsense2_description/share/realsense2_description/urdf/_r430.urdf.xacro
[0.705s] -- Symlinking: /home/imml/git/ROB_534_Project/install/realsense2_description/share/realsense2_description/urdf/_usb_plug.urdf.xacro
[0.713s] -- Symlinking: /home/imml/git/ROB_534_Project/install/realsense2_description/share/realsense2_description/urdf/test_d405_camera.urdf.xacro
[0.720s] -- Symlinking: /home/imml/git/ROB_534_Project/install/realsense2_description/share/realsense2_description/urdf/test_d415_camera.urdf.xacro
[0.727s] -- Symlinking: /home/imml/git/ROB_534_Project/install/realsense2_description/share/realsense2_description/urdf/test_d435_camera.urdf.xacro
[0.735s] -- Symlinking: /home/imml/git/ROB_534_Project/install/realsense2_description/share/realsense2_description/urdf/test_d435_multiple_cameras.urdf.xacro
[0.742s] -- Symlinking: /home/imml/git/ROB_534_Project/install/realsense2_description/share/realsense2_description/urdf/test_d435i_camera.urdf.xacro
[0.749s] -- Symlinking: /home/imml/git/ROB_534_Project/install/realsense2_description/share/realsense2_description/urdf/test_d455_camera.urdf.xacro
[0.756s] -- Symlinking: /home/imml/git/ROB_534_Project/install/realsense2_description/share/realsense2_description/urdf/test_r410_camera.urdf.xacro
[0.764s] -- Symlinking: /home/imml/git/ROB_534_Project/install/realsense2_description/share/realsense2_description/urdf/test_r430_camera.urdf.xacro
[0.772s] -- Symlinking: /home/imml/git/ROB_534_Project/install/realsense2_description/share/ament_index/resource_index/package_run_dependencies/realsense2_description
[0.780s] -- Symlinking: /home/imml/git/ROB_534_Project/install/realsense2_description/share/ament_index/resource_index/parent_prefix_path/realsense2_description
[0.787s] -- Symlinking: /home/imml/git/ROB_534_Project/install/realsense2_description/share/realsense2_description/environment/ament_prefix_path.sh
[0.795s] -- Symlinking: /home/imml/git/ROB_534_Project/install/realsense2_description/share/realsense2_description/environment/ament_prefix_path.dsv
[0.802s] -- Symlinking: /home/imml/git/ROB_534_Project/install/realsense2_description/share/realsense2_description/environment/path.sh
[0.810s] -- Symlinking: /home/imml/git/ROB_534_Project/install/realsense2_description/share/realsense2_description/environment/path.dsv
[0.817s] -- Symlinking: /home/imml/git/ROB_534_Project/install/realsense2_description/share/realsense2_description/local_setup.bash
[0.824s] -- Symlinking: /home/imml/git/ROB_534_Project/install/realsense2_description/share/realsense2_description/local_setup.sh
[0.832s] -- Symlinking: /home/imml/git/ROB_534_Project/install/realsense2_description/share/realsense2_description/local_setup.zsh
[0.840s] -- Symlinking: /home/imml/git/ROB_534_Project/install/realsense2_description/share/realsense2_description/local_setup.dsv
[0.847s] -- Symlinking: /home/imml/git/ROB_534_Project/install/realsense2_description/share/realsense2_description/package.dsv
[0.854s] -- Symlinking: /home/imml/git/ROB_534_Project/install/realsense2_description/share/ament_index/resource_index/packages/realsense2_description
[0.862s] -- Symlinking: /home/imml/git/ROB_534_Project/install/realsense2_description/share/realsense2_description/cmake/realsense2_descriptionConfig.cmake
[0.870s] -- Symlinking: /home/imml/git/ROB_534_Project/install/realsense2_description/share/realsense2_description/cmake/realsense2_descriptionConfig-version.cmake
[0.877s] -- Symlinking: /home/imml/git/ROB_534_Project/install/realsense2_description/share/realsense2_description/package.xml
[0.886s] Invoked command in '/home/imml/git/ROB_534_Project/build/realsense2_description' returned '0': AMENT_PREFIX_PATH=/home/imml/git/ROB_534_Project/install/realsense2_camera_msgs:${AMENT_PREFIX_PATH} CMAKE_PREFIX_PATH=/home/imml/git/ROB_534_Project/install/realsense2_camera_msgs:/opt/ros/humble LD_LIBRARY_PATH=/home/imml/git/ROB_534_Project/install/realsense2_camera_msgs/lib:${LD_LIBRARY_PATH} PYTHONPATH=/home/imml/git/ROB_534_Project/install/realsense2_camera_msgs/local/lib/python3.10/dist-packages:${PYTHONPATH} /usr/bin/cmake --install /home/imml/git/ROB_534_Project/build/realsense2_description
