[0.014s] Invoking command in '/home/imml/git/ROB_534_Project/build/harvest_interfaces': CMAKE_PREFIX_PATH=/opt/ros/humble /usr/bin/cmake /home/imml/git/ROB_534_Project/harvest_interfaces -DAMENT_CMAKE_SYMLINK_INSTALL=1 -DCMAKE_INSTALL_PREFIX=/home/imml/git/ROB_534_Project/install/harvest_interfaces
[0.054s] -- The C compiler identification is GNU 11.4.0
[0.097s] -- The CXX compiler identification is GNU 11.4.0
[0.103s] -- Detecting C compiler ABI info
[0.157s] -- Detecting C compiler ABI info - done
[0.163s] -- Check for working C compiler: /usr/bin/cc - skipped
[0.163s] -- Detecting C compile features
[0.163s] -- Detecting C compile features - done
[0.165s] -- Detecting CXX compiler ABI info
[0.232s] -- Detecting CXX compiler ABI info - done
[0.237s] -- Check for working CXX compiler: /usr/bin/c++ - skipped
[0.237s] -- Detecting CXX compile features
[0.237s] -- Detecting CXX compile features - done
[0.240s] -- Found ament_cmake: 1.3.11 (/opt/ros/humble/share/ament_cmake/cmake)
[0.358s] -- Found Python3: /usr/bin/python3 (found version "3.10.12") found components: Interpreter 
[0.410s] -- Override CMake install command with custom implementation using symlinks instead of copying resources
[0.433s] -- Found rosidl_default_generators: 1.2.0 (/opt/ros/humble/share/rosidl_default_generators/cmake)
[0.436s] -- Using all available rosidl_typesupport_c: rosidl_typesupport_fastrtps_c;rosidl_typesupport_introspection_c
[0.441s] -- Found rosidl_adapter: 3.1.6 (/opt/ros/humble/share/rosidl_adapter/cmake)
[0.474s] -- Using all available rosidl_typesupport_cpp: rosidl_typesupport_fastrtps_cpp;rosidl_typesupport_introspection_cpp
[0.501s] -- Found std_msgs: 4.2.4 (/opt/ros/humble/share/std_msgs/cmake)
[0.522s] -- Found std_srvs: 4.2.4 (/opt/ros/humble/share/std_srvs/cmake)
[0.531s] -- Found tf2_ros: 0.25.12 (/opt/ros/humble/share/tf2_ros/cmake)
[0.589s] -- Found rmw_implementation_cmake: 6.1.2 (/opt/ros/humble/share/rmw_implementation_cmake/cmake)
[0.591s] -- Found rmw_fastrtps_cpp: 6.2.7 (/opt/ros/humble/share/rmw_fastrtps_cpp/cmake)
[0.667s] -- Found OpenSSL: /usr/lib/x86_64-linux-gnu/libcrypto.so (found version "3.0.2")  
[0.690s] -- Found FastRTPS: /opt/ros/humble/include  
[0.728s] -- Using RMW implementation 'rmw_fastrtps_cpp' as default
[0.735s] -- Looking for pthread.h
[0.795s] -- Looking for pthread.h - found
[0.795s] -- Performing Test CMAKE_HAVE_LIBC_PTHREAD
[0.858s] -- Performing Test CMAKE_HAVE_LIBC_PTHREAD - Success
[0.859s] -- Found Threads: TRUE  
[1.266s] -- Found ament_cmake_ros: 0.10.0 (/opt/ros/humble/share/ament_cmake_ros/cmake)
[1.477s] -- Using all available rosidl_typesupport_c: rosidl_typesupport_fastrtps_c;rosidl_typesupport_introspection_c
[1.775s] -- Using all available rosidl_typesupport_cpp: rosidl_typesupport_fastrtps_cpp;rosidl_typesupport_introspection_cpp
[1.795s] -- Found PythonInterp: /usr/bin/python3 (found suitable version "3.10.12", minimum required is "3.6") 
[1.797s] -- Found python_cmake_module: 0.10.0 (/opt/ros/humble/share/python_cmake_module/cmake)
[1.821s] -- Found PythonLibs: /usr/lib/x86_64-linux-gnu/libpython3.10.so (found suitable version "3.10.12", minimum required is "3.5") 
[1.821s] -- Using PYTHON_EXECUTABLE: /usr/bin/python3
[1.821s] -- Using PYTHON_INCLUDE_DIRS: /usr/include/python3.10
[1.821s] -- Using PYTHON_LIBRARIES: /usr/lib/x86_64-linux-gnu/libpython3.10.so
[1.841s] -- Found PythonExtra: .so  
[1.902s] -- Found ament_lint_auto: 0.12.11 (/opt/ros/humble/share/ament_lint_auto/cmake)
[1.921s] -- Added test 'lint_cmake' to check CMake code style
[1.922s] -- Added test 'xmllint' to check XML markup files
[1.925s] -- Configuring done
[1.997s] -- Generating done
[2.014s] -- Build files have been written to: /home/imml/git/ROB_534_Project/build/harvest_interfaces
[2.039s] Invoked command in '/home/imml/git/ROB_534_Project/build/harvest_interfaces' returned '0': CMAKE_PREFIX_PATH=/opt/ros/humble /usr/bin/cmake /home/imml/git/ROB_534_Project/harvest_interfaces -DAMENT_CMAKE_SYMLINK_INSTALL=1 -DCMAKE_INSTALL_PREFIX=/home/imml/git/ROB_534_Project/install/harvest_interfaces
[2.041s] Invoking command in '/home/imml/git/ROB_534_Project/build/harvest_interfaces': CMAKE_PREFIX_PATH=/opt/ros/humble /usr/bin/cmake --build /home/imml/git/ROB_534_Project/build/harvest_interfaces -- -j16 -l16
[2.096s] [  1%] [34m[1mGenerating C code for ROS interfaces[0m
[2.105s] [  1%] [34m[1mGenerating C++ code for ROS interfaces[0m
[2.121s] [  1%] Built target ament_cmake_python_symlink_harvest_interfaces
[2.507s] running egg_info
[2.508s] creating harvest_interfaces.egg-info
[2.508s] writing harvest_interfaces.egg-info/PKG-INFO
[2.509s] writing dependency_links to harvest_interfaces.egg-info/dependency_links.txt
[2.509s] writing top-level names to harvest_interfaces.egg-info/top_level.txt
[2.511s] writing manifest file 'harvest_interfaces.egg-info/SOURCES.txt'
[2.513s] reading manifest file 'harvest_interfaces.egg-info/SOURCES.txt'
[2.514s] writing manifest file 'harvest_interfaces.egg-info/SOURCES.txt'
[2.577s] [  1%] Built target ament_cmake_python_build_harvest_interfaces_egg
[4.394s] [  1%] Built target harvest_interfaces__cpp
[4.406s] [  2%] [34m[1mGenerating C++ type support for eProsima Fast-RTPS[0m
[4.408s] [  3%] [34m[1mGenerating C++ type support dispatch for ROS interfaces[0m
[4.409s] [  3%] [34m[1mGenerating C++ introspection for ROS interfaces[0m
[4.921s] [  3%] [32mBuilding C object CMakeFiles/harvest_interfaces__rosidl_generator_c.dir/rosidl_generator_c/harvest_interfaces/action/detail/event_detection__functions.c.o[0m
[4.921s] [  4%] [32mBuilding C object CMakeFiles/harvest_interfaces__rosidl_generator_c.dir/rosidl_generator_c/harvest_interfaces/srv/detail/apple_prediction__functions.c.o[0m
[4.922s] [  5%] [32mBuilding C object CMakeFiles/harvest_interfaces__rosidl_generator_c.dir/rosidl_generator_c/harvest_interfaces/action/detail/send_trajectory__functions.c.o[0m
[4.928s] [  6%] [32mBuilding C object CMakeFiles/harvest_interfaces__rosidl_generator_c.dir/rosidl_generator_c/harvest_interfaces/srv/detail/send_trajectory__functions.c.o[0m
[4.937s] [  6%] [32mBuilding C object CMakeFiles/harvest_interfaces__rosidl_generator_c.dir/rosidl_generator_c/harvest_interfaces/srv/detail/coordinate_to_trajectory__functions.c.o[0m
[4.943s] [  7%] [32mBuilding C object CMakeFiles/harvest_interfaces__rosidl_generator_c.dir/rosidl_generator_c/harvest_interfaces/srv/detail/voxel_mask__functions.c.o[0m
[4.944s] [  8%] [32mBuilding C object CMakeFiles/harvest_interfaces__rosidl_generator_c.dir/rosidl_generator_c/harvest_interfaces/srv/detail/move_to_pose__functions.c.o[0m
[4.953s] [  8%] [32mBuilding C object CMakeFiles/harvest_interfaces__rosidl_generator_c.dir/rosidl_generator_c/harvest_interfaces/srv/detail/set_value__functions.c.o[0m
[4.955s] [  9%] [32mBuilding C object CMakeFiles/harvest_interfaces__rosidl_generator_c.dir/rosidl_generator_c/harvest_interfaces/srv/detail/record_topics__functions.c.o[0m
[4.962s] [ 10%] [32mBuilding C object CMakeFiles/harvest_interfaces__rosidl_generator_c.dir/rosidl_generator_c/harvest_interfaces/srv/detail/trajectory_between_points__functions.c.o[0m
[4.962s] [ 11%] [32mBuilding C object CMakeFiles/harvest_interfaces__rosidl_generator_c.dir/rosidl_generator_c/harvest_interfaces/srv/detail/get_gripper_pose__functions.c.o[0m
[4.991s] [ 12%] [32mBuilding C object CMakeFiles/harvest_interfaces__rosidl_generator_c.dir/rosidl_generator_c/harvest_interfaces/srv/detail/update_trellis_position__functions.c.o[0m
[4.993s] [ 12%] [32mBuilding C object CMakeFiles/harvest_interfaces__rosidl_generator_c.dir/rosidl_generator_c/harvest_interfaces/srv/detail/voxel_grid__functions.c.o[0m
[5.089s] [ 13%] [32mBuilding C object CMakeFiles/harvest_interfaces__rosidl_generator_c.dir/rosidl_generator_c/harvest_interfaces/srv/detail/final_approach_linear__functions.c.o[0m
[5.318s] [ 14%] [32m[1mLinking C shared library libharvest_interfaces__rosidl_generator_c.so[0m
[5.473s] [ 14%] Built target harvest_interfaces__rosidl_generator_c
[5.512s] [ 15%] [34m[1mGenerating C type support dispatch for ROS interfaces[0m
[5.512s] [ 16%] [34m[1mGenerating C type support for eProsima Fast-RTPS[0m
[5.513s] [ 17%] [34m[1mGenerating C introspection for ROS interfaces[0m
[6.470s] [ 18%] [32mBuilding CXX object CMakeFiles/harvest_interfaces__rosidl_typesupport_cpp.dir/rosidl_typesupport_cpp/harvest_interfaces/action/send_trajectory__type_support.cpp.o[0m
[6.479s] [ 18%] [32mBuilding CXX object CMakeFiles/harvest_interfaces__rosidl_typesupport_cpp.dir/rosidl_typesupport_cpp/harvest_interfaces/srv/apple_prediction__type_support.cpp.o[0m
[6.479s] [ 19%] [32mBuilding CXX object CMakeFiles/harvest_interfaces__rosidl_typesupport_cpp.dir/rosidl_typesupport_cpp/harvest_interfaces/action/event_detection__type_support.cpp.o[0m
[6.479s] [ 20%] [32mBuilding CXX object CMakeFiles/harvest_interfaces__rosidl_typesupport_cpp.dir/rosidl_typesupport_cpp/harvest_interfaces/srv/send_trajectory__type_support.cpp.o[0m
[6.480s] [ 20%] [32mBuilding CXX object CMakeFiles/harvest_interfaces__rosidl_typesupport_cpp.dir/rosidl_typesupport_cpp/harvest_interfaces/srv/voxel_mask__type_support.cpp.o[0m
[6.483s] [ 21%] [32mBuilding CXX object CMakeFiles/harvest_interfaces__rosidl_typesupport_cpp.dir/rosidl_typesupport_cpp/harvest_interfaces/srv/coordinate_to_trajectory__type_support.cpp.o[0m
[6.489s] [ 23%] [32mBuilding CXX object CMakeFiles/harvest_interfaces__rosidl_typesupport_cpp.dir/rosidl_typesupport_cpp/harvest_interfaces/srv/move_to_pose__type_support.cpp.o[0m
[6.496s] [ 22%] [32mBuilding CXX object CMakeFiles/harvest_interfaces__rosidl_typesupport_cpp.dir/rosidl_typesupport_cpp/harvest_interfaces/srv/set_value__type_support.cpp.o[0m
[6.511s] [ 24%] [32mBuilding CXX object CMakeFiles/harvest_interfaces__rosidl_typesupport_cpp.dir/rosidl_typesupport_cpp/harvest_interfaces/srv/get_gripper_pose__type_support.cpp.o[0m
[6.511s] [ 25%] [32mBuilding CXX object CMakeFiles/harvest_interfaces__rosidl_typesupport_cpp.dir/rosidl_typesupport_cpp/harvest_interfaces/srv/trajectory_between_points__type_support.cpp.o[0m
[6.516s] [ 23%] [32mBuilding CXX object CMakeFiles/harvest_interfaces__rosidl_typesupport_cpp.dir/rosidl_typesupport_cpp/harvest_interfaces/srv/record_topics__type_support.cpp.o[0m
[7.187s] [ 26%] [32mBuilding CXX object CMakeFiles/harvest_interfaces__rosidl_typesupport_cpp.dir/rosidl_typesupport_cpp/harvest_interfaces/srv/update_trellis_position__type_support.cpp.o[0m
[7.273s] [ 27%] [32mBuilding CXX object CMakeFiles/harvest_interfaces__rosidl_typesupport_cpp.dir/rosidl_typesupport_cpp/harvest_interfaces/srv/voxel_grid__type_support.cpp.o[0m
[7.522s] [ 27%] [32mBuilding CXX object CMakeFiles/harvest_interfaces__rosidl_typesupport_cpp.dir/rosidl_typesupport_cpp/harvest_interfaces/srv/final_approach_linear__type_support.cpp.o[0m
[7.758s] [ 28%] [32mBuilding CXX object CMakeFiles/harvest_interfaces__rosidl_typesupport_introspection_cpp.dir/rosidl_typesupport_introspection_cpp/harvest_interfaces/action/detail/event_detection__type_support.cpp.o[0m
[7.758s] [ 29%] [32mBuilding CXX object CMakeFiles/harvest_interfaces__rosidl_typesupport_introspection_cpp.dir/rosidl_typesupport_introspection_cpp/harvest_interfaces/srv/detail/apple_prediction__type_support.cpp.o[0m
[7.760s] [ 30%] [32mBuilding CXX object CMakeFiles/harvest_interfaces__rosidl_typesupport_introspection_cpp.dir/rosidl_typesupport_introspection_cpp/harvest_interfaces/action/detail/send_trajectory__type_support.cpp.o[0m
[7.767s] [ 30%] [32mBuilding CXX object CMakeFiles/harvest_interfaces__rosidl_typesupport_introspection_cpp.dir/rosidl_typesupport_introspection_cpp/harvest_interfaces/srv/detail/send_trajectory__type_support.cpp.o[0m
[7.772s] [ 31%] [32mBuilding CXX object CMakeFiles/harvest_interfaces__rosidl_typesupport_introspection_cpp.dir/rosidl_typesupport_introspection_cpp/harvest_interfaces/srv/detail/coordinate_to_trajectory__type_support.cpp.o[0m
[7.846s] [ 32%] [32mBuilding CXX object CMakeFiles/harvest_interfaces__rosidl_typesupport_introspection_cpp.dir/rosidl_typesupport_introspection_cpp/harvest_interfaces/srv/detail/voxel_mask__type_support.cpp.o[0m
[7.852s] [ 33%] [32mBuilding CXX object CMakeFiles/harvest_interfaces__rosidl_typesupport_introspection_cpp.dir/rosidl_typesupport_introspection_cpp/harvest_interfaces/srv/detail/move_to_pose__type_support.cpp.o[0m
[8.060s] [ 33%] [32mBuilding CXX object CMakeFiles/harvest_interfaces__rosidl_typesupport_introspection_cpp.dir/rosidl_typesupport_introspection_cpp/harvest_interfaces/srv/detail/trajectory_between_points__type_support.cpp.o[0m
[8.099s] [ 34%] [32mBuilding CXX object CMakeFiles/harvest_interfaces__rosidl_typesupport_introspection_cpp.dir/rosidl_typesupport_introspection_cpp/harvest_interfaces/srv/detail/set_value__type_support.cpp.o[0m
[8.295s] [ 35%] [32mBuilding CXX object CMakeFiles/harvest_interfaces__rosidl_typesupport_introspection_cpp.dir/rosidl_typesupport_introspection_cpp/harvest_interfaces/srv/detail/record_topics__type_support.cpp.o[0m
[8.373s] [ 35%] [32mBuilding CXX object CMakeFiles/harvest_interfaces__rosidl_typesupport_c.dir/rosidl_typesupport_c/harvest_interfaces/action/event_detection__type_support.cpp.o[0m
[8.390s] [ 36%] [32mBuilding CXX object CMakeFiles/harvest_interfaces__rosidl_typesupport_c.dir/rosidl_typesupport_c/harvest_interfaces/action/send_trajectory__type_support.cpp.o[0m
[8.540s] [ 37%] [32m[1mLinking CXX shared library libharvest_interfaces__rosidl_typesupport_cpp.so[0m
[8.545s] [ 38%] [32mBuilding CXX object CMakeFiles/harvest_interfaces__rosidl_typesupport_introspection_cpp.dir/rosidl_typesupport_introspection_cpp/harvest_interfaces/srv/detail/get_gripper_pose__type_support.cpp.o[0m
[8.586s] [ 39%] [32mBuilding CXX object CMakeFiles/harvest_interfaces__rosidl_typesupport_c.dir/rosidl_typesupport_c/harvest_interfaces/srv/apple_prediction__type_support.cpp.o[0m
[8.713s] [ 40%] [32mBuilding CXX object CMakeFiles/harvest_interfaces__rosidl_typesupport_c.dir/rosidl_typesupport_c/harvest_interfaces/srv/send_trajectory__type_support.cpp.o[0m
[8.772s] [ 40%] Built target harvest_interfaces__rosidl_typesupport_cpp
[8.809s] [ 40%] [32mBuilding CXX object CMakeFiles/harvest_interfaces__rosidl_typesupport_c.dir/rosidl_typesupport_c/harvest_interfaces/srv/coordinate_to_trajectory__type_support.cpp.o[0m
[8.834s] [ 41%] [32mBuilding CXX object CMakeFiles/harvest_interfaces__rosidl_typesupport_c.dir/rosidl_typesupport_c/harvest_interfaces/srv/voxel_mask__type_support.cpp.o[0m
[8.918s] [ 41%] [32mBuilding CXX object CMakeFiles/harvest_interfaces__rosidl_typesupport_introspection_cpp.dir/rosidl_typesupport_introspection_cpp/harvest_interfaces/srv/detail/update_trellis_position__type_support.cpp.o[0m
[8.937s] [ 42%] [32mBuilding CXX object CMakeFiles/harvest_interfaces__rosidl_typesupport_c.dir/rosidl_typesupport_c/harvest_interfaces/srv/move_to_pose__type_support.cpp.o[0m
[9.006s] [ 43%] [32mBuilding CXX object CMakeFiles/harvest_interfaces__rosidl_typesupport_introspection_cpp.dir/rosidl_typesupport_introspection_cpp/harvest_interfaces/srv/detail/voxel_grid__type_support.cpp.o[0m
[9.053s] [ 44%] [32mBuilding CXX object CMakeFiles/harvest_interfaces__rosidl_typesupport_c.dir/rosidl_typesupport_c/harvest_interfaces/srv/trajectory_between_points__type_support.cpp.o[0m
[9.077s] [ 45%] [32mBuilding C object CMakeFiles/harvest_interfaces__rosidl_typesupport_introspection_c.dir/rosidl_typesupport_introspection_c/harvest_interfaces/action/detail/event_detection__type_support.c.o[0m
[9.081s] [ 46%] [32mBuilding C object CMakeFiles/harvest_interfaces__rosidl_typesupport_introspection_c.dir/rosidl_typesupport_introspection_c/harvest_interfaces/action/detail/send_trajectory__type_support.c.o[0m
[9.135s] [ 46%] [32mBuilding C object CMakeFiles/harvest_interfaces__rosidl_typesupport_introspection_c.dir/rosidl_typesupport_introspection_c/harvest_interfaces/srv/detail/apple_prediction__type_support.c.o[0m
[9.159s] [ 47%] [32mBuilding C object CMakeFiles/harvest_interfaces__rosidl_typesupport_introspection_c.dir/rosidl_typesupport_introspection_c/harvest_interfaces/srv/detail/send_trajectory__type_support.c.o[0m
[9.163s] [ 47%] [32mBuilding CXX object CMakeFiles/harvest_interfaces__rosidl_typesupport_c.dir/rosidl_typesupport_c/harvest_interfaces/srv/set_value__type_support.cpp.o[0m
[9.187s] [ 48%] [32mBuilding CXX object CMakeFiles/harvest_interfaces__rosidl_typesupport_c.dir/rosidl_typesupport_c/harvest_interfaces/srv/record_topics__type_support.cpp.o[0m
[9.198s] [ 49%] [32mBuilding CXX object CMakeFiles/harvest_interfaces__rosidl_typesupport_c.dir/rosidl_typesupport_c/harvest_interfaces/srv/get_gripper_pose__type_support.cpp.o[0m
[9.229s] [ 50%] [32mBuilding C object CMakeFiles/harvest_interfaces__rosidl_typesupport_introspection_c.dir/rosidl_typesupport_introspection_c/harvest_interfaces/srv/detail/coordinate_to_trajectory__type_support.c.o[0m
[9.252s] [ 51%] [32mBuilding CXX object CMakeFiles/harvest_interfaces__rosidl_typesupport_c.dir/rosidl_typesupport_c/harvest_interfaces/srv/update_trellis_position__type_support.cpp.o[0m
[9.253s] [ 52%] [32mBuilding CXX object CMakeFiles/harvest_interfaces__rosidl_typesupport_introspection_cpp.dir/rosidl_typesupport_introspection_cpp/harvest_interfaces/srv/detail/final_approach_linear__type_support.cpp.o[0m
[9.261s] [ 52%] [32mBuilding CXX object CMakeFiles/harvest_interfaces__rosidl_typesupport_c.dir/rosidl_typesupport_c/harvest_interfaces/srv/voxel_grid__type_support.cpp.o[0m
[9.277s] [ 53%] [32mBuilding C object CMakeFiles/harvest_interfaces__rosidl_typesupport_introspection_c.dir/rosidl_typesupport_introspection_c/harvest_interfaces/srv/detail/voxel_mask__type_support.c.o[0m
[9.280s] [ 53%] [32mBuilding C object CMakeFiles/harvest_interfaces__rosidl_typesupport_introspection_c.dir/rosidl_typesupport_introspection_c/harvest_interfaces/srv/detail/move_to_pose__type_support.c.o[0m
[9.289s] [ 54%] [32mBuilding CXX object CMakeFiles/harvest_interfaces__rosidl_typesupport_c.dir/rosidl_typesupport_c/harvest_interfaces/srv/final_approach_linear__type_support.cpp.o[0m
[9.292s] [ 55%] [32mBuilding C object CMakeFiles/harvest_interfaces__rosidl_typesupport_introspection_c.dir/rosidl_typesupport_introspection_c/harvest_interfaces/srv/detail/trajectory_between_points__type_support.c.o[0m
[9.345s] [ 55%] [32mBuilding C object CMakeFiles/harvest_interfaces__rosidl_typesupport_introspection_c.dir/rosidl_typesupport_introspection_c/harvest_interfaces/srv/detail/record_topics__type_support.c.o[0m
[9.348s] [ 57%] [32mBuilding C object CMakeFiles/harvest_interfaces__rosidl_typesupport_introspection_c.dir/rosidl_typesupport_introspection_c/harvest_interfaces/srv/detail/set_value__type_support.c.o[0m
[9.348s] [ 57%] [32mBuilding C object CMakeFiles/harvest_interfaces__rosidl_typesupport_introspection_c.dir/rosidl_typesupport_introspection_c/harvest_interfaces/srv/detail/get_gripper_pose__type_support.c.o[0m
[9.360s] [ 58%] [32m[1mLinking CXX shared library libharvest_interfaces__rosidl_typesupport_c.so[0m
[9.365s] [ 59%] [32mBuilding CXX object CMakeFiles/harvest_interfaces__rosidl_typesupport_fastrtps_cpp.dir/rosidl_typesupport_fastrtps_cpp/harvest_interfaces/action/detail/dds_fastrtps/event_detection__type_support.cpp.o[0m
[9.367s] [ 60%] [32mBuilding CXX object CMakeFiles/harvest_interfaces__rosidl_typesupport_fastrtps_cpp.dir/rosidl_typesupport_fastrtps_cpp/harvest_interfaces/action/detail/dds_fastrtps/send_trajectory__type_support.cpp.o[0m
[9.367s] [ 61%] [32mBuilding C object CMakeFiles/harvest_interfaces__rosidl_typesupport_introspection_c.dir/rosidl_typesupport_introspection_c/harvest_interfaces/srv/detail/update_trellis_position__type_support.c.o[0m
[9.388s] [ 61%] [32mBuilding CXX object CMakeFiles/harvest_interfaces__rosidl_typesupport_fastrtps_cpp.dir/rosidl_typesupport_fastrtps_cpp/harvest_interfaces/srv/detail/dds_fastrtps/apple_prediction__type_support.cpp.o[0m
[9.421s] [ 62%] [32mBuilding CXX object CMakeFiles/harvest_interfaces__rosidl_typesupport_fastrtps_cpp.dir/rosidl_typesupport_fastrtps_cpp/harvest_interfaces/srv/detail/dds_fastrtps/send_trajectory__type_support.cpp.o[0m
[9.436s] [ 63%] [32mBuilding CXX object CMakeFiles/harvest_interfaces__rosidl_typesupport_fastrtps_cpp.dir/rosidl_typesupport_fastrtps_cpp/harvest_interfaces/srv/detail/dds_fastrtps/coordinate_to_trajectory__type_support.cpp.o[0m
[9.438s] [ 64%] [32mBuilding CXX object CMakeFiles/harvest_interfaces__rosidl_typesupport_fastrtps_cpp.dir/rosidl_typesupport_fastrtps_cpp/harvest_interfaces/srv/detail/dds_fastrtps/voxel_mask__type_support.cpp.o[0m
[9.462s] [ 65%] [32mBuilding C object CMakeFiles/harvest_interfaces__rosidl_typesupport_introspection_c.dir/rosidl_typesupport_introspection_c/harvest_interfaces/srv/detail/voxel_grid__type_support.c.o[0m
[9.491s] [ 65%] [32mBuilding CXX object CMakeFiles/harvest_interfaces__rosidl_typesupport_fastrtps_cpp.dir/rosidl_typesupport_fastrtps_cpp/harvest_interfaces/srv/detail/dds_fastrtps/move_to_pose__type_support.cpp.o[0m
[9.491s] [ 65%] Built target harvest_interfaces__rosidl_typesupport_c
[9.509s] [ 66%] [32mBuilding CXX object CMakeFiles/harvest_interfaces__rosidl_typesupport_fastrtps_cpp.dir/rosidl_typesupport_fastrtps_cpp/harvest_interfaces/srv/detail/dds_fastrtps/set_value__type_support.cpp.o[0m
[9.514s] [ 67%] [32mBuilding CXX object CMakeFiles/harvest_interfaces__rosidl_typesupport_fastrtps_cpp.dir/rosidl_typesupport_fastrtps_cpp/harvest_interfaces/srv/detail/dds_fastrtps/trajectory_between_points__type_support.cpp.o[0m
[9.526s] [ 68%] [32mBuilding CXX object CMakeFiles/harvest_interfaces__rosidl_typesupport_fastrtps_cpp.dir/rosidl_typesupport_fastrtps_cpp/harvest_interfaces/srv/detail/dds_fastrtps/record_topics__type_support.cpp.o[0m
[9.556s] [ 68%] [32mBuilding CXX object CMakeFiles/harvest_interfaces__rosidl_typesupport_fastrtps_cpp.dir/rosidl_typesupport_fastrtps_cpp/harvest_interfaces/srv/detail/dds_fastrtps/get_gripper_pose__type_support.cpp.o[0m
[9.569s] [ 68%] [32mBuilding C object CMakeFiles/harvest_interfaces__rosidl_typesupport_introspection_c.dir/rosidl_typesupport_introspection_c/harvest_interfaces/srv/detail/final_approach_linear__type_support.c.o[0m
[9.633s] [ 69%] [32mBuilding CXX object CMakeFiles/harvest_interfaces__rosidl_typesupport_fastrtps_cpp.dir/rosidl_typesupport_fastrtps_cpp/harvest_interfaces/srv/detail/dds_fastrtps/update_trellis_position__type_support.cpp.o[0m
[9.659s] [ 70%] [32m[1mLinking C shared library libharvest_interfaces__rosidl_typesupport_introspection_c.so[0m
[9.785s] [ 70%] Built target harvest_interfaces__rosidl_typesupport_introspection_c
[9.800s] [ 71%] [32mBuilding CXX object CMakeFiles/harvest_interfaces__rosidl_typesupport_fastrtps_cpp.dir/rosidl_typesupport_fastrtps_cpp/harvest_interfaces/srv/detail/dds_fastrtps/voxel_grid__type_support.cpp.o[0m
[9.869s] [ 72%] [32mBuilding CXX object CMakeFiles/harvest_interfaces__rosidl_typesupport_fastrtps_cpp.dir/rosidl_typesupport_fastrtps_cpp/harvest_interfaces/srv/detail/dds_fastrtps/final_approach_linear__type_support.cpp.o[0m
[9.943s] [ 73%] [32m[1mLinking CXX shared library libharvest_interfaces__rosidl_typesupport_introspection_cpp.so[0m
[10.036s] [ 74%] [32mBuilding CXX object CMakeFiles/harvest_interfaces__rosidl_typesupport_fastrtps_c.dir/rosidl_typesupport_fastrtps_c/harvest_interfaces/action/detail/event_detection__type_support_c.cpp.o[0m
[10.070s] [ 75%] [32mBuilding CXX object CMakeFiles/harvest_interfaces__rosidl_typesupport_fastrtps_c.dir/rosidl_typesupport_fastrtps_c/harvest_interfaces/srv/detail/apple_prediction__type_support_c.cpp.o[0m
[10.082s] [ 75%] [32mBuilding CXX object CMakeFiles/harvest_interfaces__rosidl_typesupport_fastrtps_c.dir/rosidl_typesupport_fastrtps_c/harvest_interfaces/action/detail/send_trajectory__type_support_c.cpp.o[0m
[10.149s] [ 76%] [32mBuilding CXX object CMakeFiles/harvest_interfaces__rosidl_typesupport_fastrtps_c.dir/rosidl_typesupport_fastrtps_c/harvest_interfaces/srv/detail/send_trajectory__type_support_c.cpp.o[0m
[10.191s] [ 77%] [32mBuilding CXX object CMakeFiles/harvest_interfaces__rosidl_typesupport_fastrtps_c.dir/rosidl_typesupport_fastrtps_c/harvest_interfaces/srv/detail/coordinate_to_trajectory__type_support_c.cpp.o[0m
[10.242s] [ 77%] [32mBuilding CXX object CMakeFiles/harvest_interfaces__rosidl_typesupport_fastrtps_c.dir/rosidl_typesupport_fastrtps_c/harvest_interfaces/srv/detail/voxel_mask__type_support_c.cpp.o[0m
[10.271s] [ 77%] Built target harvest_interfaces__rosidl_typesupport_introspection_cpp
[10.277s] [ 78%] [32mBuilding CXX object CMakeFiles/harvest_interfaces__rosidl_typesupport_fastrtps_c.dir/rosidl_typesupport_fastrtps_c/harvest_interfaces/srv/detail/move_to_pose__type_support_c.cpp.o[0m
[10.287s] [ 79%] [32mBuilding CXX object CMakeFiles/harvest_interfaces__rosidl_typesupport_fastrtps_c.dir/rosidl_typesupport_fastrtps_c/harvest_interfaces/srv/detail/trajectory_between_points__type_support_c.cpp.o[0m
[10.298s] [ 79%] [32mBuilding CXX object CMakeFiles/harvest_interfaces__rosidl_typesupport_fastrtps_c.dir/rosidl_typesupport_fastrtps_c/harvest_interfaces/srv/detail/record_topics__type_support_c.cpp.o[0m
[10.302s] [ 80%] [32mBuilding CXX object CMakeFiles/harvest_interfaces__rosidl_typesupport_fastrtps_c.dir/rosidl_typesupport_fastrtps_c/harvest_interfaces/srv/detail/set_value__type_support_c.cpp.o[0m
[10.306s] [ 81%] [32mBuilding CXX object CMakeFiles/harvest_interfaces__rosidl_typesupport_fastrtps_c.dir/rosidl_typesupport_fastrtps_c/harvest_interfaces/srv/detail/get_gripper_pose__type_support_c.cpp.o[0m
[10.330s] [ 82%] [32mBuilding CXX object CMakeFiles/harvest_interfaces__rosidl_typesupport_fastrtps_c.dir/rosidl_typesupport_fastrtps_c/harvest_interfaces/srv/detail/update_trellis_position__type_support_c.cpp.o[0m
[10.373s] [ 83%] [32mBuilding CXX object CMakeFiles/harvest_interfaces__rosidl_typesupport_fastrtps_c.dir/rosidl_typesupport_fastrtps_c/harvest_interfaces/srv/detail/voxel_grid__type_support_c.cpp.o[0m
[10.408s] [ 83%] [32mBuilding CXX object CMakeFiles/harvest_interfaces__rosidl_typesupport_fastrtps_c.dir/rosidl_typesupport_fastrtps_c/harvest_interfaces/srv/detail/final_approach_linear__type_support_c.cpp.o[0m
[10.596s] [ 83%] [32m[1mLinking CXX shared library libharvest_interfaces__rosidl_typesupport_fastrtps_cpp.so[0m
[10.776s] [ 83%] Built target harvest_interfaces__rosidl_typesupport_fastrtps_cpp
[10.933s] [ 84%] [32m[1mLinking CXX shared library libharvest_interfaces__rosidl_typesupport_fastrtps_c.so[0m
[11.002s] [ 84%] Built target harvest_interfaces__rosidl_typesupport_fastrtps_c
[11.022s] [ 84%] Built target harvest_interfaces
[11.040s] [ 85%] [34m[1mGenerating Python code for ROS interfaces[0m
[13.361s] [ 85%] Built target harvest_interfaces__py
[13.383s] [ 88%] [32mBuilding C object CMakeFiles/harvest_interfaces__rosidl_generator_py.dir/rosidl_generator_py/harvest_interfaces/action/_event_detection_s.c.o[0m
[13.383s] [ 88%] [32mBuilding C object CMakeFiles/harvest_interfaces__rosidl_generator_py.dir/rosidl_generator_py/harvest_interfaces/action/_send_trajectory_s.c.o[0m
[13.383s] [ 88%] [32mBuilding C object CMakeFiles/harvest_interfaces__rosidl_generator_py.dir/rosidl_generator_py/harvest_interfaces/srv/_send_trajectory_s.c.o[0m
[13.383s] [ 88%] [32mBuilding C object CMakeFiles/harvest_interfaces__rosidl_generator_py.dir/rosidl_generator_py/harvest_interfaces/srv/_apple_prediction_s.c.o[0m
[13.383s] [ 88%] [32mBuilding C object CMakeFiles/harvest_interfaces__rosidl_generator_py.dir/rosidl_generator_py/harvest_interfaces/srv/_voxel_mask_s.c.o[0m
[13.383s] [ 89%] [32mBuilding C object CMakeFiles/harvest_interfaces__rosidl_generator_py.dir/rosidl_generator_py/harvest_interfaces/srv/_move_to_pose_s.c.o[0m
[13.383s] [ 90%] [32mBuilding C object CMakeFiles/harvest_interfaces__rosidl_generator_py.dir/rosidl_generator_py/harvest_interfaces/srv/_trajectory_between_points_s.c.o[0m
[13.383s] [ 91%] [32mBuilding C object CMakeFiles/harvest_interfaces__rosidl_generator_py.dir/rosidl_generator_py/harvest_interfaces/srv/_set_value_s.c.o[0m
[13.383s] [ 91%] [32mBuilding C object CMakeFiles/harvest_interfaces__rosidl_generator_py.dir/rosidl_generator_py/harvest_interfaces/srv/_record_topics_s.c.o[0m
[13.383s] [ 92%] [32mBuilding C object CMakeFiles/harvest_interfaces__rosidl_generator_py.dir/rosidl_generator_py/harvest_interfaces/srv/_get_gripper_pose_s.c.o[0m
[13.383s] [ 93%] [32mBuilding C object CMakeFiles/harvest_interfaces__rosidl_generator_py.dir/rosidl_generator_py/harvest_interfaces/srv/_coordinate_to_trajectory_s.c.o[0m
[13.383s] [ 93%] [32mBuilding C object CMakeFiles/harvest_interfaces__rosidl_generator_py.dir/rosidl_generator_py/harvest_interfaces/srv/_voxel_grid_s.c.o[0m
[13.383s] [ 94%] [32mBuilding C object CMakeFiles/harvest_interfaces__rosidl_generator_py.dir/rosidl_generator_py/harvest_interfaces/srv/_update_trellis_position_s.c.o[0m
[13.390s] [ 95%] [32mBuilding C object CMakeFiles/harvest_interfaces__rosidl_generator_py.dir/rosidl_generator_py/harvest_interfaces/srv/_final_approach_linear_s.c.o[0m
[13.560s] [ 96%] [32m[1mLinking C shared library rosidl_generator_py/harvest_interfaces/libharvest_interfaces__rosidl_generator_py.so[0m
[13.599s] [ 96%] Built target harvest_interfaces__rosidl_generator_py
[13.615s] [ 99%] [32mBuilding C object CMakeFiles/harvest_interfaces__rosidl_typesupport_c__pyext.dir/rosidl_generator_py/harvest_interfaces/_harvest_interfaces_s.ep.rosidl_typesupport_c.c.o[0m
[13.615s] [ 99%] [32mBuilding C object CMakeFiles/harvest_interfaces__rosidl_typesupport_fastrtps_c__pyext.dir/rosidl_generator_py/harvest_interfaces/_harvest_interfaces_s.ep.rosidl_typesupport_fastrtps_c.c.o[0m
[13.616s] [ 99%] [32mBuilding C object CMakeFiles/harvest_interfaces__rosidl_typesupport_introspection_c__pyext.dir/rosidl_generator_py/harvest_interfaces/_harvest_interfaces_s.ep.rosidl_typesupport_introspection_c.c.o[0m
[13.787s] [ 99%] [32m[1mLinking C shared library rosidl_generator_py/harvest_interfaces/harvest_interfaces_s__rosidl_typesupport_fastrtps_c.cpython-310-x86_64-linux-gnu.so[0m
[13.787s] [ 99%] [32m[1mLinking C shared library rosidl_generator_py/harvest_interfaces/harvest_interfaces_s__rosidl_typesupport_c.cpython-310-x86_64-linux-gnu.so[0m
[13.787s] [100%] [32m[1mLinking C shared library rosidl_generator_py/harvest_interfaces/harvest_interfaces_s__rosidl_typesupport_introspection_c.cpython-310-x86_64-linux-gnu.so[0m
[13.825s] [100%] Built target harvest_interfaces__rosidl_typesupport_fastrtps_c__pyext
[13.825s] [100%] Built target harvest_interfaces__rosidl_typesupport_introspection_c__pyext
[13.826s] [100%] Built target harvest_interfaces__rosidl_typesupport_c__pyext
[13.838s] Invoked command in '/home/imml/git/ROB_534_Project/build/harvest_interfaces' returned '0': CMAKE_PREFIX_PATH=/opt/ros/humble /usr/bin/cmake --build /home/imml/git/ROB_534_Project/build/harvest_interfaces -- -j16 -l16
[13.839s] Invoking command in '/home/imml/git/ROB_534_Project/build/harvest_interfaces': CMAKE_PREFIX_PATH=/opt/ros/humble /usr/bin/cmake --install /home/imml/git/ROB_534_Project/build/harvest_interfaces
[13.845s] -- Install configuration: ""
[13.845s] -- Execute custom install script
[13.845s] -- Symlinking: /home/imml/git/ROB_534_Project/install/harvest_interfaces/share/ament_index/resource_index/rosidl_interfaces/harvest_interfaces
[13.853s] -- Symlinking: /home/imml/git/ROB_534_Project/install/harvest_interfaces/include/harvest_interfaces/harvest_interfaces/action/detail/event_detection__functions.h
[13.859s] -- Symlinking: /home/imml/git/ROB_534_Project/install/harvest_interfaces/include/harvest_interfaces/harvest_interfaces/action/detail/event_detection__struct.h
[13.866s] -- Symlinking: /home/imml/git/ROB_534_Project/install/harvest_interfaces/include/harvest_interfaces/harvest_interfaces/action/detail/event_detection__type_support.h
[13.873s] -- Symlinking: /home/imml/git/ROB_534_Project/install/harvest_interfaces/include/harvest_interfaces/harvest_interfaces/action/detail/send_trajectory__functions.h
[13.881s] -- Symlinking: /home/imml/git/ROB_534_Project/install/harvest_interfaces/include/harvest_interfaces/harvest_interfaces/action/detail/send_trajectory__struct.h
[13.888s] -- Symlinking: /home/imml/git/ROB_534_Project/install/harvest_interfaces/include/harvest_interfaces/harvest_interfaces/action/detail/send_trajectory__type_support.h
[13.895s] -- Symlinking: /home/imml/git/ROB_534_Project/install/harvest_interfaces/include/harvest_interfaces/harvest_interfaces/action/event_detection.h
[13.902s] -- Symlinking: /home/imml/git/ROB_534_Project/install/harvest_interfaces/include/harvest_interfaces/harvest_interfaces/action/send_trajectory.h
[13.909s] -- Symlinking: /home/imml/git/ROB_534_Project/install/harvest_interfaces/include/harvest_interfaces/harvest_interfaces/msg/rosidl_generator_c__visibility_control.h
[13.917s] -- Symlinking: /home/imml/git/ROB_534_Project/install/harvest_interfaces/include/harvest_interfaces/harvest_interfaces/srv/apple_prediction.h
[13.924s] -- Symlinking: /home/imml/git/ROB_534_Project/install/harvest_interfaces/include/harvest_interfaces/harvest_interfaces/srv/coordinate_to_trajectory.h
[13.932s] -- Symlinking: /home/imml/git/ROB_534_Project/install/harvest_interfaces/include/harvest_interfaces/harvest_interfaces/srv/detail/apple_prediction__functions.h
[13.939s] -- Symlinking: /home/imml/git/ROB_534_Project/install/harvest_interfaces/include/harvest_interfaces/harvest_interfaces/srv/detail/apple_prediction__struct.h
[13.946s] -- Symlinking: /home/imml/git/ROB_534_Project/install/harvest_interfaces/include/harvest_interfaces/harvest_interfaces/srv/detail/apple_prediction__type_support.h
[13.954s] -- Symlinking: /home/imml/git/ROB_534_Project/install/harvest_interfaces/include/harvest_interfaces/harvest_interfaces/srv/detail/coordinate_to_trajectory__functions.h
[13.961s] -- Symlinking: /home/imml/git/ROB_534_Project/install/harvest_interfaces/include/harvest_interfaces/harvest_interfaces/srv/detail/coordinate_to_trajectory__struct.h
[13.968s] -- Symlinking: /home/imml/git/ROB_534_Project/install/harvest_interfaces/include/harvest_interfaces/harvest_interfaces/srv/detail/coordinate_to_trajectory__type_support.h
[13.976s] -- Symlinking: /home/imml/git/ROB_534_Project/install/harvest_interfaces/include/harvest_interfaces/harvest_interfaces/srv/detail/final_approach_linear__functions.h
[13.983s] -- Symlinking: /home/imml/git/ROB_534_Project/install/harvest_interfaces/include/harvest_interfaces/harvest_interfaces/srv/detail/final_approach_linear__struct.h
[13.990s] -- Symlinking: /home/imml/git/ROB_534_Project/install/harvest_interfaces/include/harvest_interfaces/harvest_interfaces/srv/detail/final_approach_linear__type_support.h
[13.997s] -- Symlinking: /home/imml/git/ROB_534_Project/install/harvest_interfaces/include/harvest_interfaces/harvest_interfaces/srv/detail/get_gripper_pose__functions.h
[14.004s] -- Symlinking: /home/imml/git/ROB_534_Project/install/harvest_interfaces/include/harvest_interfaces/harvest_interfaces/srv/detail/get_gripper_pose__struct.h
[14.011s] -- Symlinking: /home/imml/git/ROB_534_Project/install/harvest_interfaces/include/harvest_interfaces/harvest_interfaces/srv/detail/get_gripper_pose__type_support.h
[14.019s] -- Symlinking: /home/imml/git/ROB_534_Project/install/harvest_interfaces/include/harvest_interfaces/harvest_interfaces/srv/detail/move_to_pose__functions.h
[14.026s] -- Symlinking: /home/imml/git/ROB_534_Project/install/harvest_interfaces/include/harvest_interfaces/harvest_interfaces/srv/detail/move_to_pose__struct.h
[14.033s] -- Symlinking: /home/imml/git/ROB_534_Project/install/harvest_interfaces/include/harvest_interfaces/harvest_interfaces/srv/detail/move_to_pose__type_support.h
[14.039s] -- Symlinking: /home/imml/git/ROB_534_Project/install/harvest_interfaces/include/harvest_interfaces/harvest_interfaces/srv/detail/record_topics__functions.h
[14.047s] -- Symlinking: /home/imml/git/ROB_534_Project/install/harvest_interfaces/include/harvest_interfaces/harvest_interfaces/srv/detail/record_topics__struct.h
[14.053s] -- Symlinking: /home/imml/git/ROB_534_Project/install/harvest_interfaces/include/harvest_interfaces/harvest_interfaces/srv/detail/record_topics__type_support.h
[14.060s] -- Symlinking: /home/imml/git/ROB_534_Project/install/harvest_interfaces/include/harvest_interfaces/harvest_interfaces/srv/detail/send_trajectory__functions.h
[14.067s] -- Symlinking: /home/imml/git/ROB_534_Project/install/harvest_interfaces/include/harvest_interfaces/harvest_interfaces/srv/detail/send_trajectory__struct.h
[14.075s] -- Symlinking: /home/imml/git/ROB_534_Project/install/harvest_interfaces/include/harvest_interfaces/harvest_interfaces/srv/detail/send_trajectory__type_support.h
[14.081s] -- Symlinking: /home/imml/git/ROB_534_Project/install/harvest_interfaces/include/harvest_interfaces/harvest_interfaces/srv/detail/set_value__functions.h
[14.088s] -- Symlinking: /home/imml/git/ROB_534_Project/install/harvest_interfaces/include/harvest_interfaces/harvest_interfaces/srv/detail/set_value__struct.h
[14.095s] -- Symlinking: /home/imml/git/ROB_534_Project/install/harvest_interfaces/include/harvest_interfaces/harvest_interfaces/srv/detail/set_value__type_support.h
[14.102s] -- Symlinking: /home/imml/git/ROB_534_Project/install/harvest_interfaces/include/harvest_interfaces/harvest_interfaces/srv/detail/trajectory_between_points__functions.h
[14.109s] -- Symlinking: /home/imml/git/ROB_534_Project/install/harvest_interfaces/include/harvest_interfaces/harvest_interfaces/srv/detail/trajectory_between_points__struct.h
[14.116s] -- Symlinking: /home/imml/git/ROB_534_Project/install/harvest_interfaces/include/harvest_interfaces/harvest_interfaces/srv/detail/trajectory_between_points__type_support.h
[14.123s] -- Symlinking: /home/imml/git/ROB_534_Project/install/harvest_interfaces/include/harvest_interfaces/harvest_interfaces/srv/detail/update_trellis_position__functions.h
[14.130s] -- Symlinking: /home/imml/git/ROB_534_Project/install/harvest_interfaces/include/harvest_interfaces/harvest_interfaces/srv/detail/update_trellis_position__struct.h
[14.137s] -- Symlinking: /home/imml/git/ROB_534_Project/install/harvest_interfaces/include/harvest_interfaces/harvest_interfaces/srv/detail/update_trellis_position__type_support.h
[14.144s] -- Symlinking: /home/imml/git/ROB_534_Project/install/harvest_interfaces/include/harvest_interfaces/harvest_interfaces/srv/detail/voxel_grid__functions.h
[14.151s] -- Symlinking: /home/imml/git/ROB_534_Project/install/harvest_interfaces/include/harvest_interfaces/harvest_interfaces/srv/detail/voxel_grid__struct.h
[14.158s] -- Symlinking: /home/imml/git/ROB_534_Project/install/harvest_interfaces/include/harvest_interfaces/harvest_interfaces/srv/detail/voxel_grid__type_support.h
[14.165s] -- Symlinking: /home/imml/git/ROB_534_Project/install/harvest_interfaces/include/harvest_interfaces/harvest_interfaces/srv/detail/voxel_mask__functions.h
[14.172s] -- Symlinking: /home/imml/git/ROB_534_Project/install/harvest_interfaces/include/harvest_interfaces/harvest_interfaces/srv/detail/voxel_mask__struct.h
[14.179s] -- Symlinking: /home/imml/git/ROB_534_Project/install/harvest_interfaces/include/harvest_interfaces/harvest_interfaces/srv/detail/voxel_mask__type_support.h
[14.186s] -- Symlinking: /home/imml/git/ROB_534_Project/install/harvest_interfaces/include/harvest_interfaces/harvest_interfaces/srv/final_approach_linear.h
[14.193s] -- Symlinking: /home/imml/git/ROB_534_Project/install/harvest_interfaces/include/harvest_interfaces/harvest_interfaces/srv/get_gripper_pose.h
[14.201s] -- Symlinking: /home/imml/git/ROB_534_Project/install/harvest_interfaces/include/harvest_interfaces/harvest_interfaces/srv/move_to_pose.h
[14.209s] -- Symlinking: /home/imml/git/ROB_534_Project/install/harvest_interfaces/include/harvest_interfaces/harvest_interfaces/srv/record_topics.h
[14.216s] -- Symlinking: /home/imml/git/ROB_534_Project/install/harvest_interfaces/include/harvest_interfaces/harvest_interfaces/srv/send_trajectory.h
[14.223s] -- Symlinking: /home/imml/git/ROB_534_Project/install/harvest_interfaces/include/harvest_interfaces/harvest_interfaces/srv/set_value.h
[14.230s] -- Symlinking: /home/imml/git/ROB_534_Project/install/harvest_interfaces/include/harvest_interfaces/harvest_interfaces/srv/trajectory_between_points.h
[14.237s] -- Symlinking: /home/imml/git/ROB_534_Project/install/harvest_interfaces/include/harvest_interfaces/harvest_interfaces/srv/update_trellis_position.h
[14.244s] -- Symlinking: /home/imml/git/ROB_534_Project/install/harvest_interfaces/include/harvest_interfaces/harvest_interfaces/srv/voxel_grid.h
[14.251s] -- Symlinking: /home/imml/git/ROB_534_Project/install/harvest_interfaces/include/harvest_interfaces/harvest_interfaces/srv/voxel_mask.h
[14.259s] -- Symlinking: /home/imml/git/ROB_534_Project/install/harvest_interfaces/share/harvest_interfaces/environment/library_path.sh
[14.266s] -- Symlinking: /home/imml/git/ROB_534_Project/install/harvest_interfaces/share/harvest_interfaces/environment/library_path.dsv
[14.273s] -- Symlinking: /home/imml/git/ROB_534_Project/install/harvest_interfaces/include/harvest_interfaces/harvest_interfaces/action/detail/event_detection__rosidl_typesupport_fastrtps_c.h
[14.280s] -- Symlinking: /home/imml/git/ROB_534_Project/install/harvest_interfaces/include/harvest_interfaces/harvest_interfaces/action/detail/send_trajectory__rosidl_typesupport_fastrtps_c.h
[14.287s] -- Symlinking: /home/imml/git/ROB_534_Project/install/harvest_interfaces/include/harvest_interfaces/harvest_interfaces/msg/rosidl_typesupport_fastrtps_c__visibility_control.h
[14.295s] -- Symlinking: /home/imml/git/ROB_534_Project/install/harvest_interfaces/include/harvest_interfaces/harvest_interfaces/srv/detail/apple_prediction__rosidl_typesupport_fastrtps_c.h
[14.302s] -- Symlinking: /home/imml/git/ROB_534_Project/install/harvest_interfaces/include/harvest_interfaces/harvest_interfaces/srv/detail/coordinate_to_trajectory__rosidl_typesupport_fastrtps_c.h
[14.310s] -- Symlinking: /home/imml/git/ROB_534_Project/install/harvest_interfaces/include/harvest_interfaces/harvest_interfaces/srv/detail/final_approach_linear__rosidl_typesupport_fastrtps_c.h
[14.318s] -- Symlinking: /home/imml/git/ROB_534_Project/install/harvest_interfaces/include/harvest_interfaces/harvest_interfaces/srv/detail/get_gripper_pose__rosidl_typesupport_fastrtps_c.h
[14.325s] -- Symlinking: /home/imml/git/ROB_534_Project/install/harvest_interfaces/include/harvest_interfaces/harvest_interfaces/srv/detail/move_to_pose__rosidl_typesupport_fastrtps_c.h
[14.333s] -- Symlinking: /home/imml/git/ROB_534_Project/install/harvest_interfaces/include/harvest_interfaces/harvest_interfaces/srv/detail/record_topics__rosidl_typesupport_fastrtps_c.h
[14.340s] -- Symlinking: /home/imml/git/ROB_534_Project/install/harvest_interfaces/include/harvest_interfaces/harvest_interfaces/srv/detail/send_trajectory__rosidl_typesupport_fastrtps_c.h
[14.348s] -- Symlinking: /home/imml/git/ROB_534_Project/install/harvest_interfaces/include/harvest_interfaces/harvest_interfaces/srv/detail/set_value__rosidl_typesupport_fastrtps_c.h
[14.355s] -- Symlinking: /home/imml/git/ROB_534_Project/install/harvest_interfaces/include/harvest_interfaces/harvest_interfaces/srv/detail/trajectory_between_points__rosidl_typesupport_fastrtps_c.h
[14.362s] -- Symlinking: /home/imml/git/ROB_534_Project/install/harvest_interfaces/include/harvest_interfaces/harvest_interfaces/srv/detail/update_trellis_position__rosidl_typesupport_fastrtps_c.h
[14.370s] -- Symlinking: /home/imml/git/ROB_534_Project/install/harvest_interfaces/include/harvest_interfaces/harvest_interfaces/srv/detail/voxel_grid__rosidl_typesupport_fastrtps_c.h
[14.378s] -- Symlinking: /home/imml/git/ROB_534_Project/install/harvest_interfaces/include/harvest_interfaces/harvest_interfaces/srv/detail/voxel_mask__rosidl_typesupport_fastrtps_c.h
[14.385s] -- Symlinking: /home/imml/git/ROB_534_Project/install/harvest_interfaces/include/harvest_interfaces/harvest_interfaces/action/detail/event_detection__rosidl_typesupport_introspection_c.h
[14.393s] -- Symlinking: /home/imml/git/ROB_534_Project/install/harvest_interfaces/include/harvest_interfaces/harvest_interfaces/action/detail/send_trajectory__rosidl_typesupport_introspection_c.h
[14.400s] -- Symlinking: /home/imml/git/ROB_534_Project/install/harvest_interfaces/include/harvest_interfaces/harvest_interfaces/msg/rosidl_typesupport_introspection_c__visibility_control.h
[14.408s] -- Symlinking: /home/imml/git/ROB_534_Project/install/harvest_interfaces/include/harvest_interfaces/harvest_interfaces/srv/detail/apple_prediction__rosidl_typesupport_introspection_c.h
[14.415s] -- Symlinking: /home/imml/git/ROB_534_Project/install/harvest_interfaces/include/harvest_interfaces/harvest_interfaces/srv/detail/coordinate_to_trajectory__rosidl_typesupport_introspection_c.h
[14.423s] -- Symlinking: /home/imml/git/ROB_534_Project/install/harvest_interfaces/include/harvest_interfaces/harvest_interfaces/srv/detail/final_approach_linear__rosidl_typesupport_introspection_c.h
[14.430s] -- Symlinking: /home/imml/git/ROB_534_Project/install/harvest_interfaces/include/harvest_interfaces/harvest_interfaces/srv/detail/get_gripper_pose__rosidl_typesupport_introspection_c.h
[14.438s] -- Symlinking: /home/imml/git/ROB_534_Project/install/harvest_interfaces/include/harvest_interfaces/harvest_interfaces/srv/detail/move_to_pose__rosidl_typesupport_introspection_c.h
[14.445s] -- Symlinking: /home/imml/git/ROB_534_Project/install/harvest_interfaces/include/harvest_interfaces/harvest_interfaces/srv/detail/record_topics__rosidl_typesupport_introspection_c.h
[14.453s] -- Symlinking: /home/imml/git/ROB_534_Project/install/harvest_interfaces/include/harvest_interfaces/harvest_interfaces/srv/detail/send_trajectory__rosidl_typesupport_introspection_c.h
[14.461s] -- Symlinking: /home/imml/git/ROB_534_Project/install/harvest_interfaces/include/harvest_interfaces/harvest_interfaces/srv/detail/set_value__rosidl_typesupport_introspection_c.h
[14.468s] -- Symlinking: /home/imml/git/ROB_534_Project/install/harvest_interfaces/include/harvest_interfaces/harvest_interfaces/srv/detail/trajectory_between_points__rosidl_typesupport_introspection_c.h
[14.476s] -- Symlinking: /home/imml/git/ROB_534_Project/install/harvest_interfaces/include/harvest_interfaces/harvest_interfaces/srv/detail/update_trellis_position__rosidl_typesupport_introspection_c.h
[14.483s] -- Symlinking: /home/imml/git/ROB_534_Project/install/harvest_interfaces/include/harvest_interfaces/harvest_interfaces/srv/detail/voxel_grid__rosidl_typesupport_introspection_c.h
[14.490s] -- Symlinking: /home/imml/git/ROB_534_Project/install/harvest_interfaces/include/harvest_interfaces/harvest_interfaces/srv/detail/voxel_mask__rosidl_typesupport_introspection_c.h
[14.498s] -- Symlinking: /home/imml/git/ROB_534_Project/install/harvest_interfaces/include/harvest_interfaces/harvest_interfaces/action/detail/event_detection__builder.hpp
[14.505s] -- Symlinking: /home/imml/git/ROB_534_Project/install/harvest_interfaces/include/harvest_interfaces/harvest_interfaces/action/detail/event_detection__struct.hpp
[14.512s] -- Symlinking: /home/imml/git/ROB_534_Project/install/harvest_interfaces/include/harvest_interfaces/harvest_interfaces/action/detail/event_detection__traits.hpp
[14.519s] -- Symlinking: /home/imml/git/ROB_534_Project/install/harvest_interfaces/include/harvest_interfaces/harvest_interfaces/action/detail/event_detection__type_support.hpp
[14.526s] -- Symlinking: /home/imml/git/ROB_534_Project/install/harvest_interfaces/include/harvest_interfaces/harvest_interfaces/action/detail/send_trajectory__builder.hpp
[14.533s] -- Symlinking: /home/imml/git/ROB_534_Project/install/harvest_interfaces/include/harvest_interfaces/harvest_interfaces/action/detail/send_trajectory__struct.hpp
[14.540s] -- Symlinking: /home/imml/git/ROB_534_Project/install/harvest_interfaces/include/harvest_interfaces/harvest_interfaces/action/detail/send_trajectory__traits.hpp
[14.547s] -- Symlinking: /home/imml/git/ROB_534_Project/install/harvest_interfaces/include/harvest_interfaces/harvest_interfaces/action/detail/send_trajectory__type_support.hpp
[14.554s] -- Symlinking: /home/imml/git/ROB_534_Project/install/harvest_interfaces/include/harvest_interfaces/harvest_interfaces/action/event_detection.hpp
[14.561s] -- Symlinking: /home/imml/git/ROB_534_Project/install/harvest_interfaces/include/harvest_interfaces/harvest_interfaces/action/send_trajectory.hpp
[14.567s] -- Symlinking: /home/imml/git/ROB_534_Project/install/harvest_interfaces/include/harvest_interfaces/harvest_interfaces/msg/rosidl_generator_cpp__visibility_control.hpp
[14.574s] -- Symlinking: /home/imml/git/ROB_534_Project/install/harvest_interfaces/include/harvest_interfaces/harvest_interfaces/srv/apple_prediction.hpp
[14.581s] -- Symlinking: /home/imml/git/ROB_534_Project/install/harvest_interfaces/include/harvest_interfaces/harvest_interfaces/srv/coordinate_to_trajectory.hpp
[14.588s] -- Symlinking: /home/imml/git/ROB_534_Project/install/harvest_interfaces/include/harvest_interfaces/harvest_interfaces/srv/detail/apple_prediction__builder.hpp
[14.595s] -- Symlinking: /home/imml/git/ROB_534_Project/install/harvest_interfaces/include/harvest_interfaces/harvest_interfaces/srv/detail/apple_prediction__struct.hpp
[14.602s] -- Symlinking: /home/imml/git/ROB_534_Project/install/harvest_interfaces/include/harvest_interfaces/harvest_interfaces/srv/detail/apple_prediction__traits.hpp
[14.609s] -- Symlinking: /home/imml/git/ROB_534_Project/install/harvest_interfaces/include/harvest_interfaces/harvest_interfaces/srv/detail/apple_prediction__type_support.hpp
[14.616s] -- Symlinking: /home/imml/git/ROB_534_Project/install/harvest_interfaces/include/harvest_interfaces/harvest_interfaces/srv/detail/coordinate_to_trajectory__builder.hpp
[14.624s] -- Symlinking: /home/imml/git/ROB_534_Project/install/harvest_interfaces/include/harvest_interfaces/harvest_interfaces/srv/detail/coordinate_to_trajectory__struct.hpp
[14.630s] -- Symlinking: /home/imml/git/ROB_534_Project/install/harvest_interfaces/include/harvest_interfaces/harvest_interfaces/srv/detail/coordinate_to_trajectory__traits.hpp
[14.637s] -- Symlinking: /home/imml/git/ROB_534_Project/install/harvest_interfaces/include/harvest_interfaces/harvest_interfaces/srv/detail/coordinate_to_trajectory__type_support.hpp
[14.645s] -- Symlinking: /home/imml/git/ROB_534_Project/install/harvest_interfaces/include/harvest_interfaces/harvest_interfaces/srv/detail/final_approach_linear__builder.hpp
[14.652s] -- Symlinking: /home/imml/git/ROB_534_Project/install/harvest_interfaces/include/harvest_interfaces/harvest_interfaces/srv/detail/final_approach_linear__struct.hpp
[14.659s] -- Symlinking: /home/imml/git/ROB_534_Project/install/harvest_interfaces/include/harvest_interfaces/harvest_interfaces/srv/detail/final_approach_linear__traits.hpp
[14.666s] -- Symlinking: /home/imml/git/ROB_534_Project/install/harvest_interfaces/include/harvest_interfaces/harvest_interfaces/srv/detail/final_approach_linear__type_support.hpp
[14.674s] -- Symlinking: /home/imml/git/ROB_534_Project/install/harvest_interfaces/include/harvest_interfaces/harvest_interfaces/srv/detail/get_gripper_pose__builder.hpp
[14.681s] -- Symlinking: /home/imml/git/ROB_534_Project/install/harvest_interfaces/include/harvest_interfaces/harvest_interfaces/srv/detail/get_gripper_pose__struct.hpp
[14.688s] -- Symlinking: /home/imml/git/ROB_534_Project/install/harvest_interfaces/include/harvest_interfaces/harvest_interfaces/srv/detail/get_gripper_pose__traits.hpp
[14.695s] -- Symlinking: /home/imml/git/ROB_534_Project/install/harvest_interfaces/include/harvest_interfaces/harvest_interfaces/srv/detail/get_gripper_pose__type_support.hpp
[14.703s] -- Symlinking: /home/imml/git/ROB_534_Project/install/harvest_interfaces/include/harvest_interfaces/harvest_interfaces/srv/detail/move_to_pose__builder.hpp
[14.710s] -- Symlinking: /home/imml/git/ROB_534_Project/install/harvest_interfaces/include/harvest_interfaces/harvest_interfaces/srv/detail/move_to_pose__struct.hpp
[14.717s] -- Symlinking: /home/imml/git/ROB_534_Project/install/harvest_interfaces/include/harvest_interfaces/harvest_interfaces/srv/detail/move_to_pose__traits.hpp
[14.725s] -- Symlinking: /home/imml/git/ROB_534_Project/install/harvest_interfaces/include/harvest_interfaces/harvest_interfaces/srv/detail/move_to_pose__type_support.hpp
[14.732s] -- Symlinking: /home/imml/git/ROB_534_Project/install/harvest_interfaces/include/harvest_interfaces/harvest_interfaces/srv/detail/record_topics__builder.hpp
[14.739s] -- Symlinking: /home/imml/git/ROB_534_Project/install/harvest_interfaces/include/harvest_interfaces/harvest_interfaces/srv/detail/record_topics__struct.hpp
[14.747s] -- Symlinking: /home/imml/git/ROB_534_Project/install/harvest_interfaces/include/harvest_interfaces/harvest_interfaces/srv/detail/record_topics__traits.hpp
[14.754s] -- Symlinking: /home/imml/git/ROB_534_Project/install/harvest_interfaces/include/harvest_interfaces/harvest_interfaces/srv/detail/record_topics__type_support.hpp
[14.762s] -- Symlinking: /home/imml/git/ROB_534_Project/install/harvest_interfaces/include/harvest_interfaces/harvest_interfaces/srv/detail/send_trajectory__builder.hpp
[14.770s] -- Symlinking: /home/imml/git/ROB_534_Project/install/harvest_interfaces/include/harvest_interfaces/harvest_interfaces/srv/detail/send_trajectory__struct.hpp
[14.778s] -- Symlinking: /home/imml/git/ROB_534_Project/install/harvest_interfaces/include/harvest_interfaces/harvest_interfaces/srv/detail/send_trajectory__traits.hpp
[14.786s] -- Symlinking: /home/imml/git/ROB_534_Project/install/harvest_interfaces/include/harvest_interfaces/harvest_interfaces/srv/detail/send_trajectory__type_support.hpp
[14.793s] -- Symlinking: /home/imml/git/ROB_534_Project/install/harvest_interfaces/include/harvest_interfaces/harvest_interfaces/srv/detail/set_value__builder.hpp
[14.801s] -- Symlinking: /home/imml/git/ROB_534_Project/install/harvest_interfaces/include/harvest_interfaces/harvest_interfaces/srv/detail/set_value__struct.hpp
[14.809s] -- Symlinking: /home/imml/git/ROB_534_Project/install/harvest_interfaces/include/harvest_interfaces/harvest_interfaces/srv/detail/set_value__traits.hpp
[14.817s] -- Symlinking: /home/imml/git/ROB_534_Project/install/harvest_interfaces/include/harvest_interfaces/harvest_interfaces/srv/detail/set_value__type_support.hpp
[14.824s] -- Symlinking: /home/imml/git/ROB_534_Project/install/harvest_interfaces/include/harvest_interfaces/harvest_interfaces/srv/detail/trajectory_between_points__builder.hpp
[14.832s] -- Symlinking: /home/imml/git/ROB_534_Project/install/harvest_interfaces/include/harvest_interfaces/harvest_interfaces/srv/detail/trajectory_between_points__struct.hpp
[14.839s] -- Symlinking: /home/imml/git/ROB_534_Project/install/harvest_interfaces/include/harvest_interfaces/harvest_interfaces/srv/detail/trajectory_between_points__traits.hpp
[14.847s] -- Symlinking: /home/imml/git/ROB_534_Project/install/harvest_interfaces/include/harvest_interfaces/harvest_interfaces/srv/detail/trajectory_between_points__type_support.hpp
[14.854s] -- Symlinking: /home/imml/git/ROB_534_Project/install/harvest_interfaces/include/harvest_interfaces/harvest_interfaces/srv/detail/update_trellis_position__builder.hpp
[14.862s] -- Symlinking: /home/imml/git/ROB_534_Project/install/harvest_interfaces/include/harvest_interfaces/harvest_interfaces/srv/detail/update_trellis_position__struct.hpp
[14.870s] -- Symlinking: /home/imml/git/ROB_534_Project/install/harvest_interfaces/include/harvest_interfaces/harvest_interfaces/srv/detail/update_trellis_position__traits.hpp
[14.877s] -- Symlinking: /home/imml/git/ROB_534_Project/install/harvest_interfaces/include/harvest_interfaces/harvest_interfaces/srv/detail/update_trellis_position__type_support.hpp
[14.885s] -- Symlinking: /home/imml/git/ROB_534_Project/install/harvest_interfaces/include/harvest_interfaces/harvest_interfaces/srv/detail/voxel_grid__builder.hpp
[14.892s] -- Symlinking: /home/imml/git/ROB_534_Project/install/harvest_interfaces/include/harvest_interfaces/harvest_interfaces/srv/detail/voxel_grid__struct.hpp
[14.900s] -- Symlinking: /home/imml/git/ROB_534_Project/install/harvest_interfaces/include/harvest_interfaces/harvest_interfaces/srv/detail/voxel_grid__traits.hpp
[14.908s] -- Symlinking: /home/imml/git/ROB_534_Project/install/harvest_interfaces/include/harvest_interfaces/harvest_interfaces/srv/detail/voxel_grid__type_support.hpp
[14.915s] -- Symlinking: /home/imml/git/ROB_534_Project/install/harvest_interfaces/include/harvest_interfaces/harvest_interfaces/srv/detail/voxel_mask__builder.hpp
[14.923s] -- Symlinking: /home/imml/git/ROB_534_Project/install/harvest_interfaces/include/harvest_interfaces/harvest_interfaces/srv/detail/voxel_mask__struct.hpp
[14.930s] -- Symlinking: /home/imml/git/ROB_534_Project/install/harvest_interfaces/include/harvest_interfaces/harvest_interfaces/srv/detail/voxel_mask__traits.hpp
[14.938s] -- Symlinking: /home/imml/git/ROB_534_Project/install/harvest_interfaces/include/harvest_interfaces/harvest_interfaces/srv/detail/voxel_mask__type_support.hpp
[14.945s] -- Symlinking: /home/imml/git/ROB_534_Project/install/harvest_interfaces/include/harvest_interfaces/harvest_interfaces/srv/final_approach_linear.hpp
[14.953s] -- Symlinking: /home/imml/git/ROB_534_Project/install/harvest_interfaces/include/harvest_interfaces/harvest_interfaces/srv/get_gripper_pose.hpp
[14.960s] -- Symlinking: /home/imml/git/ROB_534_Project/install/harvest_interfaces/include/harvest_interfaces/harvest_interfaces/srv/move_to_pose.hpp
[14.967s] -- Symlinking: /home/imml/git/ROB_534_Project/install/harvest_interfaces/include/harvest_interfaces/harvest_interfaces/srv/record_topics.hpp
[14.975s] -- Symlinking: /home/imml/git/ROB_534_Project/install/harvest_interfaces/include/harvest_interfaces/harvest_interfaces/srv/send_trajectory.hpp
[14.982s] -- Symlinking: /home/imml/git/ROB_534_Project/install/harvest_interfaces/include/harvest_interfaces/harvest_interfaces/srv/set_value.hpp
[14.993s] -- Symlinking: /home/imml/git/ROB_534_Project/install/harvest_interfaces/include/harvest_interfaces/harvest_interfaces/srv/trajectory_between_points.hpp
[15.001s] -- Symlinking: /home/imml/git/ROB_534_Project/install/harvest_interfaces/include/harvest_interfaces/harvest_interfaces/srv/update_trellis_position.hpp
[15.008s] -- Symlinking: /home/imml/git/ROB_534_Project/install/harvest_interfaces/include/harvest_interfaces/harvest_interfaces/srv/voxel_grid.hpp
[15.016s] -- Symlinking: /home/imml/git/ROB_534_Project/install/harvest_interfaces/include/harvest_interfaces/harvest_interfaces/srv/voxel_mask.hpp
[15.024s] -- Symlinking: /home/imml/git/ROB_534_Project/install/harvest_interfaces/include/harvest_interfaces/harvest_interfaces/action/detail/event_detection__rosidl_typesupport_fastrtps_cpp.hpp
[15.031s] -- Symlinking: /home/imml/git/ROB_534_Project/install/harvest_interfaces/include/harvest_interfaces/harvest_interfaces/action/detail/send_trajectory__rosidl_typesupport_fastrtps_cpp.hpp
[15.039s] -- Symlinking: /home/imml/git/ROB_534_Project/install/harvest_interfaces/include/harvest_interfaces/harvest_interfaces/msg/rosidl_typesupport_fastrtps_cpp__visibility_control.h
[15.046s] -- Symlinking: /home/imml/git/ROB_534_Project/install/harvest_interfaces/include/harvest_interfaces/harvest_interfaces/srv/detail/apple_prediction__rosidl_typesupport_fastrtps_cpp.hpp
[15.054s] -- Symlinking: /home/imml/git/ROB_534_Project/install/harvest_interfaces/include/harvest_interfaces/harvest_interfaces/srv/detail/coordinate_to_trajectory__rosidl_typesupport_fastrtps_cpp.hpp
[15.061s] -- Symlinking: /home/imml/git/ROB_534_Project/install/harvest_interfaces/include/harvest_interfaces/harvest_interfaces/srv/detail/final_approach_linear__rosidl_typesupport_fastrtps_cpp.hpp
[15.069s] -- Symlinking: /home/imml/git/ROB_534_Project/install/harvest_interfaces/include/harvest_interfaces/harvest_interfaces/srv/detail/get_gripper_pose__rosidl_typesupport_fastrtps_cpp.hpp
[15.076s] -- Symlinking: /home/imml/git/ROB_534_Project/install/harvest_interfaces/include/harvest_interfaces/harvest_interfaces/srv/detail/move_to_pose__rosidl_typesupport_fastrtps_cpp.hpp
[15.084s] -- Symlinking: /home/imml/git/ROB_534_Project/install/harvest_interfaces/include/harvest_interfaces/harvest_interfaces/srv/detail/record_topics__rosidl_typesupport_fastrtps_cpp.hpp
[15.091s] -- Symlinking: /home/imml/git/ROB_534_Project/install/harvest_interfaces/include/harvest_interfaces/harvest_interfaces/srv/detail/send_trajectory__rosidl_typesupport_fastrtps_cpp.hpp
[15.098s] -- Symlinking: /home/imml/git/ROB_534_Project/install/harvest_interfaces/include/harvest_interfaces/harvest_interfaces/srv/detail/set_value__rosidl_typesupport_fastrtps_cpp.hpp
[15.106s] -- Symlinking: /home/imml/git/ROB_534_Project/install/harvest_interfaces/include/harvest_interfaces/harvest_interfaces/srv/detail/trajectory_between_points__rosidl_typesupport_fastrtps_cpp.hpp
[15.113s] -- Symlinking: /home/imml/git/ROB_534_Project/install/harvest_interfaces/include/harvest_interfaces/harvest_interfaces/srv/detail/update_trellis_position__rosidl_typesupport_fastrtps_cpp.hpp
[15.120s] -- Symlinking: /home/imml/git/ROB_534_Project/install/harvest_interfaces/include/harvest_interfaces/harvest_interfaces/srv/detail/voxel_grid__rosidl_typesupport_fastrtps_cpp.hpp
[15.126s] -- Symlinking: /home/imml/git/ROB_534_Project/install/harvest_interfaces/include/harvest_interfaces/harvest_interfaces/srv/detail/voxel_mask__rosidl_typesupport_fastrtps_cpp.hpp
[15.134s] -- Symlinking: /home/imml/git/ROB_534_Project/install/harvest_interfaces/include/harvest_interfaces/harvest_interfaces/action/detail/event_detection__rosidl_typesupport_introspection_cpp.hpp
[15.142s] -- Symlinking: /home/imml/git/ROB_534_Project/install/harvest_interfaces/include/harvest_interfaces/harvest_interfaces/action/detail/send_trajectory__rosidl_typesupport_introspection_cpp.hpp
[15.148s] -- Symlinking: /home/imml/git/ROB_534_Project/install/harvest_interfaces/include/harvest_interfaces/harvest_interfaces/srv/detail/apple_prediction__rosidl_typesupport_introspection_cpp.hpp
[15.156s] -- Symlinking: /home/imml/git/ROB_534_Project/install/harvest_interfaces/include/harvest_interfaces/harvest_interfaces/srv/detail/coordinate_to_trajectory__rosidl_typesupport_introspection_cpp.hpp
[15.163s] -- Symlinking: /home/imml/git/ROB_534_Project/install/harvest_interfaces/include/harvest_interfaces/harvest_interfaces/srv/detail/final_approach_linear__rosidl_typesupport_introspection_cpp.hpp
[15.171s] -- Symlinking: /home/imml/git/ROB_534_Project/install/harvest_interfaces/include/harvest_interfaces/harvest_interfaces/srv/detail/get_gripper_pose__rosidl_typesupport_introspection_cpp.hpp
[15.178s] -- Symlinking: /home/imml/git/ROB_534_Project/install/harvest_interfaces/include/harvest_interfaces/harvest_interfaces/srv/detail/move_to_pose__rosidl_typesupport_introspection_cpp.hpp
[15.185s] -- Symlinking: /home/imml/git/ROB_534_Project/install/harvest_interfaces/include/harvest_interfaces/harvest_interfaces/srv/detail/record_topics__rosidl_typesupport_introspection_cpp.hpp
[15.193s] -- Symlinking: /home/imml/git/ROB_534_Project/install/harvest_interfaces/include/harvest_interfaces/harvest_interfaces/srv/detail/send_trajectory__rosidl_typesupport_introspection_cpp.hpp
[15.200s] -- Symlinking: /home/imml/git/ROB_534_Project/install/harvest_interfaces/include/harvest_interfaces/harvest_interfaces/srv/detail/set_value__rosidl_typesupport_introspection_cpp.hpp
[15.208s] -- Symlinking: /home/imml/git/ROB_534_Project/install/harvest_interfaces/include/harvest_interfaces/harvest_interfaces/srv/detail/trajectory_between_points__rosidl_typesupport_introspection_cpp.hpp
[15.215s] -- Symlinking: /home/imml/git/ROB_534_Project/install/harvest_interfaces/include/harvest_interfaces/harvest_interfaces/srv/detail/update_trellis_position__rosidl_typesupport_introspection_cpp.hpp
[15.222s] -- Symlinking: /home/imml/git/ROB_534_Project/install/harvest_interfaces/include/harvest_interfaces/harvest_interfaces/srv/detail/voxel_grid__rosidl_typesupport_introspection_cpp.hpp
[15.230s] -- Symlinking: /home/imml/git/ROB_534_Project/install/harvest_interfaces/include/harvest_interfaces/harvest_interfaces/srv/detail/voxel_mask__rosidl_typesupport_introspection_cpp.hpp
[15.237s] -- Symlinking: /home/imml/git/ROB_534_Project/install/harvest_interfaces/share/harvest_interfaces/environment/pythonpath.sh
[15.245s] -- Symlinking: /home/imml/git/ROB_534_Project/install/harvest_interfaces/share/harvest_interfaces/environment/pythonpath.dsv
[15.252s] -- Symlinking: /home/imml/git/ROB_534_Project/install/harvest_interfaces/local/lib/python3.10/dist-packages/harvest_interfaces-0.0.0-py3.10.egg-info/PKG-INFO
[15.260s] -- Symlinking: /home/imml/git/ROB_534_Project/install/harvest_interfaces/local/lib/python3.10/dist-packages/harvest_interfaces-0.0.0-py3.10.egg-info/SOURCES.txt
[15.267s] -- Symlinking: /home/imml/git/ROB_534_Project/install/harvest_interfaces/local/lib/python3.10/dist-packages/harvest_interfaces-0.0.0-py3.10.egg-info/dependency_links.txt
[15.275s] -- Symlinking: /home/imml/git/ROB_534_Project/install/harvest_interfaces/local/lib/python3.10/dist-packages/harvest_interfaces-0.0.0-py3.10.egg-info/top_level.txt
[15.283s] -- Symlinking: /home/imml/git/ROB_534_Project/install/harvest_interfaces/local/lib/python3.10/dist-packages/harvest_interfaces/__init__.py
[15.291s] -- Symlinking: /home/imml/git/ROB_534_Project/install/harvest_interfaces/local/lib/python3.10/dist-packages/harvest_interfaces/_harvest_interfaces_s.ep.rosidl_typesupport_c.c
[15.299s] -- Symlinking: /home/imml/git/ROB_534_Project/install/harvest_interfaces/local/lib/python3.10/dist-packages/harvest_interfaces/_harvest_interfaces_s.ep.rosidl_typesupport_fastrtps_c.c
[15.308s] -- Symlinking: /home/imml/git/ROB_534_Project/install/harvest_interfaces/local/lib/python3.10/dist-packages/harvest_interfaces/_harvest_interfaces_s.ep.rosidl_typesupport_introspection_c.c
[15.316s] -- Symlinking: /home/imml/git/ROB_534_Project/install/harvest_interfaces/local/lib/python3.10/dist-packages/harvest_interfaces/action/__init__.py
[15.324s] -- Symlinking: /home/imml/git/ROB_534_Project/install/harvest_interfaces/local/lib/python3.10/dist-packages/harvest_interfaces/action/_event_detection.py
[15.331s] -- Symlinking: /home/imml/git/ROB_534_Project/install/harvest_interfaces/local/lib/python3.10/dist-packages/harvest_interfaces/action/_event_detection_s.c
[15.338s] -- Symlinking: /home/imml/git/ROB_534_Project/install/harvest_interfaces/local/lib/python3.10/dist-packages/harvest_interfaces/action/_send_trajectory.py
[15.345s] -- Symlinking: /home/imml/git/ROB_534_Project/install/harvest_interfaces/local/lib/python3.10/dist-packages/harvest_interfaces/action/_send_trajectory_s.c
[15.352s] -- Symlinking: /home/imml/git/ROB_534_Project/install/harvest_interfaces/local/lib/python3.10/dist-packages/harvest_interfaces/harvest_interfaces_s__rosidl_typesupport_c.cpython-310-x86_64-linux-gnu.so
[15.360s] -- Symlinking: /home/imml/git/ROB_534_Project/install/harvest_interfaces/local/lib/python3.10/dist-packages/harvest_interfaces/harvest_interfaces_s__rosidl_typesupport_fastrtps_c.cpython-310-x86_64-linux-gnu.so
[15.368s] -- Symlinking: /home/imml/git/ROB_534_Project/install/harvest_interfaces/local/lib/python3.10/dist-packages/harvest_interfaces/harvest_interfaces_s__rosidl_typesupport_introspection_c.cpython-310-x86_64-linux-gnu.so
[15.375s] -- Symlinking: /home/imml/git/ROB_534_Project/install/harvest_interfaces/local/lib/python3.10/dist-packages/harvest_interfaces/libharvest_interfaces__rosidl_generator_py.so
[15.382s] -- Symlinking: /home/imml/git/ROB_534_Project/install/harvest_interfaces/local/lib/python3.10/dist-packages/harvest_interfaces/srv/__init__.py
[15.389s] -- Symlinking: /home/imml/git/ROB_534_Project/install/harvest_interfaces/local/lib/python3.10/dist-packages/harvest_interfaces/srv/_apple_prediction.py
[15.397s] -- Symlinking: /home/imml/git/ROB_534_Project/install/harvest_interfaces/local/lib/python3.10/dist-packages/harvest_interfaces/srv/_apple_prediction_s.c
[15.404s] -- Symlinking: /home/imml/git/ROB_534_Project/install/harvest_interfaces/local/lib/python3.10/dist-packages/harvest_interfaces/srv/_coordinate_to_trajectory.py
[15.411s] -- Symlinking: /home/imml/git/ROB_534_Project/install/harvest_interfaces/local/lib/python3.10/dist-packages/harvest_interfaces/srv/_coordinate_to_trajectory_s.c
[15.418s] -- Symlinking: /home/imml/git/ROB_534_Project/install/harvest_interfaces/local/lib/python3.10/dist-packages/harvest_interfaces/srv/_final_approach_linear.py
[15.425s] -- Symlinking: /home/imml/git/ROB_534_Project/install/harvest_interfaces/local/lib/python3.10/dist-packages/harvest_interfaces/srv/_final_approach_linear_s.c
[15.432s] -- Symlinking: /home/imml/git/ROB_534_Project/install/harvest_interfaces/local/lib/python3.10/dist-packages/harvest_interfaces/srv/_get_gripper_pose.py
[15.438s] -- Symlinking: /home/imml/git/ROB_534_Project/install/harvest_interfaces/local/lib/python3.10/dist-packages/harvest_interfaces/srv/_get_gripper_pose_s.c
[15.445s] -- Symlinking: /home/imml/git/ROB_534_Project/install/harvest_interfaces/local/lib/python3.10/dist-packages/harvest_interfaces/srv/_move_to_pose.py
[15.453s] -- Symlinking: /home/imml/git/ROB_534_Project/install/harvest_interfaces/local/lib/python3.10/dist-packages/harvest_interfaces/srv/_move_to_pose_s.c
[15.460s] -- Symlinking: /home/imml/git/ROB_534_Project/install/harvest_interfaces/local/lib/python3.10/dist-packages/harvest_interfaces/srv/_record_topics.py
[15.466s] -- Symlinking: /home/imml/git/ROB_534_Project/install/harvest_interfaces/local/lib/python3.10/dist-packages/harvest_interfaces/srv/_record_topics_s.c
[15.473s] -- Symlinking: /home/imml/git/ROB_534_Project/install/harvest_interfaces/local/lib/python3.10/dist-packages/harvest_interfaces/srv/_send_trajectory.py
[15.481s] -- Symlinking: /home/imml/git/ROB_534_Project/install/harvest_interfaces/local/lib/python3.10/dist-packages/harvest_interfaces/srv/_send_trajectory_s.c
[15.488s] -- Symlinking: /home/imml/git/ROB_534_Project/install/harvest_interfaces/local/lib/python3.10/dist-packages/harvest_interfaces/srv/_set_value.py
[15.495s] -- Symlinking: /home/imml/git/ROB_534_Project/install/harvest_interfaces/local/lib/python3.10/dist-packages/harvest_interfaces/srv/_set_value_s.c
[15.502s] -- Symlinking: /home/imml/git/ROB_534_Project/install/harvest_interfaces/local/lib/python3.10/dist-packages/harvest_interfaces/srv/_trajectory_between_points.py
[15.510s] -- Symlinking: /home/imml/git/ROB_534_Project/install/harvest_interfaces/local/lib/python3.10/dist-packages/harvest_interfaces/srv/_trajectory_between_points_s.c
[15.518s] -- Symlinking: /home/imml/git/ROB_534_Project/install/harvest_interfaces/local/lib/python3.10/dist-packages/harvest_interfaces/srv/_update_trellis_position.py
[15.526s] -- Symlinking: /home/imml/git/ROB_534_Project/install/harvest_interfaces/local/lib/python3.10/dist-packages/harvest_interfaces/srv/_update_trellis_position_s.c
[15.534s] -- Symlinking: /home/imml/git/ROB_534_Project/install/harvest_interfaces/local/lib/python3.10/dist-packages/harvest_interfaces/srv/_voxel_grid.py
[15.542s] -- Symlinking: /home/imml/git/ROB_534_Project/install/harvest_interfaces/local/lib/python3.10/dist-packages/harvest_interfaces/srv/_voxel_grid_s.c
[15.550s] -- Symlinking: /home/imml/git/ROB_534_Project/install/harvest_interfaces/local/lib/python3.10/dist-packages/harvest_interfaces/srv/_voxel_mask.py
[15.558s] -- Symlinking: /home/imml/git/ROB_534_Project/install/harvest_interfaces/local/lib/python3.10/dist-packages/harvest_interfaces/srv/_voxel_mask_s.c
[15.566s] -- Up-to-date symlink: /home/imml/git/ROB_534_Project/install/harvest_interfaces/local/lib/python3.10/dist-packages/harvest_interfaces/harvest_interfaces_s__rosidl_typesupport_fastrtps_c.cpython-310-x86_64-linux-gnu.so
[15.566s] -- Up-to-date symlink: /home/imml/git/ROB_534_Project/install/harvest_interfaces/local/lib/python3.10/dist-packages/harvest_interfaces/harvest_interfaces_s__rosidl_typesupport_introspection_c.cpython-310-x86_64-linux-gnu.so
[15.566s] -- Up-to-date symlink: /home/imml/git/ROB_534_Project/install/harvest_interfaces/local/lib/python3.10/dist-packages/harvest_interfaces/harvest_interfaces_s__rosidl_typesupport_c.cpython-310-x86_64-linux-gnu.so
[15.566s] -- Symlinking: /home/imml/git/ROB_534_Project/install/harvest_interfaces/share/harvest_interfaces/action/EventDetection.idl
[15.575s] -- Symlinking: /home/imml/git/ROB_534_Project/install/harvest_interfaces/share/harvest_interfaces/action/SendTrajectory.idl
[15.583s] -- Symlinking: /home/imml/git/ROB_534_Project/install/harvest_interfaces/share/harvest_interfaces/srv/ApplePrediction.idl
[15.592s] -- Symlinking: /home/imml/git/ROB_534_Project/install/harvest_interfaces/share/harvest_interfaces/srv/SendTrajectory.idl
[15.600s] -- Symlinking: /home/imml/git/ROB_534_Project/install/harvest_interfaces/share/harvest_interfaces/srv/CoordinateToTrajectory.idl
[15.609s] -- Symlinking: /home/imml/git/ROB_534_Project/install/harvest_interfaces/share/harvest_interfaces/srv/VoxelMask.idl
[15.617s] -- Symlinking: /home/imml/git/ROB_534_Project/install/harvest_interfaces/share/harvest_interfaces/srv/MoveToPose.idl
[15.626s] -- Symlinking: /home/imml/git/ROB_534_Project/install/harvest_interfaces/share/harvest_interfaces/srv/TrajectoryBetweenPoints.idl
[15.634s] -- Symlinking: /home/imml/git/ROB_534_Project/install/harvest_interfaces/share/harvest_interfaces/srv/SetValue.idl
[15.642s] -- Symlinking: /home/imml/git/ROB_534_Project/install/harvest_interfaces/share/harvest_interfaces/srv/RecordTopics.idl
[15.650s] -- Symlinking: /home/imml/git/ROB_534_Project/install/harvest_interfaces/share/harvest_interfaces/srv/GetGripperPose.idl
[15.658s] -- Symlinking: /home/imml/git/ROB_534_Project/install/harvest_interfaces/share/harvest_interfaces/srv/UpdateTrellisPosition.idl
[15.665s] -- Symlinking: /home/imml/git/ROB_534_Project/install/harvest_interfaces/share/harvest_interfaces/srv/VoxelGrid.idl
[15.673s] -- Symlinking: /home/imml/git/ROB_534_Project/install/harvest_interfaces/share/harvest_interfaces/srv/FinalApproachLinear.idl
[15.680s] -- Symlinking: /home/imml/git/ROB_534_Project/install/harvest_interfaces/share/harvest_interfaces/action/EventDetection.action
[15.688s] -- Symlinking: /home/imml/git/ROB_534_Project/install/harvest_interfaces/share/harvest_interfaces/action/SendTrajectory.action
[15.696s] -- Symlinking: /home/imml/git/ROB_534_Project/install/harvest_interfaces/share/harvest_interfaces/srv/ApplePrediction.srv
[15.703s] -- Symlinking: /home/imml/git/ROB_534_Project/install/harvest_interfaces/share/harvest_interfaces/srv/ApplePrediction_Request.msg
[15.711s] -- Symlinking: /home/imml/git/ROB_534_Project/install/harvest_interfaces/share/harvest_interfaces/srv/ApplePrediction_Response.msg
[15.718s] -- Symlinking: /home/imml/git/ROB_534_Project/install/harvest_interfaces/share/harvest_interfaces/srv/SendTrajectory.srv
[15.726s] -- Symlinking: /home/imml/git/ROB_534_Project/install/harvest_interfaces/share/harvest_interfaces/srv/SendTrajectory_Request.msg
[15.734s] -- Symlinking: /home/imml/git/ROB_534_Project/install/harvest_interfaces/share/harvest_interfaces/srv/SendTrajectory_Response.msg
[15.741s] -- Symlinking: /home/imml/git/ROB_534_Project/install/harvest_interfaces/share/harvest_interfaces/srv/CoordinateToTrajectory.srv
[15.748s] -- Symlinking: /home/imml/git/ROB_534_Project/install/harvest_interfaces/share/harvest_interfaces/srv/CoordinateToTrajectory_Request.msg
[15.755s] -- Symlinking: /home/imml/git/ROB_534_Project/install/harvest_interfaces/share/harvest_interfaces/srv/CoordinateToTrajectory_Response.msg
[15.763s] -- Symlinking: /home/imml/git/ROB_534_Project/install/harvest_interfaces/share/harvest_interfaces/srv/VoxelMask.srv
[15.771s] -- Symlinking: /home/imml/git/ROB_534_Project/install/harvest_interfaces/share/harvest_interfaces/srv/VoxelMask_Request.msg
[15.778s] -- Symlinking: /home/imml/git/ROB_534_Project/install/harvest_interfaces/share/harvest_interfaces/srv/VoxelMask_Response.msg
[15.786s] -- Symlinking: /home/imml/git/ROB_534_Project/install/harvest_interfaces/share/harvest_interfaces/srv/MoveToPose.srv
[15.793s] -- Symlinking: /home/imml/git/ROB_534_Project/install/harvest_interfaces/share/harvest_interfaces/srv/MoveToPose_Request.msg
[15.801s] -- Symlinking: /home/imml/git/ROB_534_Project/install/harvest_interfaces/share/harvest_interfaces/srv/MoveToPose_Response.msg
[15.809s] -- Symlinking: /home/imml/git/ROB_534_Project/install/harvest_interfaces/share/harvest_interfaces/srv/TrajectoryBetweenPoints.srv
[15.817s] -- Symlinking: /home/imml/git/ROB_534_Project/install/harvest_interfaces/share/harvest_interfaces/srv/TrajectoryBetweenPoints_Request.msg
[15.824s] -- Symlinking: /home/imml/git/ROB_534_Project/install/harvest_interfaces/share/harvest_interfaces/srv/TrajectoryBetweenPoints_Response.msg
[15.832s] -- Symlinking: /home/imml/git/ROB_534_Project/install/harvest_interfaces/share/harvest_interfaces/srv/SetValue.srv
[15.839s] -- Symlinking: /home/imml/git/ROB_534_Project/install/harvest_interfaces/share/harvest_interfaces/srv/SetValue_Request.msg
[15.846s] -- Symlinking: /home/imml/git/ROB_534_Project/install/harvest_interfaces/share/harvest_interfaces/srv/SetValue_Response.msg
[15.854s] -- Symlinking: /home/imml/git/ROB_534_Project/install/harvest_interfaces/share/harvest_interfaces/srv/RecordTopics.srv
[15.862s] -- Symlinking: /home/imml/git/ROB_534_Project/install/harvest_interfaces/share/harvest_interfaces/srv/RecordTopics_Request.msg
[15.869s] -- Symlinking: /home/imml/git/ROB_534_Project/install/harvest_interfaces/share/harvest_interfaces/srv/RecordTopics_Response.msg
[15.876s] -- Symlinking: /home/imml/git/ROB_534_Project/install/harvest_interfaces/share/harvest_interfaces/srv/GetGripperPose.srv
[15.884s] -- Symlinking: /home/imml/git/ROB_534_Project/install/harvest_interfaces/share/harvest_interfaces/srv/GetGripperPose_Request.msg
[15.892s] -- Symlinking: /home/imml/git/ROB_534_Project/install/harvest_interfaces/share/harvest_interfaces/srv/GetGripperPose_Response.msg
[15.899s] -- Symlinking: /home/imml/git/ROB_534_Project/install/harvest_interfaces/share/harvest_interfaces/srv/UpdateTrellisPosition.srv
[15.907s] -- Symlinking: /home/imml/git/ROB_534_Project/install/harvest_interfaces/share/harvest_interfaces/srv/UpdateTrellisPosition_Request.msg
[15.914s] -- Symlinking: /home/imml/git/ROB_534_Project/install/harvest_interfaces/share/harvest_interfaces/srv/UpdateTrellisPosition_Response.msg
[15.922s] -- Symlinking: /home/imml/git/ROB_534_Project/install/harvest_interfaces/share/harvest_interfaces/srv/VoxelGrid.srv
[15.930s] -- Symlinking: /home/imml/git/ROB_534_Project/install/harvest_interfaces/share/harvest_interfaces/srv/VoxelGrid_Request.msg
[15.937s] -- Symlinking: /home/imml/git/ROB_534_Project/install/harvest_interfaces/share/harvest_interfaces/srv/VoxelGrid_Response.msg
[15.945s] -- Symlinking: /home/imml/git/ROB_534_Project/install/harvest_interfaces/share/harvest_interfaces/srv/FinalApproachLinear.srv
[15.953s] -- Symlinking: /home/imml/git/ROB_534_Project/install/harvest_interfaces/share/harvest_interfaces/srv/FinalApproachLinear_Request.msg
[15.960s] -- Symlinking: /home/imml/git/ROB_534_Project/install/harvest_interfaces/share/harvest_interfaces/srv/FinalApproachLinear_Response.msg
[15.968s] -- Symlinking: /home/imml/git/ROB_534_Project/install/harvest_interfaces/share/ament_index/resource_index/package_run_dependencies/harvest_interfaces
[15.975s] -- Symlinking: /home/imml/git/ROB_534_Project/install/harvest_interfaces/share/ament_index/resource_index/parent_prefix_path/harvest_interfaces
[15.983s] -- Symlinking: /home/imml/git/ROB_534_Project/install/harvest_interfaces/share/harvest_interfaces/environment/ament_prefix_path.sh
[15.991s] -- Symlinking: /home/imml/git/ROB_534_Project/install/harvest_interfaces/share/harvest_interfaces/environment/ament_prefix_path.dsv
[15.998s] -- Symlinking: /home/imml/git/ROB_534_Project/install/harvest_interfaces/share/harvest_interfaces/environment/path.sh
[16.005s] -- Symlinking: /home/imml/git/ROB_534_Project/install/harvest_interfaces/share/harvest_interfaces/environment/path.dsv
[16.013s] -- Symlinking: /home/imml/git/ROB_534_Project/install/harvest_interfaces/share/harvest_interfaces/local_setup.bash
[16.020s] -- Symlinking: /home/imml/git/ROB_534_Project/install/harvest_interfaces/share/harvest_interfaces/local_setup.sh
[16.028s] -- Symlinking: /home/imml/git/ROB_534_Project/install/harvest_interfaces/share/harvest_interfaces/local_setup.zsh
[16.035s] -- Symlinking: /home/imml/git/ROB_534_Project/install/harvest_interfaces/share/harvest_interfaces/local_setup.dsv
[16.043s] -- Symlinking: /home/imml/git/ROB_534_Project/install/harvest_interfaces/share/harvest_interfaces/package.dsv
[16.051s] -- Symlinking: /home/imml/git/ROB_534_Project/install/harvest_interfaces/share/ament_index/resource_index/packages/harvest_interfaces
[16.058s] -- Symlinking: /home/imml/git/ROB_534_Project/install/harvest_interfaces/share/harvest_interfaces/cmake/rosidl_cmake-extras.cmake
[16.066s] -- Symlinking: /home/imml/git/ROB_534_Project/install/harvest_interfaces/share/harvest_interfaces/cmake/ament_cmake_export_dependencies-extras.cmake
[16.074s] -- Symlinking: /home/imml/git/ROB_534_Project/install/harvest_interfaces/share/harvest_interfaces/cmake/ament_cmake_export_include_directories-extras.cmake
[16.082s] -- Symlinking: /home/imml/git/ROB_534_Project/install/harvest_interfaces/share/harvest_interfaces/cmake/ament_cmake_export_libraries-extras.cmake
[16.090s] -- Symlinking: /home/imml/git/ROB_534_Project/install/harvest_interfaces/share/harvest_interfaces/cmake/ament_cmake_export_targets-extras.cmake
[16.098s] -- Symlinking: /home/imml/git/ROB_534_Project/install/harvest_interfaces/share/harvest_interfaces/cmake/rosidl_cmake_export_typesupport_targets-extras.cmake
[16.106s] -- Symlinking: /home/imml/git/ROB_534_Project/install/harvest_interfaces/share/harvest_interfaces/cmake/rosidl_cmake_export_typesupport_libraries-extras.cmake
[16.114s] -- Symlinking: /home/imml/git/ROB_534_Project/install/harvest_interfaces/share/harvest_interfaces/cmake/harvest_interfacesConfig.cmake
[16.121s] -- Symlinking: /home/imml/git/ROB_534_Project/install/harvest_interfaces/share/harvest_interfaces/cmake/harvest_interfacesConfig-version.cmake
[16.129s] -- Symlinking: /home/imml/git/ROB_534_Project/install/harvest_interfaces/share/harvest_interfaces/package.xml
[16.137s] -- Installing: /home/imml/git/ROB_534_Project/install/harvest_interfaces/lib/libharvest_interfaces__rosidl_generator_c.so
[16.137s] -- Set runtime path of "/home/imml/git/ROB_534_Project/install/harvest_interfaces/lib/libharvest_interfaces__rosidl_generator_c.so" to ""
[16.138s] -- Installing: /home/imml/git/ROB_534_Project/install/harvest_interfaces/lib/libharvest_interfaces__rosidl_typesupport_fastrtps_c.so
[16.138s] -- Set runtime path of "/home/imml/git/ROB_534_Project/install/harvest_interfaces/lib/libharvest_interfaces__rosidl_typesupport_fastrtps_c.so" to ""
[16.138s] -- Installing: /home/imml/git/ROB_534_Project/install/harvest_interfaces/lib/libharvest_interfaces__rosidl_typesupport_introspection_c.so
[16.138s] -- Set runtime path of "/home/imml/git/ROB_534_Project/install/harvest_interfaces/lib/libharvest_interfaces__rosidl_typesupport_introspection_c.so" to ""
[16.139s] -- Installing: /home/imml/git/ROB_534_Project/install/harvest_interfaces/lib/libharvest_interfaces__rosidl_typesupport_c.so
[16.139s] -- Set runtime path of "/home/imml/git/ROB_534_Project/install/harvest_interfaces/lib/libharvest_interfaces__rosidl_typesupport_c.so" to ""
[16.139s] -- Installing: /home/imml/git/ROB_534_Project/install/harvest_interfaces/lib/libharvest_interfaces__rosidl_typesupport_fastrtps_cpp.so
[16.140s] -- Set runtime path of "/home/imml/git/ROB_534_Project/install/harvest_interfaces/lib/libharvest_interfaces__rosidl_typesupport_fastrtps_cpp.so" to ""
[16.140s] -- Installing: /home/imml/git/ROB_534_Project/install/harvest_interfaces/lib/libharvest_interfaces__rosidl_typesupport_introspection_cpp.so
[16.140s] -- Set runtime path of "/home/imml/git/ROB_534_Project/install/harvest_interfaces/lib/libharvest_interfaces__rosidl_typesupport_introspection_cpp.so" to ""
[16.140s] -- Installing: /home/imml/git/ROB_534_Project/install/harvest_interfaces/lib/libharvest_interfaces__rosidl_typesupport_cpp.so
[16.141s] -- Set runtime path of "/home/imml/git/ROB_534_Project/install/harvest_interfaces/lib/libharvest_interfaces__rosidl_typesupport_cpp.so" to ""
[16.187s] Listing '/home/imml/git/ROB_534_Project/install/harvest_interfaces/local/lib/python3.10/dist-packages/harvest_interfaces'...
[16.187s] Compiling '/home/imml/git/ROB_534_Project/install/harvest_interfaces/local/lib/python3.10/dist-packages/harvest_interfaces/__init__.py'...
[16.187s] Listing '/home/imml/git/ROB_534_Project/install/harvest_interfaces/local/lib/python3.10/dist-packages/harvest_interfaces/action'...
[16.187s] Compiling '/home/imml/git/ROB_534_Project/install/harvest_interfaces/local/lib/python3.10/dist-packages/harvest_interfaces/action/__init__.py'...
[16.187s] Compiling '/home/imml/git/ROB_534_Project/install/harvest_interfaces/local/lib/python3.10/dist-packages/harvest_interfaces/action/_event_detection.py'...
[16.187s] Compiling '/home/imml/git/ROB_534_Project/install/harvest_interfaces/local/lib/python3.10/dist-packages/harvest_interfaces/action/_send_trajectory.py'...
[16.187s] Listing '/home/imml/git/ROB_534_Project/install/harvest_interfaces/local/lib/python3.10/dist-packages/harvest_interfaces/srv'...
[16.187s] Compiling '/home/imml/git/ROB_534_Project/install/harvest_interfaces/local/lib/python3.10/dist-packages/harvest_interfaces/srv/__init__.py'...
[16.187s] Compiling '/home/imml/git/ROB_534_Project/install/harvest_interfaces/local/lib/python3.10/dist-packages/harvest_interfaces/srv/_apple_prediction.py'...
[16.187s] Compiling '/home/imml/git/ROB_534_Project/install/harvest_interfaces/local/lib/python3.10/dist-packages/harvest_interfaces/srv/_coordinate_to_trajectory.py'...
[16.188s] Compiling '/home/imml/git/ROB_534_Project/install/harvest_interfaces/local/lib/python3.10/dist-packages/harvest_interfaces/srv/_final_approach_linear.py'...
[16.188s] Compiling '/home/imml/git/ROB_534_Project/install/harvest_interfaces/local/lib/python3.10/dist-packages/harvest_interfaces/srv/_get_gripper_pose.py'...
[16.188s] Compiling '/home/imml/git/ROB_534_Project/install/harvest_interfaces/local/lib/python3.10/dist-packages/harvest_interfaces/srv/_move_to_pose.py'...
[16.188s] Compiling '/home/imml/git/ROB_534_Project/install/harvest_interfaces/local/lib/python3.10/dist-packages/harvest_interfaces/srv/_record_topics.py'...
[16.188s] Compiling '/home/imml/git/ROB_534_Project/install/harvest_interfaces/local/lib/python3.10/dist-packages/harvest_interfaces/srv/_send_trajectory.py'...
[16.188s] Compiling '/home/imml/git/ROB_534_Project/install/harvest_interfaces/local/lib/python3.10/dist-packages/harvest_interfaces/srv/_set_value.py'...
[16.188s] Compiling '/home/imml/git/ROB_534_Project/install/harvest_interfaces/local/lib/python3.10/dist-packages/harvest_interfaces/srv/_trajectory_between_points.py'...
[16.188s] Compiling '/home/imml/git/ROB_534_Project/install/harvest_interfaces/local/lib/python3.10/dist-packages/harvest_interfaces/srv/_update_trellis_position.py'...
[16.188s] Compiling '/home/imml/git/ROB_534_Project/install/harvest_interfaces/local/lib/python3.10/dist-packages/harvest_interfaces/srv/_voxel_grid.py'...
[16.188s] Compiling '/home/imml/git/ROB_534_Project/install/harvest_interfaces/local/lib/python3.10/dist-packages/harvest_interfaces/srv/_voxel_mask.py'...
[16.192s] -- Installing: /home/imml/git/ROB_534_Project/install/harvest_interfaces/lib/libharvest_interfaces__rosidl_generator_py.so
[16.193s] -- Set runtime path of "/home/imml/git/ROB_534_Project/install/harvest_interfaces/lib/libharvest_interfaces__rosidl_generator_py.so" to ""
[16.193s] -- Installing: /home/imml/git/ROB_534_Project/install/harvest_interfaces/share/harvest_interfaces/cmake/export_harvest_interfaces__rosidl_generator_cExport.cmake
[16.193s] -- Installing: /home/imml/git/ROB_534_Project/install/harvest_interfaces/share/harvest_interfaces/cmake/export_harvest_interfaces__rosidl_generator_cExport-noconfig.cmake
[16.193s] -- Installing: /home/imml/git/ROB_534_Project/install/harvest_interfaces/share/harvest_interfaces/cmake/export_harvest_interfaces__rosidl_typesupport_fastrtps_cExport.cmake
[16.193s] -- Installing: /home/imml/git/ROB_534_Project/install/harvest_interfaces/share/harvest_interfaces/cmake/export_harvest_interfaces__rosidl_typesupport_fastrtps_cExport-noconfig.cmake
[16.194s] -- Installing: /home/imml/git/ROB_534_Project/install/harvest_interfaces/share/harvest_interfaces/cmake/harvest_interfaces__rosidl_typesupport_introspection_cExport.cmake
[16.194s] -- Installing: /home/imml/git/ROB_534_Project/install/harvest_interfaces/share/harvest_interfaces/cmake/harvest_interfaces__rosidl_typesupport_introspection_cExport-noconfig.cmake
[16.194s] -- Installing: /home/imml/git/ROB_534_Project/install/harvest_interfaces/share/harvest_interfaces/cmake/harvest_interfaces__rosidl_typesupport_cExport.cmake
[16.194s] -- Installing: /home/imml/git/ROB_534_Project/install/harvest_interfaces/share/harvest_interfaces/cmake/harvest_interfaces__rosidl_typesupport_cExport-noconfig.cmake
[16.194s] -- Installing: /home/imml/git/ROB_534_Project/install/harvest_interfaces/share/harvest_interfaces/cmake/export_harvest_interfaces__rosidl_generator_cppExport.cmake
[16.194s] -- Installing: /home/imml/git/ROB_534_Project/install/harvest_interfaces/share/harvest_interfaces/cmake/export_harvest_interfaces__rosidl_typesupport_fastrtps_cppExport.cmake
[16.194s] -- Installing: /home/imml/git/ROB_534_Project/install/harvest_interfaces/share/harvest_interfaces/cmake/export_harvest_interfaces__rosidl_typesupport_fastrtps_cppExport-noconfig.cmake
[16.195s] -- Installing: /home/imml/git/ROB_534_Project/install/harvest_interfaces/share/harvest_interfaces/cmake/harvest_interfaces__rosidl_typesupport_introspection_cppExport.cmake
[16.195s] -- Installing: /home/imml/git/ROB_534_Project/install/harvest_interfaces/share/harvest_interfaces/cmake/harvest_interfaces__rosidl_typesupport_introspection_cppExport-noconfig.cmake
[16.195s] -- Installing: /home/imml/git/ROB_534_Project/install/harvest_interfaces/share/harvest_interfaces/cmake/harvest_interfaces__rosidl_typesupport_cppExport.cmake
[16.195s] -- Installing: /home/imml/git/ROB_534_Project/install/harvest_interfaces/share/harvest_interfaces/cmake/harvest_interfaces__rosidl_typesupport_cppExport-noconfig.cmake
[16.195s] -- Installing: /home/imml/git/ROB_534_Project/install/harvest_interfaces/share/harvest_interfaces/cmake/export_harvest_interfaces__rosidl_generator_pyExport.cmake
[16.195s] -- Installing: /home/imml/git/ROB_534_Project/install/harvest_interfaces/share/harvest_interfaces/cmake/export_harvest_interfaces__rosidl_generator_pyExport-noconfig.cmake
[16.198s] Invoked command in '/home/imml/git/ROB_534_Project/build/harvest_interfaces' returned '0': CMAKE_PREFIX_PATH=/opt/ros/humble /usr/bin/cmake --install /home/imml/git/ROB_534_Project/build/harvest_interfaces
