[0.015s] Invoking command in '/home/imml/git/ROB_534_Project/build/ur': AMENT_PREFIX_PATH=/home/imml/git/ROB_534_Project/install/ur_calibration:/home/imml/git/ROB_534_Project/install/ur_robot_driver:/home/imml/git/ROB_534_Project/install/ur_moveit_config:/home/imml/git/ROB_534_Project/install/ur_controllers:/home/imml/git/ROB_534_Project/install/ur_description:/home/imml/git/ROB_534_Project/install/ur_dashboard_msgs:${AMENT_PREFIX_PATH} CMAKE_PREFIX_PATH=/home/imml/git/ROB_534_Project/install/ur_calibration:/home/imml/git/ROB_534_Project/install/ur_robot_driver:/home/imml/git/ROB_534_Project/install/ur_moveit_config:/home/imml/git/ROB_534_Project/install/ur_controllers:/home/imml/git/ROB_534_Project/install/ur_description:/home/imml/git/ROB_534_Project/install/ur_dashboard_msgs:/opt/ros/humble LD_LIBRARY_PATH=/home/imml/git/ROB_534_Project/install/ur_robot_driver/lib:/home/imml/git/ROB_534_Project/install/ur_controllers/lib:/home/imml/git/ROB_534_Project/install/ur_dashboard_msgs/lib:${LD_LIBRARY_PATH} PATH=/home/imml/git/ROB_534_Project/install/ur_robot_driver/bin:${PATH} PYTHONPATH=/home/imml/git/ROB_534_Project/install/ur_robot_driver/local/lib/python3.10/dist-packages:/home/imml/git/ROB_534_Project/install/ur_moveit_config/local/lib/python3.10/dist-packages:/home/imml/git/ROB_534_Project/install/ur_dashboard_msgs/local/lib/python3.10/dist-packages:${PYTHONPATH} /usr/bin/cmake /home/imml/git/ROB_534_Project/harvest_hardware/Universal_Robots_ROS2_Driver/ur -DAMENT_CMAKE_SYMLINK_INSTALL=1 -DCMAKE_INSTALL_PREFIX=/home/imml/git/ROB_534_Project/install/ur
[0.064s] -- The C compiler identification is GNU 11.4.0
[0.113s] -- The CXX compiler identification is GNU 11.4.0
[0.120s] -- Detecting C compiler ABI info
[0.182s] -- Detecting C compiler ABI info - done
[0.188s] -- Check for working C compiler: /usr/bin/cc - skipped
[0.188s] -- Detecting C compile features
[0.188s] -- Detecting C compile features - done
[0.191s] -- Detecting CXX compiler ABI info
[0.267s] -- Detecting CXX compiler ABI info - done
[0.273s] -- Check for working CXX compiler: /usr/bin/c++ - skipped
[0.273s] -- Detecting CXX compile features
[0.274s] -- Detecting CXX compile features - done
[0.276s] -- Found ament_cmake: 1.3.11 (/opt/ros/humble/share/ament_cmake/cmake)
[0.410s] -- Found Python3: /usr/bin/python3 (found version "3.10.12") found components: Interpreter 
[0.463s] -- Override CMake install command with custom implementation using symlinks instead of copying resources
[0.504s] -- Found ament_lint_auto: 0.12.11 (/opt/ros/humble/share/ament_lint_auto/cmake)
[0.575s] -- Added test 'lint_cmake' to check CMake code style
[0.576s] -- Added test 'xmllint' to check XML markup files
[0.578s] -- Configuring done
[0.581s] -- Generating done
[0.583s] -- Build files have been written to: /home/imml/git/ROB_534_Project/build/ur
[0.588s] Invoked command in '/home/imml/git/ROB_534_Project/build/ur' returned '0': AMENT_PREFIX_PATH=/home/imml/git/ROB_534_Project/install/ur_calibration:/home/imml/git/ROB_534_Project/install/ur_robot_driver:/home/imml/git/ROB_534_Project/install/ur_moveit_config:/home/imml/git/ROB_534_Project/install/ur_controllers:/home/imml/git/ROB_534_Project/install/ur_description:/home/imml/git/ROB_534_Project/install/ur_dashboard_msgs:${AMENT_PREFIX_PATH} CMAKE_PREFIX_PATH=/home/imml/git/ROB_534_Project/install/ur_calibration:/home/imml/git/ROB_534_Project/install/ur_robot_driver:/home/imml/git/ROB_534_Project/install/ur_moveit_config:/home/imml/git/ROB_534_Project/install/ur_controllers:/home/imml/git/ROB_534_Project/install/ur_description:/home/imml/git/ROB_534_Project/install/ur_dashboard_msgs:/opt/ros/humble LD_LIBRARY_PATH=/home/imml/git/ROB_534_Project/install/ur_robot_driver/lib:/home/imml/git/ROB_534_Project/install/ur_controllers/lib:/home/imml/git/ROB_534_Project/install/ur_dashboard_msgs/lib:${LD_LIBRARY_PATH} PATH=/home/imml/git/ROB_534_Project/install/ur_robot_driver/bin:${PATH} PYTHONPATH=/home/imml/git/ROB_534_Project/install/ur_robot_driver/local/lib/python3.10/dist-packages:/home/imml/git/ROB_534_Project/install/ur_moveit_config/local/lib/python3.10/dist-packages:/home/imml/git/ROB_534_Project/install/ur_dashboard_msgs/local/lib/python3.10/dist-packages:${PYTHONPATH} /usr/bin/cmake /home/imml/git/ROB_534_Project/harvest_hardware/Universal_Robots_ROS2_Driver/ur -DAMENT_CMAKE_SYMLINK_INSTALL=1 -DCMAKE_INSTALL_PREFIX=/home/imml/git/ROB_534_Project/install/ur
[0.589s] Invoking command in '/home/imml/git/ROB_534_Project/build/ur': AMENT_PREFIX_PATH=/home/imml/git/ROB_534_Project/install/ur_calibration:/home/imml/git/ROB_534_Project/install/ur_robot_driver:/home/imml/git/ROB_534_Project/install/ur_moveit_config:/home/imml/git/ROB_534_Project/install/ur_controllers:/home/imml/git/ROB_534_Project/install/ur_description:/home/imml/git/ROB_534_Project/install/ur_dashboard_msgs:${AMENT_PREFIX_PATH} CMAKE_PREFIX_PATH=/home/imml/git/ROB_534_Project/install/ur_calibration:/home/imml/git/ROB_534_Project/install/ur_robot_driver:/home/imml/git/ROB_534_Project/install/ur_moveit_config:/home/imml/git/ROB_534_Project/install/ur_controllers:/home/imml/git/ROB_534_Project/install/ur_description:/home/imml/git/ROB_534_Project/install/ur_dashboard_msgs:/opt/ros/humble LD_LIBRARY_PATH=/home/imml/git/ROB_534_Project/install/ur_robot_driver/lib:/home/imml/git/ROB_534_Project/install/ur_controllers/lib:/home/imml/git/ROB_534_Project/install/ur_dashboard_msgs/lib:${LD_LIBRARY_PATH} PATH=/home/imml/git/ROB_534_Project/install/ur_robot_driver/bin:${PATH} PYTHONPATH=/home/imml/git/ROB_534_Project/install/ur_robot_driver/local/lib/python3.10/dist-packages:/home/imml/git/ROB_534_Project/install/ur_moveit_config/local/lib/python3.10/dist-packages:/home/imml/git/ROB_534_Project/install/ur_dashboard_msgs/local/lib/python3.10/dist-packages:${PYTHONPATH} /usr/bin/cmake --build /home/imml/git/ROB_534_Project/build/ur -- -j16 -l16
[0.629s] Invoked command in '/home/imml/git/ROB_534_Project/build/ur' returned '0': AMENT_PREFIX_PATH=/home/imml/git/ROB_534_Project/install/ur_calibration:/home/imml/git/ROB_534_Project/install/ur_robot_driver:/home/imml/git/ROB_534_Project/install/ur_moveit_config:/home/imml/git/ROB_534_Project/install/ur_controllers:/home/imml/git/ROB_534_Project/install/ur_description:/home/imml/git/ROB_534_Project/install/ur_dashboard_msgs:${AMENT_PREFIX_PATH} CMAKE_PREFIX_PATH=/home/imml/git/ROB_534_Project/install/ur_calibration:/home/imml/git/ROB_534_Project/install/ur_robot_driver:/home/imml/git/ROB_534_Project/install/ur_moveit_config:/home/imml/git/ROB_534_Project/install/ur_controllers:/home/imml/git/ROB_534_Project/install/ur_description:/home/imml/git/ROB_534_Project/install/ur_dashboard_msgs:/opt/ros/humble LD_LIBRARY_PATH=/home/imml/git/ROB_534_Project/install/ur_robot_driver/lib:/home/imml/git/ROB_534_Project/install/ur_controllers/lib:/home/imml/git/ROB_534_Project/install/ur_dashboard_msgs/lib:${LD_LIBRARY_PATH} PATH=/home/imml/git/ROB_534_Project/install/ur_robot_driver/bin:${PATH} PYTHONPATH=/home/imml/git/ROB_534_Project/install/ur_robot_driver/local/lib/python3.10/dist-packages:/home/imml/git/ROB_534_Project/install/ur_moveit_config/local/lib/python3.10/dist-packages:/home/imml/git/ROB_534_Project/install/ur_dashboard_msgs/local/lib/python3.10/dist-packages:${PYTHONPATH} /usr/bin/cmake --build /home/imml/git/ROB_534_Project/build/ur -- -j16 -l16
[0.630s] Invoking command in '/home/imml/git/ROB_534_Project/build/ur': AMENT_PREFIX_PATH=/home/imml/git/ROB_534_Project/install/ur_calibration:/home/imml/git/ROB_534_Project/install/ur_robot_driver:/home/imml/git/ROB_534_Project/install/ur_moveit_config:/home/imml/git/ROB_534_Project/install/ur_controllers:/home/imml/git/ROB_534_Project/install/ur_description:/home/imml/git/ROB_534_Project/install/ur_dashboard_msgs:${AMENT_PREFIX_PATH} CMAKE_PREFIX_PATH=/home/imml/git/ROB_534_Project/install/ur_calibration:/home/imml/git/ROB_534_Project/install/ur_robot_driver:/home/imml/git/ROB_534_Project/install/ur_moveit_config:/home/imml/git/ROB_534_Project/install/ur_controllers:/home/imml/git/ROB_534_Project/install/ur_description:/home/imml/git/ROB_534_Project/install/ur_dashboard_msgs:/opt/ros/humble LD_LIBRARY_PATH=/home/imml/git/ROB_534_Project/install/ur_robot_driver/lib:/home/imml/git/ROB_534_Project/install/ur_controllers/lib:/home/imml/git/ROB_534_Project/install/ur_dashboard_msgs/lib:${LD_LIBRARY_PATH} PATH=/home/imml/git/ROB_534_Project/install/ur_robot_driver/bin:${PATH} PYTHONPATH=/home/imml/git/ROB_534_Project/install/ur_robot_driver/local/lib/python3.10/dist-packages:/home/imml/git/ROB_534_Project/install/ur_moveit_config/local/lib/python3.10/dist-packages:/home/imml/git/ROB_534_Project/install/ur_dashboard_msgs/local/lib/python3.10/dist-packages:${PYTHONPATH} /usr/bin/cmake --install /home/imml/git/ROB_534_Project/build/ur
[0.638s] -- Install configuration: ""
[0.639s] -- Execute custom install script
[0.639s] -- Symlinking: /home/imml/git/ROB_534_Project/install/ur/share/ament_index/resource_index/package_run_dependencies/ur
[0.648s] -- Symlinking: /home/imml/git/ROB_534_Project/install/ur/share/ament_index/resource_index/parent_prefix_path/ur
[0.659s] -- Symlinking: /home/imml/git/ROB_534_Project/install/ur/share/ur/environment/ament_prefix_path.sh
[0.669s] -- Symlinking: /home/imml/git/ROB_534_Project/install/ur/share/ur/environment/ament_prefix_path.dsv
[0.679s] -- Symlinking: /home/imml/git/ROB_534_Project/install/ur/share/ur/environment/path.sh
[0.688s] -- Symlinking: /home/imml/git/ROB_534_Project/install/ur/share/ur/environment/path.dsv
[0.697s] -- Symlinking: /home/imml/git/ROB_534_Project/install/ur/share/ur/local_setup.bash
[0.706s] -- Symlinking: /home/imml/git/ROB_534_Project/install/ur/share/ur/local_setup.sh
[0.715s] -- Symlinking: /home/imml/git/ROB_534_Project/install/ur/share/ur/local_setup.zsh
[0.724s] -- Symlinking: /home/imml/git/ROB_534_Project/install/ur/share/ur/local_setup.dsv
[0.732s] -- Symlinking: /home/imml/git/ROB_534_Project/install/ur/share/ur/package.dsv
[0.742s] -- Symlinking: /home/imml/git/ROB_534_Project/install/ur/share/ament_index/resource_index/packages/ur
[0.751s] -- Symlinking: /home/imml/git/ROB_534_Project/install/ur/share/ur/cmake/urConfig.cmake
[0.760s] -- Symlinking: /home/imml/git/ROB_534_Project/install/ur/share/ur/cmake/urConfig-version.cmake
[0.769s] -- Symlinking: /home/imml/git/ROB_534_Project/install/ur/share/ur/package.xml
[0.781s] Invoked command in '/home/imml/git/ROB_534_Project/build/ur' returned '0': AMENT_PREFIX_PATH=/home/imml/git/ROB_534_Project/install/ur_calibration:/home/imml/git/ROB_534_Project/install/ur_robot_driver:/home/imml/git/ROB_534_Project/install/ur_moveit_config:/home/imml/git/ROB_534_Project/install/ur_controllers:/home/imml/git/ROB_534_Project/install/ur_description:/home/imml/git/ROB_534_Project/install/ur_dashboard_msgs:${AMENT_PREFIX_PATH} CMAKE_PREFIX_PATH=/home/imml/git/ROB_534_Project/install/ur_calibration:/home/imml/git/ROB_534_Project/install/ur_robot_driver:/home/imml/git/ROB_534_Project/install/ur_moveit_config:/home/imml/git/ROB_534_Project/install/ur_controllers:/home/imml/git/ROB_534_Project/install/ur_description:/home/imml/git/ROB_534_Project/install/ur_dashboard_msgs:/opt/ros/humble LD_LIBRARY_PATH=/home/imml/git/ROB_534_Project/install/ur_robot_driver/lib:/home/imml/git/ROB_534_Project/install/ur_controllers/lib:/home/imml/git/ROB_534_Project/install/ur_dashboard_msgs/lib:${LD_LIBRARY_PATH} PATH=/home/imml/git/ROB_534_Project/install/ur_robot_driver/bin:${PATH} PYTHONPATH=/home/imml/git/ROB_534_Project/install/ur_robot_driver/local/lib/python3.10/dist-packages:/home/imml/git/ROB_534_Project/install/ur_moveit_config/local/lib/python3.10/dist-packages:/home/imml/git/ROB_534_Project/install/ur_dashboard_msgs/local/lib/python3.10/dist-packages:${PYTHONPATH} /usr/bin/cmake --install /home/imml/git/ROB_534_Project/build/ur
