[0.040s] Invoking command in '/home/imml/git/ROB_534_Project/build/ur_moveit_config': AMENT_PREFIX_PATH=/home/imml/git/ROB_534_Project/install/ur_description:${AMENT_PREFIX_PATH} CMAKE_PREFIX_PATH=/home/imml/git/ROB_534_Project/install/ur_description:/opt/ros/humble /usr/bin/cmake /home/imml/git/ROB_534_Project/harvest_hardware/Universal_Robots_ROS2_Driver/ur_moveit_config -DAMENT_CMAKE_SYMLINK_INSTALL=1 -DCMAKE_INSTALL_PREFIX=/home/imml/git/ROB_534_Project/install/ur_moveit_config
[0.250s] -- The C compiler identification is GNU 11.4.0
[0.470s] -- The CXX compiler identification is GNU 11.4.0
[0.509s] -- Detecting C compiler ABI info
[0.789s] -- Detecting C compiler ABI info - done
[0.809s] -- Check for working C compiler: /usr/bin/cc - skipped
[0.812s] -- Detecting C compile features
[0.815s] -- Detecting C compile features - done
[0.820s] -- Detecting CXX compiler ABI info
[1.159s] -- Detecting CXX compiler ABI info - done
[1.200s] -- Check for working CXX compiler: /usr/bin/c++ - skipped
[1.200s] -- Detecting CXX compile features
[1.201s] -- Detecting CXX compile features - done
[1.215s] -- Found ament_cmake: 1.3.11 (/opt/ros/humble/share/ament_cmake/cmake)
[1.712s] -- Found Python3: /usr/bin/python3 (found version "3.10.12") found components: Interpreter 
[1.833s] -- Override CMake install command with custom implementation using symlinks instead of copying resources
[2.263s] -- Configuring done
[2.271s] -- Generating done
[2.275s] -- Build files have been written to: /home/imml/git/ROB_534_Project/build/ur_moveit_config
[2.306s] Invoked command in '/home/imml/git/ROB_534_Project/build/ur_moveit_config' returned '0': AMENT_PREFIX_PATH=/home/imml/git/ROB_534_Project/install/ur_description:${AMENT_PREFIX_PATH} CMAKE_PREFIX_PATH=/home/imml/git/ROB_534_Project/install/ur_description:/opt/ros/humble /usr/bin/cmake /home/imml/git/ROB_534_Project/harvest_hardware/Universal_Robots_ROS2_Driver/ur_moveit_config -DAMENT_CMAKE_SYMLINK_INSTALL=1 -DCMAKE_INSTALL_PREFIX=/home/imml/git/ROB_534_Project/install/ur_moveit_config
[2.307s] Invoking command in '/home/imml/git/ROB_534_Project/build/ur_moveit_config': AMENT_PREFIX_PATH=/home/imml/git/ROB_534_Project/install/ur_description:${AMENT_PREFIX_PATH} CMAKE_PREFIX_PATH=/home/imml/git/ROB_534_Project/install/ur_description:/opt/ros/humble /usr/bin/cmake --build /home/imml/git/ROB_534_Project/build/ur_moveit_config -- -j16 -l16
[2.548s] Built target ament_cmake_python_symlink_ur_moveit_config
[3.162s] running egg_info
[3.163s] creating ur_moveit_config.egg-info
[3.164s] writing ur_moveit_config.egg-info/PKG-INFO
[3.165s] writing dependency_links to ur_moveit_config.egg-info/dependency_links.txt
[3.166s] writing top-level names to ur_moveit_config.egg-info/top_level.txt
[3.166s] writing manifest file 'ur_moveit_config.egg-info/SOURCES.txt'
[3.171s] reading manifest file 'ur_moveit_config.egg-info/SOURCES.txt'
[3.172s] writing manifest file 'ur_moveit_config.egg-info/SOURCES.txt'
[3.265s] Built target ament_cmake_python_build_ur_moveit_config_egg
[3.299s] Invoked command in '/home/imml/git/ROB_534_Project/build/ur_moveit_config' returned '0': AMENT_PREFIX_PATH=/home/imml/git/ROB_534_Project/install/ur_description:${AMENT_PREFIX_PATH} CMAKE_PREFIX_PATH=/home/imml/git/ROB_534_Project/install/ur_description:/opt/ros/humble /usr/bin/cmake --build /home/imml/git/ROB_534_Project/build/ur_moveit_config -- -j16 -l16
[3.299s] Invoking command in '/home/imml/git/ROB_534_Project/build/ur_moveit_config': AMENT_PREFIX_PATH=/home/imml/git/ROB_534_Project/install/ur_description:${AMENT_PREFIX_PATH} CMAKE_PREFIX_PATH=/home/imml/git/ROB_534_Project/install/ur_description:/opt/ros/humble /usr/bin/cmake --install /home/imml/git/ROB_534_Project/build/ur_moveit_config
[3.320s] -- Install configuration: ""
[3.321s] -- Execute custom install script
[3.322s] -- Symlinking: /home/imml/git/ROB_534_Project/install/ur_moveit_config/share/ur_moveit_config/config/controllers.yaml
[3.351s] -- Symlinking: /home/imml/git/ROB_534_Project/install/ur_moveit_config/share/ur_moveit_config/config/joint_limits.yaml
[3.377s] -- Symlinking: /home/imml/git/ROB_534_Project/install/ur_moveit_config/share/ur_moveit_config/config/kinematics.yaml
[3.407s] -- Symlinking: /home/imml/git/ROB_534_Project/install/ur_moveit_config/share/ur_moveit_config/config/ompl_planning.yaml
[3.431s] -- Symlinking: /home/imml/git/ROB_534_Project/install/ur_moveit_config/share/ur_moveit_config/config/ur_servo.yaml
[3.465s] -- Symlinking: /home/imml/git/ROB_534_Project/install/ur_moveit_config/share/ur_moveit_config/launch/ur_moveit.launch.py
[3.494s] -- Symlinking: /home/imml/git/ROB_534_Project/install/ur_moveit_config/share/ur_moveit_config/launch/ur_moveit_custom_hw.launch.py
[3.527s] -- Symlinking: /home/imml/git/ROB_534_Project/install/ur_moveit_config/share/ur_moveit_config/rviz/view_robot.rviz
[3.567s] -- Symlinking: /home/imml/git/ROB_534_Project/install/ur_moveit_config/share/ur_moveit_config/srdf/ur.srdf.xacro
[3.607s] -- Symlinking: /home/imml/git/ROB_534_Project/install/ur_moveit_config/share/ur_moveit_config/srdf/ur_macro.srdf.xacro
[3.651s] -- Symlinking: /home/imml/git/ROB_534_Project/install/ur_moveit_config/share/ur_moveit_config/environment/pythonpath.sh
[3.673s] -- Symlinking: /home/imml/git/ROB_534_Project/install/ur_moveit_config/share/ur_moveit_config/environment/pythonpath.dsv
[3.712s] -- Symlinking: /home/imml/git/ROB_534_Project/install/ur_moveit_config/local/lib/python3.10/dist-packages/ur_moveit_config-2.2.15-py3.10.egg-info/PKG-INFO
[3.735s] -- Symlinking: /home/imml/git/ROB_534_Project/install/ur_moveit_config/local/lib/python3.10/dist-packages/ur_moveit_config-2.2.15-py3.10.egg-info/SOURCES.txt
[3.771s] -- Symlinking: /home/imml/git/ROB_534_Project/install/ur_moveit_config/local/lib/python3.10/dist-packages/ur_moveit_config-2.2.15-py3.10.egg-info/dependency_links.txt
[3.797s] -- Symlinking: /home/imml/git/ROB_534_Project/install/ur_moveit_config/local/lib/python3.10/dist-packages/ur_moveit_config-2.2.15-py3.10.egg-info/top_level.txt
[3.825s] -- Symlinking: /home/imml/git/ROB_534_Project/install/ur_moveit_config/local/lib/python3.10/dist-packages/ur_moveit_config/__init__.py
[3.865s] -- Symlinking: /home/imml/git/ROB_534_Project/install/ur_moveit_config/local/lib/python3.10/dist-packages/ur_moveit_config/launch_common.py
[3.891s] -- Symlinking: /home/imml/git/ROB_534_Project/install/ur_moveit_config/local/lib/python3.10/dist-packages/launch_common.py
[3.919s] -- Symlinking: /home/imml/git/ROB_534_Project/install/ur_moveit_config/share/ament_index/resource_index/package_run_dependencies/ur_moveit_config
[3.944s] -- Symlinking: /home/imml/git/ROB_534_Project/install/ur_moveit_config/share/ament_index/resource_index/parent_prefix_path/ur_moveit_config
[3.963s] -- Symlinking: /home/imml/git/ROB_534_Project/install/ur_moveit_config/share/ur_moveit_config/environment/ament_prefix_path.sh
[3.979s] -- Symlinking: /home/imml/git/ROB_534_Project/install/ur_moveit_config/share/ur_moveit_config/environment/ament_prefix_path.dsv
[3.995s] -- Symlinking: /home/imml/git/ROB_534_Project/install/ur_moveit_config/share/ur_moveit_config/environment/path.sh
[4.012s] -- Symlinking: /home/imml/git/ROB_534_Project/install/ur_moveit_config/share/ur_moveit_config/environment/path.dsv
[4.028s] -- Symlinking: /home/imml/git/ROB_534_Project/install/ur_moveit_config/share/ur_moveit_config/local_setup.bash
[4.046s] -- Symlinking: /home/imml/git/ROB_534_Project/install/ur_moveit_config/share/ur_moveit_config/local_setup.sh
[4.063s] -- Symlinking: /home/imml/git/ROB_534_Project/install/ur_moveit_config/share/ur_moveit_config/local_setup.zsh
[4.088s] -- Symlinking: /home/imml/git/ROB_534_Project/install/ur_moveit_config/share/ur_moveit_config/local_setup.dsv
[4.116s] -- Symlinking: /home/imml/git/ROB_534_Project/install/ur_moveit_config/share/ur_moveit_config/package.dsv
[4.146s] -- Symlinking: /home/imml/git/ROB_534_Project/install/ur_moveit_config/share/ament_index/resource_index/packages/ur_moveit_config
[4.168s] -- Symlinking: /home/imml/git/ROB_534_Project/install/ur_moveit_config/share/ur_moveit_config/cmake/ur_moveit_configConfig.cmake
[4.184s] -- Symlinking: /home/imml/git/ROB_534_Project/install/ur_moveit_config/share/ur_moveit_config/cmake/ur_moveit_configConfig-version.cmake
[4.201s] -- Symlinking: /home/imml/git/ROB_534_Project/install/ur_moveit_config/share/ur_moveit_config/package.xml
[4.269s] Listing '/home/imml/git/ROB_534_Project/install/ur_moveit_config/local/lib/python3.10/dist-packages/ur_moveit_config'...
[4.269s] Compiling '/home/imml/git/ROB_534_Project/install/ur_moveit_config/local/lib/python3.10/dist-packages/ur_moveit_config/__init__.py'...
[4.270s] Compiling '/home/imml/git/ROB_534_Project/install/ur_moveit_config/local/lib/python3.10/dist-packages/ur_moveit_config/launch_common.py'...
[4.334s] Compiling '/home/imml/git/ROB_534_Project/install/ur_moveit_config/local/lib/python3.10/dist-packages/launch_common.py'...
[4.357s] Invoked command in '/home/imml/git/ROB_534_Project/build/ur_moveit_config' returned '0': AMENT_PREFIX_PATH=/home/imml/git/ROB_534_Project/install/ur_description:${AMENT_PREFIX_PATH} CMAKE_PREFIX_PATH=/home/imml/git/ROB_534_Project/install/ur_description:/opt/ros/humble /usr/bin/cmake --install /home/imml/git/ROB_534_Project/build/ur_moveit_config
