[0.025s] Invoking command in '/home/imml/git/ROB_534_Project/build/harvest': CMAKE_PREFIX_PATH=/home/imml/git/ROB_534_Project/install/harvest_interfaces:/home/imml/git/ROB_534_Project/install/ur:/home/imml/git/ROB_534_Project/install/ur_calibration:/home/imml/git/ROB_534_Project/install/ur_robot_driver:/home/imml/git/ROB_534_Project/install/ur_moveit_config:/home/imml/git/ROB_534_Project/install/ur_bringup:/home/imml/git/ROB_534_Project/install/ur_description:/home/imml/git/ROB_534_Project/install/ur_controllers:/home/imml/git/ROB_534_Project/install/ur_dashboard_msgs:/home/imml/git/ROB_534_Project/install/realsense2_description:/home/imml/git/ROB_534_Project/install/realsense2_camera:/home/imml/git/ROB_534_Project/install/realsense2_camera_msgs:/home/imml/git/ROB_534_Project/install/harvest_control:/home/imml/git/ROB_534_Project/install/harvest:/home/imml/git/ROB_534_Project/install/ur5e_custom_hardware:/home/imml/git/ROB_534_Project/install/harvest_vision:/opt/ros/humble LD_LIBRARY_PATH=/home/imml/git/ROB_534_Project/install/harvest_interfaces/lib:/home/imml/git/ROB_534_Project/install/ur_robot_driver/lib:/home/imml/git/ROB_534_Project/install/ur_controllers/lib:/home/imml/git/ROB_534_Project/install/ur_dashboard_msgs/lib:/home/imml/git/ROB_534_Project/install/realsense2_camera/lib:/home/imml/git/ROB_534_Project/install/realsense2_camera_msgs/lib:/opt/ros/humble/opt/rviz_ogre_vendor/lib:/opt/ros/humble/lib/x86_64-linux-gnu:/opt/ros/humble/lib /usr/bin/cmake --build /home/imml/git/ROB_534_Project/build/harvest -- -j16 -l16
[0.087s] Built target ament_cmake_python_symlink_harvest
[0.344s] running egg_info
[0.344s] writing harvest.egg-info/PKG-INFO
[0.345s] writing dependency_links to harvest.egg-info/dependency_links.txt
[0.345s] writing top-level names to harvest.egg-info/top_level.txt
[0.349s] reading manifest file 'harvest.egg-info/SOURCES.txt'
[0.350s] writing manifest file 'harvest.egg-info/SOURCES.txt'
[0.421s] Built target ament_cmake_python_build_harvest_egg
[0.434s] Invoked command in '/home/imml/git/ROB_534_Project/build/harvest' returned '0': CMAKE_PREFIX_PATH=/home/imml/git/ROB_534_Project/install/harvest_interfaces:/home/imml/git/ROB_534_Project/install/ur:/home/imml/git/ROB_534_Project/install/ur_calibration:/home/imml/git/ROB_534_Project/install/ur_robot_driver:/home/imml/git/ROB_534_Project/install/ur_moveit_config:/home/imml/git/ROB_534_Project/install/ur_bringup:/home/imml/git/ROB_534_Project/install/ur_description:/home/imml/git/ROB_534_Project/install/ur_controllers:/home/imml/git/ROB_534_Project/install/ur_dashboard_msgs:/home/imml/git/ROB_534_Project/install/realsense2_description:/home/imml/git/ROB_534_Project/install/realsense2_camera:/home/imml/git/ROB_534_Project/install/realsense2_camera_msgs:/home/imml/git/ROB_534_Project/install/harvest_control:/home/imml/git/ROB_534_Project/install/harvest:/home/imml/git/ROB_534_Project/install/ur5e_custom_hardware:/home/imml/git/ROB_534_Project/install/harvest_vision:/opt/ros/humble LD_LIBRARY_PATH=/home/imml/git/ROB_534_Project/install/harvest_interfaces/lib:/home/imml/git/ROB_534_Project/install/ur_robot_driver/lib:/home/imml/git/ROB_534_Project/install/ur_controllers/lib:/home/imml/git/ROB_534_Project/install/ur_dashboard_msgs/lib:/home/imml/git/ROB_534_Project/install/realsense2_camera/lib:/home/imml/git/ROB_534_Project/install/realsense2_camera_msgs/lib:/opt/ros/humble/opt/rviz_ogre_vendor/lib:/opt/ros/humble/lib/x86_64-linux-gnu:/opt/ros/humble/lib /usr/bin/cmake --build /home/imml/git/ROB_534_Project/build/harvest -- -j16 -l16
[0.436s] Invoking command in '/home/imml/git/ROB_534_Project/build/harvest': CMAKE_PREFIX_PATH=/home/imml/git/ROB_534_Project/install/harvest_interfaces:/home/imml/git/ROB_534_Project/install/ur:/home/imml/git/ROB_534_Project/install/ur_calibration:/home/imml/git/ROB_534_Project/install/ur_robot_driver:/home/imml/git/ROB_534_Project/install/ur_moveit_config:/home/imml/git/ROB_534_Project/install/ur_bringup:/home/imml/git/ROB_534_Project/install/ur_description:/home/imml/git/ROB_534_Project/install/ur_controllers:/home/imml/git/ROB_534_Project/install/ur_dashboard_msgs:/home/imml/git/ROB_534_Project/install/realsense2_description:/home/imml/git/ROB_534_Project/install/realsense2_camera:/home/imml/git/ROB_534_Project/install/realsense2_camera_msgs:/home/imml/git/ROB_534_Project/install/harvest_control:/home/imml/git/ROB_534_Project/install/harvest:/home/imml/git/ROB_534_Project/install/ur5e_custom_hardware:/home/imml/git/ROB_534_Project/install/harvest_vision:/opt/ros/humble LD_LIBRARY_PATH=/home/imml/git/ROB_534_Project/install/harvest_interfaces/lib:/home/imml/git/ROB_534_Project/install/ur_robot_driver/lib:/home/imml/git/ROB_534_Project/install/ur_controllers/lib:/home/imml/git/ROB_534_Project/install/ur_dashboard_msgs/lib:/home/imml/git/ROB_534_Project/install/realsense2_camera/lib:/home/imml/git/ROB_534_Project/install/realsense2_camera_msgs/lib:/opt/ros/humble/opt/rviz_ogre_vendor/lib:/opt/ros/humble/lib/x86_64-linux-gnu:/opt/ros/humble/lib /usr/bin/cmake --install /home/imml/git/ROB_534_Project/build/harvest
[0.445s] -- Install configuration: ""
[0.446s] -- Execute custom install script
[0.446s] -- Up-to-date symlink: /home/imml/git/ROB_534_Project/install/harvest/share/harvest/environment/pythonpath.sh
[0.446s] -- Up-to-date symlink: /home/imml/git/ROB_534_Project/install/harvest/share/harvest/environment/pythonpath.dsv
[0.446s] -- Up-to-date symlink: /home/imml/git/ROB_534_Project/install/harvest/local/lib/python3.10/dist-packages/harvest-0.0.0-py3.10.egg-info/PKG-INFO
[0.446s] -- Up-to-date symlink: /home/imml/git/ROB_534_Project/install/harvest/local/lib/python3.10/dist-packages/harvest-0.0.0-py3.10.egg-info/SOURCES.txt
[0.446s] -- Up-to-date symlink: /home/imml/git/ROB_534_Project/install/harvest/local/lib/python3.10/dist-packages/harvest-0.0.0-py3.10.egg-info/dependency_links.txt
[0.446s] -- Up-to-date symlink: /home/imml/git/ROB_534_Project/install/harvest/local/lib/python3.10/dist-packages/harvest-0.0.0-py3.10.egg-info/top_level.txt
[0.447s] -- Up-to-date symlink: /home/imml/git/ROB_534_Project/install/harvest/local/lib/python3.10/dist-packages/harvest/__init__.py
[0.447s] -- Up-to-date symlink: /home/imml/git/ROB_534_Project/install/harvest/lib/harvest/visual_servo_test.py
[0.447s] -- Up-to-date symlink: /home/imml/git/ROB_534_Project/install/harvest/lib/harvest/launch_param_test.py
[0.447s] -- Up-to-date symlink: /home/imml/git/ROB_534_Project/install/harvest/lib/harvest/start_harvest.py
[0.447s] -- Up-to-date symlink: /home/imml/git/ROB_534_Project/install/harvest/lib/harvest/start_harvest_no_vision.py
[0.447s] -- Up-to-date symlink: /home/imml/git/ROB_534_Project/install/harvest/lib/harvest/start_harvest_just_gripper.py
[0.448s] -- Up-to-date symlink: /home/imml/git/ROB_534_Project/install/harvest/lib/harvest/record.py
[0.448s] -- Up-to-date symlink: /home/imml/git/ROB_534_Project/install/harvest/lib/harvest/apple_prediction_test.py
[0.449s] -- Up-to-date symlink: /home/imml/git/ROB_534_Project/install/harvest/lib/harvest/orchard_templating.py
[0.449s] -- Up-to-date symlink: /home/imml/git/ROB_534_Project/install/harvest/lib/harvest/apple_reachability_rviz.py
[0.449s] -- Up-to-date symlink: /home/imml/git/ROB_534_Project/install/harvest/share/harvest//launch/launch_vision.launch.py
[0.449s] -- Up-to-date symlink: /home/imml/git/ROB_534_Project/install/harvest/share/harvest//launch/launch_vision_templating.launch.py
[0.449s] -- Up-to-date symlink: /home/imml/git/ROB_534_Project/install/harvest/share/ament_index/resource_index/package_run_dependencies/harvest
[0.449s] -- Up-to-date symlink: /home/imml/git/ROB_534_Project/install/harvest/share/ament_index/resource_index/parent_prefix_path/harvest
[0.450s] -- Up-to-date symlink: /home/imml/git/ROB_534_Project/install/harvest/share/harvest/environment/ament_prefix_path.sh
[0.450s] -- Up-to-date symlink: /home/imml/git/ROB_534_Project/install/harvest/share/harvest/environment/ament_prefix_path.dsv
[0.450s] -- Up-to-date symlink: /home/imml/git/ROB_534_Project/install/harvest/share/harvest/environment/path.sh
[0.450s] -- Up-to-date symlink: /home/imml/git/ROB_534_Project/install/harvest/share/harvest/environment/path.dsv
[0.450s] -- Up-to-date symlink: /home/imml/git/ROB_534_Project/install/harvest/share/harvest/local_setup.bash
[0.450s] -- Up-to-date symlink: /home/imml/git/ROB_534_Project/install/harvest/share/harvest/local_setup.sh
[0.450s] -- Up-to-date symlink: /home/imml/git/ROB_534_Project/install/harvest/share/harvest/local_setup.zsh
[0.450s] -- Up-to-date symlink: /home/imml/git/ROB_534_Project/install/harvest/share/harvest/local_setup.dsv
[0.451s] -- Symlinking: /home/imml/git/ROB_534_Project/install/harvest/share/harvest/package.dsv
[0.464s] -- Up-to-date symlink: /home/imml/git/ROB_534_Project/install/harvest/share/ament_index/resource_index/packages/harvest
[0.464s] -- Up-to-date symlink: /home/imml/git/ROB_534_Project/install/harvest/share/harvest/cmake/harvestConfig.cmake
[0.465s] -- Up-to-date symlink: /home/imml/git/ROB_534_Project/install/harvest/share/harvest/cmake/harvestConfig-version.cmake
[0.465s] -- Up-to-date symlink: /home/imml/git/ROB_534_Project/install/harvest/share/harvest/package.xml
[0.514s] Listing '/home/imml/git/ROB_534_Project/install/harvest/local/lib/python3.10/dist-packages/harvest'...
[0.531s] Invoked command in '/home/imml/git/ROB_534_Project/build/harvest' returned '0': CMAKE_PREFIX_PATH=/home/imml/git/ROB_534_Project/install/harvest_interfaces:/home/imml/git/ROB_534_Project/install/ur:/home/imml/git/ROB_534_Project/install/ur_calibration:/home/imml/git/ROB_534_Project/install/ur_robot_driver:/home/imml/git/ROB_534_Project/install/ur_moveit_config:/home/imml/git/ROB_534_Project/install/ur_bringup:/home/imml/git/ROB_534_Project/install/ur_description:/home/imml/git/ROB_534_Project/install/ur_controllers:/home/imml/git/ROB_534_Project/install/ur_dashboard_msgs:/home/imml/git/ROB_534_Project/install/realsense2_description:/home/imml/git/ROB_534_Project/install/realsense2_camera:/home/imml/git/ROB_534_Project/install/realsense2_camera_msgs:/home/imml/git/ROB_534_Project/install/harvest_control:/home/imml/git/ROB_534_Project/install/harvest:/home/imml/git/ROB_534_Project/install/ur5e_custom_hardware:/home/imml/git/ROB_534_Project/install/harvest_vision:/opt/ros/humble LD_LIBRARY_PATH=/home/imml/git/ROB_534_Project/install/harvest_interfaces/lib:/home/imml/git/ROB_534_Project/install/ur_robot_driver/lib:/home/imml/git/ROB_534_Project/install/ur_controllers/lib:/home/imml/git/ROB_534_Project/install/ur_dashboard_msgs/lib:/home/imml/git/ROB_534_Project/install/realsense2_camera/lib:/home/imml/git/ROB_534_Project/install/realsense2_camera_msgs/lib:/opt/ros/humble/opt/rviz_ogre_vendor/lib:/opt/ros/humble/lib/x86_64-linux-gnu:/opt/ros/humble/lib /usr/bin/cmake --install /home/imml/git/ROB_534_Project/build/harvest
