[0.039s] Invoking command in '/home/imml/git/ROB_534_Project/build/ur_calibration': AMENT_PREFIX_PATH=/home/imml/git/ROB_534_Project/install/ur_robot_driver:/home/imml/git/ROB_534_Project/install/ur_controllers:/home/imml/git/ROB_534_Project/install/ur_description:/home/imml/git/ROB_534_Project/install/ur_dashboard_msgs:${AMENT_PREFIX_PATH} CMAKE_PREFIX_PATH=/home/imml/git/ROB_534_Project/install/ur_robot_driver:/home/imml/git/ROB_534_Project/install/ur_controllers:/home/imml/git/ROB_534_Project/install/ur_description:/home/imml/git/ROB_534_Project/install/ur_dashboard_msgs:/opt/ros/humble LD_LIBRARY_PATH=/home/imml/git/ROB_534_Project/install/ur_robot_driver/lib:/home/imml/git/ROB_534_Project/install/ur_controllers/lib:/home/imml/git/ROB_534_Project/install/ur_dashboard_msgs/lib:${LD_LIBRARY_PATH} PATH=/home/imml/git/ROB_534_Project/install/ur_robot_driver/bin:${PATH} PYTHONPATH=/home/imml/git/ROB_534_Project/install/ur_robot_driver/local/lib/python3.10/dist-packages:/home/imml/git/ROB_534_Project/install/ur_dashboard_msgs/local/lib/python3.10/dist-packages:${PYTHONPATH} /usr/bin/cmake /home/imml/git/ROB_534_Project/harvest_hardware/Universal_Robots_ROS2_Driver/ur_calibration -DAMENT_CMAKE_SYMLINK_INSTALL=1 -DCMAKE_INSTALL_PREFIX=/home/imml/git/ROB_534_Project/install/ur_calibration
[0.111s] -- The C compiler identification is GNU 11.4.0
[0.179s] -- The CXX compiler identification is GNU 11.4.0
[0.188s] -- Detecting C compiler ABI info
[0.277s] -- Detecting C compiler ABI info - done
[0.284s] -- Check for working C compiler: /usr/bin/cc - skipped
[0.284s] -- Detecting C compile features
[0.284s] -- Detecting C compile features - done
[0.287s] -- Detecting CXX compiler ABI info
[0.396s] -- Detecting CXX compiler ABI info - done
[0.402s] -- Check for working CXX compiler: /usr/bin/c++ - skipped
[0.402s] -- Detecting CXX compile features
[0.402s] -- Detecting CXX compile features - done
[0.403s] [0mur_calibration: You did not request a specific build type: selecting 'RelWithDebInfo'.[0m
[0.406s] -- Found ament_cmake: 1.3.11 (/opt/ros/humble/share/ament_cmake/cmake)
[0.579s] -- Found Python3: /usr/bin/python3 (found version "3.10.12") found components: Interpreter 
[0.648s] -- Override CMake install command with custom implementation using symlinks instead of copying resources
[0.682s] -- Found rclcpp: 16.0.11 (/opt/ros/humble/share/rclcpp/cmake)
[0.729s] -- Found rosidl_generator_c: 3.1.6 (/opt/ros/humble/share/rosidl_generator_c/cmake)
[0.734s] -- Found rosidl_adapter: 3.1.6 (/opt/ros/humble/share/rosidl_adapter/cmake)
[0.743s] -- Found rosidl_generator_cpp: 3.1.6 (/opt/ros/humble/share/rosidl_generator_cpp/cmake)
[0.755s] -- Using all available rosidl_typesupport_c: rosidl_typesupport_fastrtps_c;rosidl_typesupport_introspection_c
[0.770s] -- Using all available rosidl_typesupport_cpp: rosidl_typesupport_fastrtps_cpp;rosidl_typesupport_introspection_cpp
[0.814s] -- Found rmw_implementation_cmake: 6.1.2 (/opt/ros/humble/share/rmw_implementation_cmake/cmake)
[0.817s] -- Found rmw_fastrtps_cpp: 6.2.7 (/opt/ros/humble/share/rmw_fastrtps_cpp/cmake)
[0.931s] -- Found OpenSSL: /usr/lib/x86_64-linux-gnu/libcrypto.so (found version "3.0.2")  
[0.965s] -- Found FastRTPS: /opt/ros/humble/include  
[1.012s] -- Using RMW implementation 'rmw_fastrtps_cpp' as default
[1.021s] -- Looking for pthread.h
[1.104s] -- Looking for pthread.h - found
[1.105s] -- Performing Test CMAKE_HAVE_LIBC_PTHREAD
[1.181s] -- Performing Test CMAKE_HAVE_LIBC_PTHREAD - Success
[1.182s] -- Found Threads: TRUE  
[1.224s] -- Found ur_robot_driver: 2.2.15 (/home/imml/git/ROB_534_Project/install/ur_robot_driver/share/ur_robot_driver/cmake)
[1.416s] -- Found eigen3_cmake_module: 0.1.1 (/opt/ros/humble/share/eigen3_cmake_module/cmake)
[1.417s] -- Found Eigen3: TRUE (found version "3.4.0") 
[1.417s] -- Ensuring Eigen3 include directory is part of orocos-kdl CMake target
[1.520s] -- Found ament_cmake_gmock: 1.3.11 (/opt/ros/humble/share/ament_cmake_gmock/cmake)
[1.522s] -- Found gmock sources under '/opt/ros/humble/src/gmock_vendor': C++ tests using 'Google Mock' will be built
[1.527s] -- Found ament_cmake_gtest: 1.3.11 (/opt/ros/humble/share/ament_cmake_gtest/cmake)
[1.528s] -- Found gtest sources under '/opt/ros/humble/src/gtest_vendor': C++ tests using 'Google Test' will be built
[1.585s] -- Configuring done
[1.677s] -- Generating done
[1.688s] -- Build files have been written to: /home/imml/git/ROB_534_Project/build/ur_calibration
[1.707s] Invoked command in '/home/imml/git/ROB_534_Project/build/ur_calibration' returned '0': AMENT_PREFIX_PATH=/home/imml/git/ROB_534_Project/install/ur_robot_driver:/home/imml/git/ROB_534_Project/install/ur_controllers:/home/imml/git/ROB_534_Project/install/ur_description:/home/imml/git/ROB_534_Project/install/ur_dashboard_msgs:${AMENT_PREFIX_PATH} CMAKE_PREFIX_PATH=/home/imml/git/ROB_534_Project/install/ur_robot_driver:/home/imml/git/ROB_534_Project/install/ur_controllers:/home/imml/git/ROB_534_Project/install/ur_description:/home/imml/git/ROB_534_Project/install/ur_dashboard_msgs:/opt/ros/humble LD_LIBRARY_PATH=/home/imml/git/ROB_534_Project/install/ur_robot_driver/lib:/home/imml/git/ROB_534_Project/install/ur_controllers/lib:/home/imml/git/ROB_534_Project/install/ur_dashboard_msgs/lib:${LD_LIBRARY_PATH} PATH=/home/imml/git/ROB_534_Project/install/ur_robot_driver/bin:${PATH} PYTHONPATH=/home/imml/git/ROB_534_Project/install/ur_robot_driver/local/lib/python3.10/dist-packages:/home/imml/git/ROB_534_Project/install/ur_dashboard_msgs/local/lib/python3.10/dist-packages:${PYTHONPATH} /usr/bin/cmake /home/imml/git/ROB_534_Project/harvest_hardware/Universal_Robots_ROS2_Driver/ur_calibration -DAMENT_CMAKE_SYMLINK_INSTALL=1 -DCMAKE_INSTALL_PREFIX=/home/imml/git/ROB_534_Project/install/ur_calibration
[1.708s] Invoking command in '/home/imml/git/ROB_534_Project/build/ur_calibration': AMENT_PREFIX_PATH=/home/imml/git/ROB_534_Project/install/ur_robot_driver:/home/imml/git/ROB_534_Project/install/ur_controllers:/home/imml/git/ROB_534_Project/install/ur_description:/home/imml/git/ROB_534_Project/install/ur_dashboard_msgs:${AMENT_PREFIX_PATH} CMAKE_PREFIX_PATH=/home/imml/git/ROB_534_Project/install/ur_robot_driver:/home/imml/git/ROB_534_Project/install/ur_controllers:/home/imml/git/ROB_534_Project/install/ur_description:/home/imml/git/ROB_534_Project/install/ur_dashboard_msgs:/opt/ros/humble LD_LIBRARY_PATH=/home/imml/git/ROB_534_Project/install/ur_robot_driver/lib:/home/imml/git/ROB_534_Project/install/ur_controllers/lib:/home/imml/git/ROB_534_Project/install/ur_dashboard_msgs/lib:${LD_LIBRARY_PATH} PATH=/home/imml/git/ROB_534_Project/install/ur_robot_driver/bin:${PATH} PYTHONPATH=/home/imml/git/ROB_534_Project/install/ur_robot_driver/local/lib/python3.10/dist-packages:/home/imml/git/ROB_534_Project/install/ur_dashboard_msgs/local/lib/python3.10/dist-packages:${PYTHONPATH} /usr/bin/cmake --build /home/imml/git/ROB_534_Project/build/ur_calibration -- -j16 -l16
[1.765s] [ 41%] [32mBuilding CXX object gmock/CMakeFiles/gmock_main.dir/src/gmock_main.cc.o[0m
[1.766s] [ 41%] [32mBuilding CXX object CMakeFiles/calibration.dir/src/calibration_consumer.cpp.o[0m
[1.766s] [ 41%] [32mBuilding CXX object CMakeFiles/calibration.dir/src/calibration.cpp.o[0m
[1.766s] [ 41%] [32mBuilding CXX object gmock/CMakeFiles/gmock.dir/src/gmock-all.cc.o[0m
[1.766s] [ 41%] [32mBuilding CXX object gmock/CMakeFiles/gmock.dir/opt/ros/humble/src/gtest_vendor/src/gtest-all.cc.o[0m
[3.085s] [ 50%] [32m[1mLinking CXX static library libgmock_main.a[0m
[3.127s] [ 50%] Built target gmock_main
[9.757s] [ 58%] [32m[1mLinking CXX static library libgmock.a[0m
[9.880s] [ 58%] Built target gmock
[10.045s] [ 66%] [32m[1mLinking CXX static library libcalibration.a[0m
[10.153s] [ 66%] Built target calibration
[10.174s] [ 83%] [32mBuilding CXX object CMakeFiles/calibration_test.dir/test/calibration_test.cpp.o[0m
[10.174s] [ 83%] [32mBuilding CXX object CMakeFiles/calibration_correction.dir/src/calibration_correction.cpp.o[0m
[15.604s] [ 91%] [32m[1mLinking CXX executable calibration_correction[0m
[15.902s] [ 91%] Built target calibration_correction
[17.085s] [100%] [32m[1mLinking CXX executable calibration_test[0m
[17.383s] [100%] Built target calibration_test
[17.395s] Invoked command in '/home/imml/git/ROB_534_Project/build/ur_calibration' returned '0': AMENT_PREFIX_PATH=/home/imml/git/ROB_534_Project/install/ur_robot_driver:/home/imml/git/ROB_534_Project/install/ur_controllers:/home/imml/git/ROB_534_Project/install/ur_description:/home/imml/git/ROB_534_Project/install/ur_dashboard_msgs:${AMENT_PREFIX_PATH} CMAKE_PREFIX_PATH=/home/imml/git/ROB_534_Project/install/ur_robot_driver:/home/imml/git/ROB_534_Project/install/ur_controllers:/home/imml/git/ROB_534_Project/install/ur_description:/home/imml/git/ROB_534_Project/install/ur_dashboard_msgs:/opt/ros/humble LD_LIBRARY_PATH=/home/imml/git/ROB_534_Project/install/ur_robot_driver/lib:/home/imml/git/ROB_534_Project/install/ur_controllers/lib:/home/imml/git/ROB_534_Project/install/ur_dashboard_msgs/lib:${LD_LIBRARY_PATH} PATH=/home/imml/git/ROB_534_Project/install/ur_robot_driver/bin:${PATH} PYTHONPATH=/home/imml/git/ROB_534_Project/install/ur_robot_driver/local/lib/python3.10/dist-packages:/home/imml/git/ROB_534_Project/install/ur_dashboard_msgs/local/lib/python3.10/dist-packages:${PYTHONPATH} /usr/bin/cmake --build /home/imml/git/ROB_534_Project/build/ur_calibration -- -j16 -l16
[17.396s] Invoking command in '/home/imml/git/ROB_534_Project/build/ur_calibration': AMENT_PREFIX_PATH=/home/imml/git/ROB_534_Project/install/ur_robot_driver:/home/imml/git/ROB_534_Project/install/ur_controllers:/home/imml/git/ROB_534_Project/install/ur_description:/home/imml/git/ROB_534_Project/install/ur_dashboard_msgs:${AMENT_PREFIX_PATH} CMAKE_PREFIX_PATH=/home/imml/git/ROB_534_Project/install/ur_robot_driver:/home/imml/git/ROB_534_Project/install/ur_controllers:/home/imml/git/ROB_534_Project/install/ur_description:/home/imml/git/ROB_534_Project/install/ur_dashboard_msgs:/opt/ros/humble LD_LIBRARY_PATH=/home/imml/git/ROB_534_Project/install/ur_robot_driver/lib:/home/imml/git/ROB_534_Project/install/ur_controllers/lib:/home/imml/git/ROB_534_Project/install/ur_dashboard_msgs/lib:${LD_LIBRARY_PATH} PATH=/home/imml/git/ROB_534_Project/install/ur_robot_driver/bin:${PATH} PYTHONPATH=/home/imml/git/ROB_534_Project/install/ur_robot_driver/local/lib/python3.10/dist-packages:/home/imml/git/ROB_534_Project/install/ur_dashboard_msgs/local/lib/python3.10/dist-packages:${PYTHONPATH} /usr/bin/cmake --install /home/imml/git/ROB_534_Project/build/ur_calibration
[17.404s] -- Install configuration: "RelWithDebInfo"
[17.404s] -- Execute custom install script
[17.405s] -- Symlinking: /home/imml/git/ROB_534_Project/install/ur_calibration/lib/ur_calibration/calibration_correction
[17.414s] -- Symlinking: /home/imml/git/ROB_534_Project/install/ur_calibration/include/ur_calibration/calibration.hpp
[17.422s] -- Symlinking: /home/imml/git/ROB_534_Project/install/ur_calibration/include/ur_calibration/calibration_consumer.hpp
[17.431s] -- Symlinking: /home/imml/git/ROB_534_Project/install/ur_calibration/share/ur_calibration/launch/calibration_correction.launch.py
[17.441s] -- Symlinking: /home/imml/git/ROB_534_Project/install/ur_calibration/share/ament_index/resource_index/package_run_dependencies/ur_calibration
[17.451s] -- Symlinking: /home/imml/git/ROB_534_Project/install/ur_calibration/share/ament_index/resource_index/parent_prefix_path/ur_calibration
[17.461s] -- Symlinking: /home/imml/git/ROB_534_Project/install/ur_calibration/share/ur_calibration/environment/ament_prefix_path.sh
[17.471s] -- Symlinking: /home/imml/git/ROB_534_Project/install/ur_calibration/share/ur_calibration/environment/ament_prefix_path.dsv
[17.480s] -- Symlinking: /home/imml/git/ROB_534_Project/install/ur_calibration/share/ur_calibration/environment/path.sh
[17.488s] -- Symlinking: /home/imml/git/ROB_534_Project/install/ur_calibration/share/ur_calibration/environment/path.dsv
[17.497s] -- Symlinking: /home/imml/git/ROB_534_Project/install/ur_calibration/share/ur_calibration/local_setup.bash
[17.505s] -- Symlinking: /home/imml/git/ROB_534_Project/install/ur_calibration/share/ur_calibration/local_setup.sh
[17.513s] -- Symlinking: /home/imml/git/ROB_534_Project/install/ur_calibration/share/ur_calibration/local_setup.zsh
[17.522s] -- Symlinking: /home/imml/git/ROB_534_Project/install/ur_calibration/share/ur_calibration/local_setup.dsv
[17.530s] -- Symlinking: /home/imml/git/ROB_534_Project/install/ur_calibration/share/ur_calibration/package.dsv
[17.540s] -- Symlinking: /home/imml/git/ROB_534_Project/install/ur_calibration/share/ament_index/resource_index/packages/ur_calibration
[17.549s] -- Symlinking: /home/imml/git/ROB_534_Project/install/ur_calibration/share/ur_calibration/cmake/ament_cmake_export_include_directories-extras.cmake
[17.557s] -- Symlinking: /home/imml/git/ROB_534_Project/install/ur_calibration/share/ur_calibration/cmake/ament_cmake_export_dependencies-extras.cmake
[17.565s] -- Symlinking: /home/imml/git/ROB_534_Project/install/ur_calibration/share/ur_calibration/cmake/ur_calibrationConfig.cmake
[17.574s] -- Symlinking: /home/imml/git/ROB_534_Project/install/ur_calibration/share/ur_calibration/cmake/ur_calibrationConfig-version.cmake
[17.583s] -- Symlinking: /home/imml/git/ROB_534_Project/install/ur_calibration/share/ur_calibration/package.xml
[17.594s] Invoked command in '/home/imml/git/ROB_534_Project/build/ur_calibration' returned '0': AMENT_PREFIX_PATH=/home/imml/git/ROB_534_Project/install/ur_robot_driver:/home/imml/git/ROB_534_Project/install/ur_controllers:/home/imml/git/ROB_534_Project/install/ur_description:/home/imml/git/ROB_534_Project/install/ur_dashboard_msgs:${AMENT_PREFIX_PATH} CMAKE_PREFIX_PATH=/home/imml/git/ROB_534_Project/install/ur_robot_driver:/home/imml/git/ROB_534_Project/install/ur_controllers:/home/imml/git/ROB_534_Project/install/ur_description:/home/imml/git/ROB_534_Project/install/ur_dashboard_msgs:/opt/ros/humble LD_LIBRARY_PATH=/home/imml/git/ROB_534_Project/install/ur_robot_driver/lib:/home/imml/git/ROB_534_Project/install/ur_controllers/lib:/home/imml/git/ROB_534_Project/install/ur_dashboard_msgs/lib:${LD_LIBRARY_PATH} PATH=/home/imml/git/ROB_534_Project/install/ur_robot_driver/bin:${PATH} PYTHONPATH=/home/imml/git/ROB_534_Project/install/ur_robot_driver/local/lib/python3.10/dist-packages:/home/imml/git/ROB_534_Project/install/ur_dashboard_msgs/local/lib/python3.10/dist-packages:${PYTHONPATH} /usr/bin/cmake --install /home/imml/git/ROB_534_Project/build/ur_calibration
