[0.016s] Invoking command in '/home/imml/git/ROB_534_Project/build/realsense2_camera': CMAKE_PREFIX_PATH=/home/imml/git/ROB_534_Project/install/realsense2_camera_msgs:/home/imml/git/ROB_534_Project/install/ur:/home/imml/git/ROB_534_Project/install/ur_calibration:/home/imml/git/ROB_534_Project/install/ur_robot_driver:/home/imml/git/ROB_534_Project/install/ur_moveit_config:/home/imml/git/ROB_534_Project/install/ur_bringup:/home/imml/git/ROB_534_Project/install/ur_description:/home/imml/git/ROB_534_Project/install/ur_controllers:/home/imml/git/ROB_534_Project/install/ur_dashboard_msgs:/home/imml/git/ROB_534_Project/install/realsense2_description:/home/imml/git/ROB_534_Project/install/realsense2_camera:/home/imml/git/ROB_534_Project/install/harvest_control:/home/imml/git/ROB_534_Project/install/harvest:/home/imml/git/ROB_534_Project/install/harvest_interfaces:/home/imml/git/ROB_534_Project/install/ur5e_custom_hardware:/home/imml/git/ROB_534_Project/install/harvest_vision:/opt/ros/humble LD_LIBRARY_PATH=/home/imml/git/ROB_534_Project/install/realsense2_camera_msgs/lib:/home/imml/git/ROB_534_Project/install/ur_robot_driver/lib:/home/imml/git/ROB_534_Project/install/ur_controllers/lib:/home/imml/git/ROB_534_Project/install/ur_dashboard_msgs/lib:/home/imml/git/ROB_534_Project/install/realsense2_camera/lib:/home/imml/git/ROB_534_Project/install/harvest_interfaces/lib:/opt/ros/humble/opt/rviz_ogre_vendor/lib:/opt/ros/humble/lib/x86_64-linux-gnu:/opt/ros/humble/lib /usr/bin/cmake --build /home/imml/git/ROB_534_Project/build/realsense2_camera -- -j16 -l16
[0.058s] [35m[1mConsolidate compiler generated dependencies of target gtest_main[0m
[0.058s] [35m[1mConsolidate compiler generated dependencies of target gtest[0m
[0.058s] [35m[1mConsolidate compiler generated dependencies of target realsense2_camera_node[0m
[0.065s] [35m[1mConsolidate compiler generated dependencies of target realsense2_camera[0m
[0.071s] [ 18%] Built target gtest
[0.071s] [ 18%] Built target gtest_main
[0.078s] [ 27%] Built target realsense2_camera_node
[0.082s] [35m[1mConsolidate compiler generated dependencies of target gtest_template[0m
[0.098s] [ 36%] Built target gtest_template
[0.122s] [100%] Built target realsense2_camera
[0.393s] Invoked command in '/home/imml/git/ROB_534_Project/build/realsense2_camera' returned '0': CMAKE_PREFIX_PATH=/home/imml/git/ROB_534_Project/install/realsense2_camera_msgs:/home/imml/git/ROB_534_Project/install/ur:/home/imml/git/ROB_534_Project/install/ur_calibration:/home/imml/git/ROB_534_Project/install/ur_robot_driver:/home/imml/git/ROB_534_Project/install/ur_moveit_config:/home/imml/git/ROB_534_Project/install/ur_bringup:/home/imml/git/ROB_534_Project/install/ur_description:/home/imml/git/ROB_534_Project/install/ur_controllers:/home/imml/git/ROB_534_Project/install/ur_dashboard_msgs:/home/imml/git/ROB_534_Project/install/realsense2_description:/home/imml/git/ROB_534_Project/install/realsense2_camera:/home/imml/git/ROB_534_Project/install/harvest_control:/home/imml/git/ROB_534_Project/install/harvest:/home/imml/git/ROB_534_Project/install/harvest_interfaces:/home/imml/git/ROB_534_Project/install/ur5e_custom_hardware:/home/imml/git/ROB_534_Project/install/harvest_vision:/opt/ros/humble LD_LIBRARY_PATH=/home/imml/git/ROB_534_Project/install/realsense2_camera_msgs/lib:/home/imml/git/ROB_534_Project/install/ur_robot_driver/lib:/home/imml/git/ROB_534_Project/install/ur_controllers/lib:/home/imml/git/ROB_534_Project/install/ur_dashboard_msgs/lib:/home/imml/git/ROB_534_Project/install/realsense2_camera/lib:/home/imml/git/ROB_534_Project/install/harvest_interfaces/lib:/opt/ros/humble/opt/rviz_ogre_vendor/lib:/opt/ros/humble/lib/x86_64-linux-gnu:/opt/ros/humble/lib /usr/bin/cmake --build /home/imml/git/ROB_534_Project/build/realsense2_camera -- -j16 -l16
[0.395s] Invoking command in '/home/imml/git/ROB_534_Project/build/realsense2_camera': CMAKE_PREFIX_PATH=/home/imml/git/ROB_534_Project/install/realsense2_camera_msgs:/home/imml/git/ROB_534_Project/install/ur:/home/imml/git/ROB_534_Project/install/ur_calibration:/home/imml/git/ROB_534_Project/install/ur_robot_driver:/home/imml/git/ROB_534_Project/install/ur_moveit_config:/home/imml/git/ROB_534_Project/install/ur_bringup:/home/imml/git/ROB_534_Project/install/ur_description:/home/imml/git/ROB_534_Project/install/ur_controllers:/home/imml/git/ROB_534_Project/install/ur_dashboard_msgs:/home/imml/git/ROB_534_Project/install/realsense2_description:/home/imml/git/ROB_534_Project/install/realsense2_camera:/home/imml/git/ROB_534_Project/install/harvest_control:/home/imml/git/ROB_534_Project/install/harvest:/home/imml/git/ROB_534_Project/install/harvest_interfaces:/home/imml/git/ROB_534_Project/install/ur5e_custom_hardware:/home/imml/git/ROB_534_Project/install/harvest_vision:/opt/ros/humble LD_LIBRARY_PATH=/home/imml/git/ROB_534_Project/install/realsense2_camera_msgs/lib:/home/imml/git/ROB_534_Project/install/ur_robot_driver/lib:/home/imml/git/ROB_534_Project/install/ur_controllers/lib:/home/imml/git/ROB_534_Project/install/ur_dashboard_msgs/lib:/home/imml/git/ROB_534_Project/install/realsense2_camera/lib:/home/imml/git/ROB_534_Project/install/harvest_interfaces/lib:/opt/ros/humble/opt/rviz_ogre_vendor/lib:/opt/ros/humble/lib/x86_64-linux-gnu:/opt/ros/humble/lib /usr/bin/cmake --install /home/imml/git/ROB_534_Project/build/realsense2_camera
[0.397s] -- Install configuration: "Release"
[0.397s] -- Execute custom install script
[0.398s] -- Up-to-date symlink: /home/imml/git/ROB_534_Project/install/realsense2_camera/lib/realsense2_camera/realsense2_camera_node
[0.398s] -- Up-to-date symlink: /home/imml/git/ROB_534_Project/install/realsense2_camera/lib/librealsense2_camera.so
[0.398s] -- Up-to-date symlink: /home/imml/git/ROB_534_Project/install/realsense2_camera/include/base_realsense_node.h
[0.398s] -- Up-to-date symlink: /home/imml/git/ROB_534_Project/install/realsense2_camera/include/constants.h
[0.399s] -- Up-to-date symlink: /home/imml/git/ROB_534_Project/install/realsense2_camera/include/dynamic_params.h
[0.399s] -- Up-to-date symlink: /home/imml/git/ROB_534_Project/install/realsense2_camera/include/gl_window.h
[0.399s] -- Up-to-date symlink: /home/imml/git/ROB_534_Project/install/realsense2_camera/include/image_publisher.h
[0.399s] -- Up-to-date symlink: /home/imml/git/ROB_534_Project/install/realsense2_camera/include/named_filter.h
[0.399s] -- Up-to-date symlink: /home/imml/git/ROB_534_Project/install/realsense2_camera/include/profile_manager.h
[0.399s] -- Up-to-date symlink: /home/imml/git/ROB_534_Project/install/realsense2_camera/include/realsense_node_factory.h
[0.400s] -- Up-to-date symlink: /home/imml/git/ROB_534_Project/install/realsense2_camera/include/ros_param_backend.h
[0.401s] -- Up-to-date symlink: /home/imml/git/ROB_534_Project/install/realsense2_camera/include/ros_sensor.h
[0.402s] -- Up-to-date symlink: /home/imml/git/ROB_534_Project/install/realsense2_camera/include/ros_utils.h
[0.403s] -- Up-to-date symlink: /home/imml/git/ROB_534_Project/install/realsense2_camera/include/sensor_params.h
[0.403s] -- Up-to-date symlink: /home/imml/git/ROB_534_Project/install/realsense2_camera/share/realsense2_camera/launch/default.rviz
[0.404s] -- Up-to-date symlink: /home/imml/git/ROB_534_Project/install/realsense2_camera/share/realsense2_camera/launch/rs_intra_process_demo_launch.py
[0.404s] -- Up-to-date symlink: /home/imml/git/ROB_534_Project/install/realsense2_camera/share/realsense2_camera/launch/rs_launch.py
[0.404s] -- Up-to-date symlink: /home/imml/git/ROB_534_Project/install/realsense2_camera/share/realsense2_camera/launch/rs_multi_camera_launch.py
[0.405s] -- Up-to-date symlink: /home/imml/git/ROB_534_Project/install/realsense2_camera/share/realsense2_camera/examples/align_depth/README.md
[0.405s] -- Up-to-date symlink: /home/imml/git/ROB_534_Project/install/realsense2_camera/share/realsense2_camera/examples/align_depth/rs_align_depth_launch.py
[0.406s] -- Up-to-date symlink: /home/imml/git/ROB_534_Project/install/realsense2_camera/share/realsense2_camera/examples/dual_camera/README.md
[0.406s] -- Up-to-date symlink: /home/imml/git/ROB_534_Project/install/realsense2_camera/share/realsense2_camera/examples/dual_camera/rs_dual_camera_launch.py
[0.406s] -- Up-to-date symlink: /home/imml/git/ROB_534_Project/install/realsense2_camera/share/realsense2_camera/examples/dual_camera/rviz/dual_camera_pointcloud.rviz
[0.406s] -- Up-to-date symlink: /home/imml/git/ROB_534_Project/install/realsense2_camera/share/realsense2_camera/examples/launch_from_rosbag/README.md
[0.406s] -- Up-to-date symlink: /home/imml/git/ROB_534_Project/install/realsense2_camera/share/realsense2_camera/examples/launch_from_rosbag/rs_launch_from_rosbag.py
[0.406s] -- Up-to-date symlink: /home/imml/git/ROB_534_Project/install/realsense2_camera/share/realsense2_camera/examples/launch_params_from_file/README.md
[0.407s] -- Up-to-date symlink: /home/imml/git/ROB_534_Project/install/realsense2_camera/share/realsense2_camera/examples/launch_params_from_file/config/config.yaml
[0.407s] -- Up-to-date symlink: /home/imml/git/ROB_534_Project/install/realsense2_camera/share/realsense2_camera/examples/launch_params_from_file/rs_launch_get_params_from_yaml.py
[0.407s] -- Up-to-date symlink: /home/imml/git/ROB_534_Project/install/realsense2_camera/share/realsense2_camera/examples/pointcloud/README.md
[0.407s] -- Up-to-date symlink: /home/imml/git/ROB_534_Project/install/realsense2_camera/share/realsense2_camera/examples/pointcloud/rs_d405_pointcloud_launch.py
[0.407s] -- Up-to-date symlink: /home/imml/git/ROB_534_Project/install/realsense2_camera/share/realsense2_camera/examples/pointcloud/rs_d455_pointcloud_launch.py
[0.408s] -- Up-to-date symlink: /home/imml/git/ROB_534_Project/install/realsense2_camera/share/realsense2_camera/examples/pointcloud/rs_pointcloud_launch.py
[0.408s] -- Up-to-date symlink: /home/imml/git/ROB_534_Project/install/realsense2_camera/share/realsense2_camera/examples/pointcloud/rviz/pointcloud.rviz
[0.408s] -- Up-to-date symlink: /home/imml/git/ROB_534_Project/install/realsense2_camera/share/realsense2_camera/examples/pointcloud/rviz/urdf_pointcloud.rviz
[0.410s] -- Up-to-date symlink: /home/imml/git/ROB_534_Project/install/realsense2_camera/share/realsense2_camera/environment/library_path.sh
[0.410s] -- Up-to-date symlink: /home/imml/git/ROB_534_Project/install/realsense2_camera/share/realsense2_camera/environment/library_path.dsv
[0.410s] -- Up-to-date symlink: /home/imml/git/ROB_534_Project/install/realsense2_camera/share/ament_index/resource_index/package_run_dependencies/realsense2_camera
[0.410s] -- Up-to-date symlink: /home/imml/git/ROB_534_Project/install/realsense2_camera/share/ament_index/resource_index/parent_prefix_path/realsense2_camera
[0.410s] -- Up-to-date symlink: /home/imml/git/ROB_534_Project/install/realsense2_camera/share/realsense2_camera/environment/ament_prefix_path.sh
[0.410s] -- Up-to-date symlink: /home/imml/git/ROB_534_Project/install/realsense2_camera/share/realsense2_camera/environment/ament_prefix_path.dsv
[0.410s] -- Up-to-date symlink: /home/imml/git/ROB_534_Project/install/realsense2_camera/share/realsense2_camera/environment/path.sh
[0.411s] -- Up-to-date symlink: /home/imml/git/ROB_534_Project/install/realsense2_camera/share/realsense2_camera/environment/path.dsv
[0.411s] -- Up-to-date symlink: /home/imml/git/ROB_534_Project/install/realsense2_camera/share/realsense2_camera/local_setup.bash
[0.411s] -- Up-to-date symlink: /home/imml/git/ROB_534_Project/install/realsense2_camera/share/realsense2_camera/local_setup.sh
[0.411s] -- Up-to-date symlink: /home/imml/git/ROB_534_Project/install/realsense2_camera/share/realsense2_camera/local_setup.zsh
[0.411s] -- Up-to-date symlink: /home/imml/git/ROB_534_Project/install/realsense2_camera/share/realsense2_camera/local_setup.dsv
[0.411s] -- Symlinking: /home/imml/git/ROB_534_Project/install/realsense2_camera/share/realsense2_camera/package.dsv
[0.415s] -- Up-to-date symlink: /home/imml/git/ROB_534_Project/install/realsense2_camera/share/ament_index/resource_index/packages/realsense2_camera
[0.415s] -- Up-to-date symlink: /home/imml/git/ROB_534_Project/install/realsense2_camera/share/ament_index/resource_index/rclcpp_components/realsense2_camera
[0.415s] -- Up-to-date symlink: /home/imml/git/ROB_534_Project/install/realsense2_camera/share/realsense2_camera/cmake/ament_cmake_export_include_directories-extras.cmake
[0.415s] -- Up-to-date symlink: /home/imml/git/ROB_534_Project/install/realsense2_camera/share/realsense2_camera/cmake/ament_cmake_export_libraries-extras.cmake
[0.415s] -- Up-to-date symlink: /home/imml/git/ROB_534_Project/install/realsense2_camera/share/realsense2_camera/cmake/ament_cmake_export_dependencies-extras.cmake
[0.415s] -- Up-to-date symlink: /home/imml/git/ROB_534_Project/install/realsense2_camera/share/realsense2_camera/cmake/realsense2_cameraConfig.cmake
[0.415s] -- Up-to-date symlink: /home/imml/git/ROB_534_Project/install/realsense2_camera/share/realsense2_camera/cmake/realsense2_cameraConfig-version.cmake
[0.415s] -- Up-to-date symlink: /home/imml/git/ROB_534_Project/install/realsense2_camera/share/realsense2_camera/package.xml
[0.442s] Invoked command in '/home/imml/git/ROB_534_Project/build/realsense2_camera' returned '0': CMAKE_PREFIX_PATH=/home/imml/git/ROB_534_Project/install/realsense2_camera_msgs:/home/imml/git/ROB_534_Project/install/ur:/home/imml/git/ROB_534_Project/install/ur_calibration:/home/imml/git/ROB_534_Project/install/ur_robot_driver:/home/imml/git/ROB_534_Project/install/ur_moveit_config:/home/imml/git/ROB_534_Project/install/ur_bringup:/home/imml/git/ROB_534_Project/install/ur_description:/home/imml/git/ROB_534_Project/install/ur_controllers:/home/imml/git/ROB_534_Project/install/ur_dashboard_msgs:/home/imml/git/ROB_534_Project/install/realsense2_description:/home/imml/git/ROB_534_Project/install/realsense2_camera:/home/imml/git/ROB_534_Project/install/harvest_control:/home/imml/git/ROB_534_Project/install/harvest:/home/imml/git/ROB_534_Project/install/harvest_interfaces:/home/imml/git/ROB_534_Project/install/ur5e_custom_hardware:/home/imml/git/ROB_534_Project/install/harvest_vision:/opt/ros/humble LD_LIBRARY_PATH=/home/imml/git/ROB_534_Project/install/realsense2_camera_msgs/lib:/home/imml/git/ROB_534_Project/install/ur_robot_driver/lib:/home/imml/git/ROB_534_Project/install/ur_controllers/lib:/home/imml/git/ROB_534_Project/install/ur_dashboard_msgs/lib:/home/imml/git/ROB_534_Project/install/realsense2_camera/lib:/home/imml/git/ROB_534_Project/install/harvest_interfaces/lib:/opt/ros/humble/opt/rviz_ogre_vendor/lib:/opt/ros/humble/lib/x86_64-linux-gnu:/opt/ros/humble/lib /usr/bin/cmake --install /home/imml/git/ROB_534_Project/build/realsense2_camera
