In file included from [01m[K/opt/ros/humble/include/rclcpp/rclcpp/logging.hpp:24[m[K,
                 from [01m[K/opt/ros/humble/include/rclcpp/rclcpp/client.hpp:40[m[K,
                 from [01m[K/opt/ros/humble/include/rclcpp/rclcpp/callback_group.hpp:24[m[K,
                 from [01m[K/opt/ros/humble/include/rclcpp/rclcpp/any_executable.hpp:20[m[K,
                 from [01m[K/opt/ros/humble/include/rclcpp/rclcpp/memory_strategy.hpp:25[m[K,
                 from [01m[K/opt/ros/humble/include/rclcpp/rclcpp/memory_strategies.hpp:18[m[K,
                 from [01m[K/opt/ros/humble/include/rclcpp/rclcpp/executor_options.hpp:20[m[K,
                 from [01m[K/opt/ros/humble/include/rclcpp/rclcpp/executor.hpp:37[m[K,
                 from [01m[K/opt/ros/humble/include/rclcpp/rclcpp/executors/multi_threaded_executor.hpp:25[m[K,
                 from [01m[K/opt/ros/humble/include/rclcpp/rclcpp/executors.hpp:21[m[K,
                 from [01m[K/opt/ros/humble/include/rclcpp/rclcpp/rclcpp.hpp:155[m[K,
                 from [01m[K/home/imml/git/ROB_534_Project/harvest_control/src/move_arm.cpp:1[m[K:
[01m[K/home/imml/git/ROB_534_Project/harvest_control/src/move_arm.cpp:[m[K In member function ‘[01m[Kvoid MoveArmNode::move_to_pose(std::shared_ptr<harvest_interfaces::srv::MoveToPose_Request_<std::allocator<void> > >, std::shared_ptr<harvest_interfaces::srv::MoveToPose_Response_<std::allocator<void> > >)[m[K’:
[01m[K/home/imml/git/ROB_534_Project/harvest_control/src/move_arm.cpp:240:37:[m[K [01;35m[Kwarning: [m[Kformat ‘[01m[K%f[m[K’ expects argument of type ‘[01m[Kdouble[m[K’, but argument 5 has type ‘[01m[Krcl_duration_value_t[m[K’ {aka ‘[01m[Klong int[m[K’} [[01;35m[K]8;;https://gcc.gnu.org/onlinedocs/gcc/Warning-Options.html#index-Wformat=-Wformat=]8;;[m[K]
  240 |     RCLCPP_INFO(this->get_logger(), [01;35m[K"PLANNING DURATION: %2f seconds"[m[K, [32m[Kplanning_duration.nanoseconds()[m[K);
      |                                     [01;35m[K^~~~~~~~~~~~~~~~~~~~~~~~~~~~~~~~[m[K  [32m[K~~~~~~~~~~~~~~~~~~~~~~~~~~~~~~~[m[K
      |                                                                                                    [32m[K|[m[K
      |                                                                                                    [32m[Krcl_duration_value_t {aka long int}[m[K
[01m[K/home/imml/git/ROB_534_Project/harvest_control/src/move_arm.cpp:240:59:[m[K [01;36m[Knote: [m[Kformat string is defined here
  240 |     RCLCPP_INFO(this->get_logger(), "PLANNING DURATION: [01;36m[K%2f[m[K seconds", planning_duration.nanoseconds());
      |                                                         [01;36m[K~~^[m[K
      |                                                           [01;36m[K|[m[K
      |                                                           [01;36m[Kdouble[m[K
      |                                                         [32m[K%2ld[m[K
In file included from [01m[K/opt/ros/humble/include/rclcpp/rclcpp/logging.hpp:24[m[K,
                 from [01m[K/opt/ros/humble/include/rclcpp/rclcpp/client.hpp:40[m[K,
                 from [01m[K/opt/ros/humble/include/rclcpp/rclcpp/callback_group.hpp:24[m[K,
                 from [01m[K/opt/ros/humble/include/rclcpp/rclcpp/any_executable.hpp:20[m[K,
                 from [01m[K/opt/ros/humble/include/rclcpp/rclcpp/memory_strategy.hpp:25[m[K,
                 from [01m[K/opt/ros/humble/include/rclcpp/rclcpp/memory_strategies.hpp:18[m[K,
                 from [01m[K/opt/ros/humble/include/rclcpp/rclcpp/executor_options.hpp:20[m[K,
                 from [01m[K/opt/ros/humble/include/rclcpp/rclcpp/executor.hpp:37[m[K,
                 from [01m[K/opt/ros/humble/include/rclcpp/rclcpp/executors/multi_threaded_executor.hpp:25[m[K,
                 from [01m[K/opt/ros/humble/include/rclcpp/rclcpp/executors.hpp:21[m[K,
                 from [01m[K/opt/ros/humble/include/rclcpp/rclcpp/rclcpp.hpp:155[m[K,
                 from [01m[K/home/imml/git/ROB_534_Project/harvest_control/src/move_arm.cpp:1[m[K:
[01m[K/home/imml/git/ROB_534_Project/harvest_control/src/move_arm.cpp:241:37:[m[K [01;35m[Kwarning: [m[Kformat ‘[01m[K%f[m[K’ expects argument of type ‘[01m[Kdouble[m[K’, but argument 5 has type ‘[01m[Krcl_duration_value_t[m[K’ {aka ‘[01m[Klong int[m[K’} [[01;35m[K]8;;https://gcc.gnu.org/onlinedocs/gcc/Warning-Options.html#index-Wformat=-Wformat=]8;;[m[K]
  241 |     RCLCPP_INFO(this->get_logger(), [01;35m[K"EXECUTION DURATION: %2f seconds"[m[K, [32m[Kexecution_duration.nanoseconds()[m[K);
      |                                     [01;35m[K^~~~~~~~~~~~~~~~~~~~~~~~~~~~~~~~~[m[K  [32m[K~~~~~~~~~~~~~~~~~~~~~~~~~~~~~~~~[m[K
      |                                                                                                      [32m[K|[m[K
      |                                                                                                      [32m[Krcl_duration_value_t {aka long int}[m[K
[01m[K/home/imml/git/ROB_534_Project/harvest_control/src/move_arm.cpp:241:60:[m[K [01;36m[Knote: [m[Kformat string is defined here
  241 |     RCLCPP_INFO(this->get_logger(), "EXECUTION DURATION: [01;36m[K%2f[m[K seconds", execution_duration.nanoseconds());
      |                                                          [01;36m[K~~^[m[K
      |                                                            [01;36m[K|[m[K
      |                                                            [01;36m[Kdouble[m[K
      |                                                          [32m[K%2ld[m[K
[01m[K/home/imml/git/ROB_534_Project/harvest_control/src/move_arm.cpp:[m[K At global scope:
[01m[K/home/imml/git/ROB_534_Project/harvest_control/src/move_arm.cpp:267:5:[m[K [01;31m[Kerror: [m[Kexpected unqualified-id before ‘[01m[Kelse[m[K’
  267 |     [01;31m[Kelse[m[K
      |     [01;31m[K^~~~[m[K
[01m[K/home/imml/git/ROB_534_Project/harvest_control/src/move_arm.cpp:272:1:[m[K [01;31m[Kerror: [m[Kexpected declaration before ‘[01m[K}[m[K’ token
  272 | [01;31m[K}[m[K
      | [01;31m[K^[m[K
gmake[2]: *** [CMakeFiles/move_arm.dir/build.make:76: CMakeFiles/move_arm.dir/src/move_arm.cpp.o] Error 1
gmake[1]: *** [CMakeFiles/Makefile2:140: CMakeFiles/move_arm.dir/all] Error 2
gmake: *** [Makefile:146: all] Error 2
