[0.019s] Invoking command in '/home/imml/git/ROB_534_Project/build/ur_robot_driver': CMAKE_PREFIX_PATH=/home/imml/git/ROB_534_Project/install/ur_controllers:/home/imml/git/ROB_534_Project/install/ur_description:/home/imml/git/ROB_534_Project/install/ur_dashboard_msgs:/home/imml/git/ROB_534_Project/install/ur:/home/imml/git/ROB_534_Project/install/ur_calibration:/home/imml/git/ROB_534_Project/install/ur_robot_driver:/home/imml/git/ROB_534_Project/install/ur_moveit_config:/home/imml/git/ROB_534_Project/install/ur_bringup:/home/imml/git/ROB_534_Project/install/realsense2_description:/home/imml/git/ROB_534_Project/install/realsense2_camera:/home/imml/git/ROB_534_Project/install/realsense2_camera_msgs:/home/imml/git/ROB_534_Project/install/harvest_control:/home/imml/git/ROB_534_Project/install/harvest:/home/imml/git/ROB_534_Project/install/harvest_interfaces:/home/imml/git/ROB_534_Project/install/ur5e_custom_hardware:/home/imml/git/ROB_534_Project/install/harvest_vision:/opt/ros/humble LD_LIBRARY_PATH=/home/imml/git/ROB_534_Project/install/ur_controllers/lib:/home/imml/git/ROB_534_Project/install/ur_dashboard_msgs/lib:/home/imml/git/ROB_534_Project/install/ur_robot_driver/lib:/home/imml/git/ROB_534_Project/install/realsense2_camera/lib:/home/imml/git/ROB_534_Project/install/realsense2_camera_msgs/lib:/home/imml/git/ROB_534_Project/install/harvest_interfaces/lib:/opt/ros/humble/opt/rviz_ogre_vendor/lib:/opt/ros/humble/lib/x86_64-linux-gnu:/opt/ros/humble/lib /usr/bin/cmake --build /home/imml/git/ROB_534_Project/build/ur_robot_driver -- -j16 -l16
[0.100s] [ 40%] Built target urscript_interface
[0.100s] [ 46%] Built target controller_stopper_node
[0.100s] [ 40%] Built target ur_ros2_control_node
[0.103s] [ 73%] Built target ur_robot_driver_plugin
[0.104s] [ 73%] Built target ament_cmake_python_symlink_ur_robot_driver
[0.106s] [100%] Built target dashboard_client
[0.368s] running egg_info
[0.369s] writing ur_robot_driver.egg-info/PKG-INFO
[0.369s] writing dependency_links to ur_robot_driver.egg-info/dependency_links.txt
[0.369s] writing top-level names to ur_robot_driver.egg-info/top_level.txt
[0.371s] reading manifest file 'ur_robot_driver.egg-info/SOURCES.txt'
[0.372s] writing manifest file 'ur_robot_driver.egg-info/SOURCES.txt'
[0.409s] [100%] Built target ament_cmake_python_build_ur_robot_driver_egg
[0.423s] Invoked command in '/home/imml/git/ROB_534_Project/build/ur_robot_driver' returned '0': CMAKE_PREFIX_PATH=/home/imml/git/ROB_534_Project/install/ur_controllers:/home/imml/git/ROB_534_Project/install/ur_description:/home/imml/git/ROB_534_Project/install/ur_dashboard_msgs:/home/imml/git/ROB_534_Project/install/ur:/home/imml/git/ROB_534_Project/install/ur_calibration:/home/imml/git/ROB_534_Project/install/ur_robot_driver:/home/imml/git/ROB_534_Project/install/ur_moveit_config:/home/imml/git/ROB_534_Project/install/ur_bringup:/home/imml/git/ROB_534_Project/install/realsense2_description:/home/imml/git/ROB_534_Project/install/realsense2_camera:/home/imml/git/ROB_534_Project/install/realsense2_camera_msgs:/home/imml/git/ROB_534_Project/install/harvest_control:/home/imml/git/ROB_534_Project/install/harvest:/home/imml/git/ROB_534_Project/install/harvest_interfaces:/home/imml/git/ROB_534_Project/install/ur5e_custom_hardware:/home/imml/git/ROB_534_Project/install/harvest_vision:/opt/ros/humble LD_LIBRARY_PATH=/home/imml/git/ROB_534_Project/install/ur_controllers/lib:/home/imml/git/ROB_534_Project/install/ur_dashboard_msgs/lib:/home/imml/git/ROB_534_Project/install/ur_robot_driver/lib:/home/imml/git/ROB_534_Project/install/realsense2_camera/lib:/home/imml/git/ROB_534_Project/install/realsense2_camera_msgs/lib:/home/imml/git/ROB_534_Project/install/harvest_interfaces/lib:/opt/ros/humble/opt/rviz_ogre_vendor/lib:/opt/ros/humble/lib/x86_64-linux-gnu:/opt/ros/humble/lib /usr/bin/cmake --build /home/imml/git/ROB_534_Project/build/ur_robot_driver -- -j16 -l16
[0.425s] Invoking command in '/home/imml/git/ROB_534_Project/build/ur_robot_driver': CMAKE_PREFIX_PATH=/home/imml/git/ROB_534_Project/install/ur_controllers:/home/imml/git/ROB_534_Project/install/ur_description:/home/imml/git/ROB_534_Project/install/ur_dashboard_msgs:/home/imml/git/ROB_534_Project/install/ur:/home/imml/git/ROB_534_Project/install/ur_calibration:/home/imml/git/ROB_534_Project/install/ur_robot_driver:/home/imml/git/ROB_534_Project/install/ur_moveit_config:/home/imml/git/ROB_534_Project/install/ur_bringup:/home/imml/git/ROB_534_Project/install/realsense2_description:/home/imml/git/ROB_534_Project/install/realsense2_camera:/home/imml/git/ROB_534_Project/install/realsense2_camera_msgs:/home/imml/git/ROB_534_Project/install/harvest_control:/home/imml/git/ROB_534_Project/install/harvest:/home/imml/git/ROB_534_Project/install/harvest_interfaces:/home/imml/git/ROB_534_Project/install/ur5e_custom_hardware:/home/imml/git/ROB_534_Project/install/harvest_vision:/opt/ros/humble LD_LIBRARY_PATH=/home/imml/git/ROB_534_Project/install/ur_controllers/lib:/home/imml/git/ROB_534_Project/install/ur_dashboard_msgs/lib:/home/imml/git/ROB_534_Project/install/ur_robot_driver/lib:/home/imml/git/ROB_534_Project/install/realsense2_camera/lib:/home/imml/git/ROB_534_Project/install/realsense2_camera_msgs/lib:/home/imml/git/ROB_534_Project/install/harvest_interfaces/lib:/opt/ros/humble/opt/rviz_ogre_vendor/lib:/opt/ros/humble/lib/x86_64-linux-gnu:/opt/ros/humble/lib /usr/bin/cmake --install /home/imml/git/ROB_534_Project/build/ur_robot_driver
[0.433s] -- Install configuration: "RelWithDebInfo"
[0.433s] -- Execute custom install script
[0.434s] -- Up-to-date symlink: /home/imml/git/ROB_534_Project/install/ur_robot_driver/share/ur_robot_driver//hardware_interface_plugin.xml
[0.434s] -- Up-to-date symlink: /home/imml/git/ROB_534_Project/install/ur_robot_driver/lib/ur_robot_driver/dashboard_client
[0.434s] -- Up-to-date symlink: /home/imml/git/ROB_534_Project/install/ur_robot_driver/lib/ur_robot_driver/ur_ros2_control_node
[0.434s] -- Up-to-date symlink: /home/imml/git/ROB_534_Project/install/ur_robot_driver/lib/ur_robot_driver/controller_stopper_node
[0.434s] -- Up-to-date symlink: /home/imml/git/ROB_534_Project/install/ur_robot_driver/lib/ur_robot_driver/urscript_interface
[0.434s] -- Up-to-date symlink: /home/imml/git/ROB_534_Project/install/ur_robot_driver/lib/libur_robot_driver_plugin.so
[0.435s] -- Up-to-date symlink: /home/imml/git/ROB_534_Project/install/ur_robot_driver/include/ur_robot_driver/controller_stopper.hpp
[0.435s] -- Up-to-date symlink: /home/imml/git/ROB_534_Project/install/ur_robot_driver/include/ur_robot_driver/dashboard_client_ros.hpp
[0.435s] -- Up-to-date symlink: /home/imml/git/ROB_534_Project/install/ur_robot_driver/include/ur_robot_driver/hardware_interface.hpp
[0.435s] -- Up-to-date symlink: /home/imml/git/ROB_534_Project/install/ur_robot_driver/include/ur_robot_driver/urcl_log_handler.hpp
[0.435s] -- Up-to-date symlink: /home/imml/git/ROB_534_Project/install/ur_robot_driver/share/ur_robot_driver/environment/library_path.sh
[0.435s] -- Up-to-date symlink: /home/imml/git/ROB_534_Project/install/ur_robot_driver/share/ur_robot_driver/environment/library_path.dsv
[0.436s] -- Up-to-date symlink: /home/imml/git/ROB_534_Project/install/ur_robot_driver/include/ur_robot_driver/controller_stopper.hpp
[0.436s] -- Up-to-date symlink: /home/imml/git/ROB_534_Project/install/ur_robot_driver/include/ur_robot_driver/dashboard_client_ros.hpp
[0.436s] -- Up-to-date symlink: /home/imml/git/ROB_534_Project/install/ur_robot_driver/include/ur_robot_driver/hardware_interface.hpp
[0.436s] -- Up-to-date symlink: /home/imml/git/ROB_534_Project/install/ur_robot_driver/include/ur_robot_driver/urcl_log_handler.hpp
[0.436s] -- Up-to-date symlink: /home/imml/git/ROB_534_Project/install/ur_robot_driver/share/ur_robot_driver/environment/pythonpath.sh
[0.436s] -- Up-to-date symlink: /home/imml/git/ROB_534_Project/install/ur_robot_driver/share/ur_robot_driver/environment/pythonpath.dsv
[0.436s] -- Up-to-date symlink: /home/imml/git/ROB_534_Project/install/ur_robot_driver/local/lib/python3.10/dist-packages/ur_robot_driver-2.2.15-py3.10.egg-info/PKG-INFO
[0.436s] -- Up-to-date symlink: /home/imml/git/ROB_534_Project/install/ur_robot_driver/local/lib/python3.10/dist-packages/ur_robot_driver-2.2.15-py3.10.egg-info/SOURCES.txt
[0.436s] -- Up-to-date symlink: /home/imml/git/ROB_534_Project/install/ur_robot_driver/local/lib/python3.10/dist-packages/ur_robot_driver-2.2.15-py3.10.egg-info/dependency_links.txt
[0.437s] -- Up-to-date symlink: /home/imml/git/ROB_534_Project/install/ur_robot_driver/local/lib/python3.10/dist-packages/ur_robot_driver-2.2.15-py3.10.egg-info/top_level.txt
[0.437s] -- Up-to-date symlink: /home/imml/git/ROB_534_Project/install/ur_robot_driver/local/lib/python3.10/dist-packages/ur_robot_driver/__init__.py
[0.437s] -- Up-to-date symlink: /home/imml/git/ROB_534_Project/install/ur_robot_driver/lib/ur_robot_driver/tool_communication.py
[0.437s] -- Up-to-date symlink: /home/imml/git/ROB_534_Project/install/ur_robot_driver/bin/wait_dashboard_server.sh
[0.437s] -- Up-to-date symlink: /home/imml/git/ROB_534_Project/install/ur_robot_driver/lib/ur_robot_driver/start_ursim.sh
[0.438s] -- Up-to-date symlink: /home/imml/git/ROB_534_Project/install/ur_robot_driver/share/ur_robot_driver/config/test_goal_publishers_config.yaml
[0.438s] -- Up-to-date symlink: /home/imml/git/ROB_534_Project/install/ur_robot_driver/share/ur_robot_driver/config/test_velocity_goal_publishers_config.yaml
[0.438s] -- Up-to-date symlink: /home/imml/git/ROB_534_Project/install/ur_robot_driver/share/ur_robot_driver/config/ur10_update_rate.yaml
[0.438s] -- Up-to-date symlink: /home/imml/git/ROB_534_Project/install/ur_robot_driver/share/ur_robot_driver/config/ur10e_update_rate.yaml
[0.438s] -- Up-to-date symlink: /home/imml/git/ROB_534_Project/install/ur_robot_driver/share/ur_robot_driver/config/ur16e_update_rate.yaml
[0.438s] -- Up-to-date symlink: /home/imml/git/ROB_534_Project/install/ur_robot_driver/share/ur_robot_driver/config/ur20_update_rate.yaml
[0.438s] -- Up-to-date symlink: /home/imml/git/ROB_534_Project/install/ur_robot_driver/share/ur_robot_driver/config/ur30_update_rate.yaml
[0.438s] -- Up-to-date symlink: /home/imml/git/ROB_534_Project/install/ur_robot_driver/share/ur_robot_driver/config/ur3_update_rate.yaml
[0.438s] -- Up-to-date symlink: /home/imml/git/ROB_534_Project/install/ur_robot_driver/share/ur_robot_driver/config/ur3e_update_rate.yaml
[0.438s] -- Up-to-date symlink: /home/imml/git/ROB_534_Project/install/ur_robot_driver/share/ur_robot_driver/config/ur5_update_rate.yaml
[0.439s] -- Up-to-date symlink: /home/imml/git/ROB_534_Project/install/ur_robot_driver/share/ur_robot_driver/config/ur5e_update_rate.yaml
[0.439s] -- Up-to-date symlink: /home/imml/git/ROB_534_Project/install/ur_robot_driver/share/ur_robot_driver/config/ur_controllers.yaml
[0.439s] -- Up-to-date symlink: /home/imml/git/ROB_534_Project/install/ur_robot_driver/share/ur_robot_driver/launch/test_forward_velocity_controller.launch.py
[0.439s] -- Up-to-date symlink: /home/imml/git/ROB_534_Project/install/ur_robot_driver/share/ur_robot_driver/launch/test_joint_trajectory_controller.launch.py
[0.439s] -- Up-to-date symlink: /home/imml/git/ROB_534_Project/install/ur_robot_driver/share/ur_robot_driver/launch/test_scaled_joint_trajectory_controller.launch.py
[0.439s] -- Up-to-date symlink: /home/imml/git/ROB_534_Project/install/ur_robot_driver/share/ur_robot_driver/launch/ur10.launch.py
[0.439s] -- Up-to-date symlink: /home/imml/git/ROB_534_Project/install/ur_robot_driver/share/ur_robot_driver/launch/ur10e.launch.py
[0.439s] -- Up-to-date symlink: /home/imml/git/ROB_534_Project/install/ur_robot_driver/share/ur_robot_driver/launch/ur16e.launch.py
[0.439s] -- Up-to-date symlink: /home/imml/git/ROB_534_Project/install/ur_robot_driver/share/ur_robot_driver/launch/ur20.launch.py
[0.440s] -- Up-to-date symlink: /home/imml/git/ROB_534_Project/install/ur_robot_driver/share/ur_robot_driver/launch/ur3.launch.py
[0.440s] -- Up-to-date symlink: /home/imml/git/ROB_534_Project/install/ur_robot_driver/share/ur_robot_driver/launch/ur30.launch.py
[0.440s] -- Up-to-date symlink: /home/imml/git/ROB_534_Project/install/ur_robot_driver/share/ur_robot_driver/launch/ur3e.launch.py
[0.440s] -- Up-to-date symlink: /home/imml/git/ROB_534_Project/install/ur_robot_driver/share/ur_robot_driver/launch/ur5.launch.py
[0.440s] -- Up-to-date symlink: /home/imml/git/ROB_534_Project/install/ur_robot_driver/share/ur_robot_driver/launch/ur5e.launch.py
[0.440s] -- Up-to-date symlink: /home/imml/git/ROB_534_Project/install/ur_robot_driver/share/ur_robot_driver/launch/ur_control.launch.py
[0.440s] -- Up-to-date symlink: /home/imml/git/ROB_534_Project/install/ur_robot_driver/share/ur_robot_driver/launch/ur_control_custom_hw.launch.py
[0.440s] -- Up-to-date symlink: /home/imml/git/ROB_534_Project/install/ur_robot_driver/share/ur_robot_driver/launch/ur_dashboard_client.launch.py
[0.440s] -- Up-to-date symlink: /home/imml/git/ROB_534_Project/install/ur_robot_driver/share/ament_index/resource_index/package_run_dependencies/ur_robot_driver
[0.440s] -- Up-to-date symlink: /home/imml/git/ROB_534_Project/install/ur_robot_driver/share/ament_index/resource_index/parent_prefix_path/ur_robot_driver
[0.441s] -- Up-to-date symlink: /home/imml/git/ROB_534_Project/install/ur_robot_driver/share/ur_robot_driver/environment/ament_prefix_path.sh
[0.441s] -- Up-to-date symlink: /home/imml/git/ROB_534_Project/install/ur_robot_driver/share/ur_robot_driver/environment/ament_prefix_path.dsv
[0.441s] -- Up-to-date symlink: /home/imml/git/ROB_534_Project/install/ur_robot_driver/share/ur_robot_driver/environment/path.sh
[0.441s] -- Up-to-date symlink: /home/imml/git/ROB_534_Project/install/ur_robot_driver/share/ur_robot_driver/environment/path.dsv
[0.441s] -- Up-to-date symlink: /home/imml/git/ROB_534_Project/install/ur_robot_driver/share/ur_robot_driver/local_setup.bash
[0.441s] -- Up-to-date symlink: /home/imml/git/ROB_534_Project/install/ur_robot_driver/share/ur_robot_driver/local_setup.sh
[0.441s] -- Up-to-date symlink: /home/imml/git/ROB_534_Project/install/ur_robot_driver/share/ur_robot_driver/local_setup.zsh
[0.441s] -- Up-to-date symlink: /home/imml/git/ROB_534_Project/install/ur_robot_driver/share/ur_robot_driver/local_setup.dsv
[0.441s] -- Symlinking: /home/imml/git/ROB_534_Project/install/ur_robot_driver/share/ur_robot_driver/package.dsv
[0.454s] -- Up-to-date symlink: /home/imml/git/ROB_534_Project/install/ur_robot_driver/share/ament_index/resource_index/packages/ur_robot_driver
[0.454s] -- Up-to-date symlink: /home/imml/git/ROB_534_Project/install/ur_robot_driver/share/ament_index/resource_index/hardware_interface__pluginlib__plugin/ur_robot_driver
[0.454s] -- Up-to-date symlink: /home/imml/git/ROB_534_Project/install/ur_robot_driver/share/ur_robot_driver/cmake/ament_cmake_export_include_directories-extras.cmake
[0.454s] -- Up-to-date symlink: /home/imml/git/ROB_534_Project/install/ur_robot_driver/share/ur_robot_driver/cmake/ament_cmake_export_libraries-extras.cmake
[0.454s] -- Up-to-date symlink: /home/imml/git/ROB_534_Project/install/ur_robot_driver/share/ur_robot_driver/cmake/ament_cmake_export_dependencies-extras.cmake
[0.454s] -- Up-to-date symlink: /home/imml/git/ROB_534_Project/install/ur_robot_driver/share/ur_robot_driver/cmake/ur_robot_driverConfig.cmake
[0.455s] -- Up-to-date symlink: /home/imml/git/ROB_534_Project/install/ur_robot_driver/share/ur_robot_driver/cmake/ur_robot_driverConfig-version.cmake
[0.455s] -- Up-to-date symlink: /home/imml/git/ROB_534_Project/install/ur_robot_driver/share/ur_robot_driver/package.xml
[0.455s] -- Up-to-date: /home/imml/git/ROB_534_Project/install/ur_robot_driver/share/ur_robot_driver/resources
[0.455s] -- Up-to-date: /home/imml/git/ROB_534_Project/install/ur_robot_driver/share/ur_robot_driver/resources/externalcontrol-1.0.5.urcap
[0.455s] -- Up-to-date: /home/imml/git/ROB_534_Project/install/ur_robot_driver/share/ur_robot_driver/resources/rtde_input_recipe.txt
[0.455s] -- Up-to-date: /home/imml/git/ROB_534_Project/install/ur_robot_driver/share/ur_robot_driver/resources/rtde_output_recipe.txt
[0.455s] -- Up-to-date: /home/imml/git/ROB_534_Project/install/ur_robot_driver/share/ur_robot_driver/resources/ros_control.urscript
[0.455s] -- Up-to-date: /home/imml/git/ROB_534_Project/install/ur_robot_driver/share/ur_robot_driver/resources/rs485-1.0.urcap
[0.493s] Listing '/home/imml/git/ROB_534_Project/install/ur_robot_driver/local/lib/python3.10/dist-packages/ur_robot_driver'...
[0.503s] Invoked command in '/home/imml/git/ROB_534_Project/build/ur_robot_driver' returned '0': CMAKE_PREFIX_PATH=/home/imml/git/ROB_534_Project/install/ur_controllers:/home/imml/git/ROB_534_Project/install/ur_description:/home/imml/git/ROB_534_Project/install/ur_dashboard_msgs:/home/imml/git/ROB_534_Project/install/ur:/home/imml/git/ROB_534_Project/install/ur_calibration:/home/imml/git/ROB_534_Project/install/ur_robot_driver:/home/imml/git/ROB_534_Project/install/ur_moveit_config:/home/imml/git/ROB_534_Project/install/ur_bringup:/home/imml/git/ROB_534_Project/install/realsense2_description:/home/imml/git/ROB_534_Project/install/realsense2_camera:/home/imml/git/ROB_534_Project/install/realsense2_camera_msgs:/home/imml/git/ROB_534_Project/install/harvest_control:/home/imml/git/ROB_534_Project/install/harvest:/home/imml/git/ROB_534_Project/install/harvest_interfaces:/home/imml/git/ROB_534_Project/install/ur5e_custom_hardware:/home/imml/git/ROB_534_Project/install/harvest_vision:/opt/ros/humble LD_LIBRARY_PATH=/home/imml/git/ROB_534_Project/install/ur_controllers/lib:/home/imml/git/ROB_534_Project/install/ur_dashboard_msgs/lib:/home/imml/git/ROB_534_Project/install/ur_robot_driver/lib:/home/imml/git/ROB_534_Project/install/realsense2_camera/lib:/home/imml/git/ROB_534_Project/install/realsense2_camera_msgs/lib:/home/imml/git/ROB_534_Project/install/harvest_interfaces/lib:/opt/ros/humble/opt/rviz_ogre_vendor/lib:/opt/ros/humble/lib/x86_64-linux-gnu:/opt/ros/humble/lib /usr/bin/cmake --install /home/imml/git/ROB_534_Project/build/ur_robot_driver
