[0.046s] Invoking command in '/home/imml/git/ROB_534_Project/build/harvest_control': CMAKE_PREFIX_PATH=/home/imml/git/ROB_534_Project/install/harvest_interfaces:/home/imml/git/ROB_534_Project/install/ur:/home/imml/git/ROB_534_Project/install/ur_calibration:/home/imml/git/ROB_534_Project/install/ur_robot_driver:/home/imml/git/ROB_534_Project/install/ur_moveit_config:/home/imml/git/ROB_534_Project/install/ur_bringup:/home/imml/git/ROB_534_Project/install/ur_description:/home/imml/git/ROB_534_Project/install/ur_controllers:/home/imml/git/ROB_534_Project/install/ur_dashboard_msgs:/home/imml/git/ROB_534_Project/install/realsense2_description:/home/imml/git/ROB_534_Project/install/realsense2_camera:/home/imml/git/ROB_534_Project/install/realsense2_camera_msgs:/home/imml/git/ROB_534_Project/install/harvest_control:/home/imml/git/ROB_534_Project/install/harvest:/home/imml/git/ROB_534_Project/install/ur5e_custom_hardware:/home/imml/git/ROB_534_Project/install/harvest_vision:/opt/ros/humble LD_LIBRARY_PATH=/home/imml/git/ROB_534_Project/install/harvest_interfaces/lib:/home/imml/git/ROB_534_Project/install/ur_robot_driver/lib:/home/imml/git/ROB_534_Project/install/ur_controllers/lib:/home/imml/git/ROB_534_Project/install/ur_dashboard_msgs/lib:/home/imml/git/ROB_534_Project/install/realsense2_camera/lib:/home/imml/git/ROB_534_Project/install/realsense2_camera_msgs/lib:/opt/ros/humble/opt/rviz_ogre_vendor/lib:/opt/ros/humble/lib/x86_64-linux-gnu:/opt/ros/humble/lib /usr/bin/cmake --build /home/imml/git/ROB_534_Project/build/harvest_control -- -j16 -l16
[0.300s] [35m[1mConsolidate compiler generated dependencies of target move_arm[0m
[0.300s] [  0%] Built target ament_cmake_python_symlink_harvest_control
[0.300s] [ 50%] [32mBuilding CXX object CMakeFiles/move_arm.dir/src/move_arm.cpp.o[0m
[0.343s] running egg_info
[0.345s] writing harvest_control.egg-info/PKG-INFO
[0.345s] writing dependency_links to harvest_control.egg-info/dependency_links.txt
[0.346s] writing top-level names to harvest_control.egg-info/top_level.txt
[0.349s] reading manifest file 'harvest_control.egg-info/SOURCES.txt'
[0.349s] writing manifest file 'harvest_control.egg-info/SOURCES.txt'
[0.398s] [ 50%] Built target ament_cmake_python_build_harvest_control_egg
[11.776s] [100%] [32m[1mLinking CXX executable move_arm[0m
[12.427s] [100%] Built target move_arm
[12.438s] Invoked command in '/home/imml/git/ROB_534_Project/build/harvest_control' returned '0': CMAKE_PREFIX_PATH=/home/imml/git/ROB_534_Project/install/harvest_interfaces:/home/imml/git/ROB_534_Project/install/ur:/home/imml/git/ROB_534_Project/install/ur_calibration:/home/imml/git/ROB_534_Project/install/ur_robot_driver:/home/imml/git/ROB_534_Project/install/ur_moveit_config:/home/imml/git/ROB_534_Project/install/ur_bringup:/home/imml/git/ROB_534_Project/install/ur_description:/home/imml/git/ROB_534_Project/install/ur_controllers:/home/imml/git/ROB_534_Project/install/ur_dashboard_msgs:/home/imml/git/ROB_534_Project/install/realsense2_description:/home/imml/git/ROB_534_Project/install/realsense2_camera:/home/imml/git/ROB_534_Project/install/realsense2_camera_msgs:/home/imml/git/ROB_534_Project/install/harvest_control:/home/imml/git/ROB_534_Project/install/harvest:/home/imml/git/ROB_534_Project/install/ur5e_custom_hardware:/home/imml/git/ROB_534_Project/install/harvest_vision:/opt/ros/humble LD_LIBRARY_PATH=/home/imml/git/ROB_534_Project/install/harvest_interfaces/lib:/home/imml/git/ROB_534_Project/install/ur_robot_driver/lib:/home/imml/git/ROB_534_Project/install/ur_controllers/lib:/home/imml/git/ROB_534_Project/install/ur_dashboard_msgs/lib:/home/imml/git/ROB_534_Project/install/realsense2_camera/lib:/home/imml/git/ROB_534_Project/install/realsense2_camera_msgs/lib:/opt/ros/humble/opt/rviz_ogre_vendor/lib:/opt/ros/humble/lib/x86_64-linux-gnu:/opt/ros/humble/lib /usr/bin/cmake --build /home/imml/git/ROB_534_Project/build/harvest_control -- -j16 -l16
[12.440s] Invoking command in '/home/imml/git/ROB_534_Project/build/harvest_control': CMAKE_PREFIX_PATH=/home/imml/git/ROB_534_Project/install/harvest_interfaces:/home/imml/git/ROB_534_Project/install/ur:/home/imml/git/ROB_534_Project/install/ur_calibration:/home/imml/git/ROB_534_Project/install/ur_robot_driver:/home/imml/git/ROB_534_Project/install/ur_moveit_config:/home/imml/git/ROB_534_Project/install/ur_bringup:/home/imml/git/ROB_534_Project/install/ur_description:/home/imml/git/ROB_534_Project/install/ur_controllers:/home/imml/git/ROB_534_Project/install/ur_dashboard_msgs:/home/imml/git/ROB_534_Project/install/realsense2_description:/home/imml/git/ROB_534_Project/install/realsense2_camera:/home/imml/git/ROB_534_Project/install/realsense2_camera_msgs:/home/imml/git/ROB_534_Project/install/harvest_control:/home/imml/git/ROB_534_Project/install/harvest:/home/imml/git/ROB_534_Project/install/ur5e_custom_hardware:/home/imml/git/ROB_534_Project/install/harvest_vision:/opt/ros/humble LD_LIBRARY_PATH=/home/imml/git/ROB_534_Project/install/harvest_interfaces/lib:/home/imml/git/ROB_534_Project/install/ur_robot_driver/lib:/home/imml/git/ROB_534_Project/install/ur_controllers/lib:/home/imml/git/ROB_534_Project/install/ur_dashboard_msgs/lib:/home/imml/git/ROB_534_Project/install/realsense2_camera/lib:/home/imml/git/ROB_534_Project/install/realsense2_camera_msgs/lib:/opt/ros/humble/opt/rviz_ogre_vendor/lib:/opt/ros/humble/lib/x86_64-linux-gnu:/opt/ros/humble/lib /usr/bin/cmake --install /home/imml/git/ROB_534_Project/build/harvest_control
[12.447s] -- Install configuration: ""
[12.447s] -- Execute custom install script
[12.447s] -- Up-to-date symlink: /home/imml/git/ROB_534_Project/install/harvest_control/share/harvest_control/environment/pythonpath.sh
[12.447s] -- Up-to-date symlink: /home/imml/git/ROB_534_Project/install/harvest_control/share/harvest_control/environment/pythonpath.dsv
[12.447s] -- Up-to-date symlink: /home/imml/git/ROB_534_Project/install/harvest_control/local/lib/python3.10/dist-packages/harvest_control-0.0.0-py3.10.egg-info/PKG-INFO
[12.448s] -- Up-to-date symlink: /home/imml/git/ROB_534_Project/install/harvest_control/local/lib/python3.10/dist-packages/harvest_control-0.0.0-py3.10.egg-info/SOURCES.txt
[12.448s] -- Up-to-date symlink: /home/imml/git/ROB_534_Project/install/harvest_control/local/lib/python3.10/dist-packages/harvest_control-0.0.0-py3.10.egg-info/dependency_links.txt
[12.448s] -- Up-to-date symlink: /home/imml/git/ROB_534_Project/install/harvest_control/local/lib/python3.10/dist-packages/harvest_control-0.0.0-py3.10.egg-info/top_level.txt
[12.448s] -- Up-to-date symlink: /home/imml/git/ROB_534_Project/install/harvest_control/local/lib/python3.10/dist-packages/harvest_control/__init__.py
[12.448s] -- Up-to-date symlink: /home/imml/git/ROB_534_Project/install/harvest_control/lib/harvest_control/coordinate_to_trajectory.py
[12.448s] -- Up-to-date symlink: /home/imml/git/ROB_534_Project/install/harvest_control/lib/harvest_control/coordinate_to_trajectory_client.py
[12.448s] -- Up-to-date symlink: /home/imml/git/ROB_534_Project/install/harvest_control/lib/harvest_control/visual_servo.py
[12.449s] -- Up-to-date symlink: /home/imml/git/ROB_534_Project/install/harvest_control/lib/harvest_control/event_detector.py
[12.449s] -- Up-to-date symlink: /home/imml/git/ROB_534_Project/install/harvest_control/lib/harvest_control/force_filter.py
[12.449s] -- Up-to-date symlink: /home/imml/git/ROB_534_Project/install/harvest_control/lib/harvest_control/heuristic_controller.py
[12.449s] -- Up-to-date symlink: /home/imml/git/ROB_534_Project/install/harvest_control/lib/harvest_control/linear_controller.py
[12.449s] -- Up-to-date symlink: /home/imml/git/ROB_534_Project/install/harvest_control/lib/harvest_control/pose_listener.py
[12.449s] -- Up-to-date symlink: /home/imml/git/ROB_534_Project/install/harvest_control/lib/harvest_control/pressure_averager.py
[12.449s] -- Up-to-date symlink: /home/imml/git/ROB_534_Project/install/harvest_control/lib/harvest_control/pull_twist_controller.py
[12.449s] -- Up-to-date symlink: /home/imml/git/ROB_534_Project/install/harvest_control/lib/harvest_control/trellis_wire_scan.py
[12.449s] -- Up-to-date symlink: /home/imml/git/ROB_534_Project/install/harvest_control/lib/harvest_control/get_manual_apple_locations.py
[12.449s] -- Up-to-date symlink: /home/imml/git/ROB_534_Project/install/harvest_control/lib/harvest_control/generate_trellis_collision_obj.py
[12.450s] -- Up-to-date symlink: /home/imml/git/ROB_534_Project/install/harvest_control/lib/harvest_control/move_arm
[12.450s] -- Up-to-date symlink: /home/imml/git/ROB_534_Project/install/harvest_control/share/harvest_control/launch/arm_control.launch.py
[12.450s] -- Up-to-date symlink: /home/imml/git/ROB_534_Project/install/harvest_control/share/harvest_control/launch/arm_control_templating.launch.py
[12.450s] -- Up-to-date symlink: /home/imml/git/ROB_534_Project/install/harvest_control/share/harvest_control/resource/harvest_control
[12.450s] -- Up-to-date symlink: /home/imml/git/ROB_534_Project/install/harvest_control/share/harvest_control/resource/reachable_paths.npy
[12.450s] -- Up-to-date symlink: /home/imml/git/ROB_534_Project/install/harvest_control/share/harvest_control/resource/reachable_paths_fine.npy
[12.450s] -- Up-to-date symlink: /home/imml/git/ROB_534_Project/install/harvest_control/share/harvest_control/resource/reachable_voxel_centers.csv
[12.450s] -- Up-to-date symlink: /home/imml/git/ROB_534_Project/install/harvest_control/share/harvest_control/resource/reachable_voxel_centers_fine.csv
[12.450s] -- Up-to-date symlink: /home/imml/git/ROB_534_Project/install/harvest_control/share/harvest_control/resource/tree_wire_mask.json
[12.451s] -- Up-to-date symlink: /home/imml/git/ROB_534_Project/install/harvest_control/share/harvest_control/resource/urdf/v_trellis_template.urdf
[12.451s] -- Up-to-date symlink: /home/imml/git/ROB_534_Project/install/harvest_control/share/harvest_control/resource/urdf/v_trellis_template.xacro
[12.451s] -- Up-to-date symlink: /home/imml/git/ROB_534_Project/install/harvest_control/share/harvest_control/resource/voxel_ik_data.csv
[12.451s] -- Up-to-date symlink: /home/imml/git/ROB_534_Project/install/harvest_control/share/harvest_control/resource/voxel_ik_data_fine.csv
[12.451s] -- Up-to-date symlink: /home/imml/git/ROB_534_Project/install/harvest_control/share/ament_index/resource_index/package_run_dependencies/harvest_control
[12.451s] -- Up-to-date symlink: /home/imml/git/ROB_534_Project/install/harvest_control/share/ament_index/resource_index/parent_prefix_path/harvest_control
[12.451s] -- Up-to-date symlink: /home/imml/git/ROB_534_Project/install/harvest_control/share/harvest_control/environment/ament_prefix_path.sh
[12.452s] -- Up-to-date symlink: /home/imml/git/ROB_534_Project/install/harvest_control/share/harvest_control/environment/ament_prefix_path.dsv
[12.452s] -- Up-to-date symlink: /home/imml/git/ROB_534_Project/install/harvest_control/share/harvest_control/environment/path.sh
[12.452s] -- Up-to-date symlink: /home/imml/git/ROB_534_Project/install/harvest_control/share/harvest_control/environment/path.dsv
[12.452s] -- Up-to-date symlink: /home/imml/git/ROB_534_Project/install/harvest_control/share/harvest_control/local_setup.bash
[12.452s] -- Up-to-date symlink: /home/imml/git/ROB_534_Project/install/harvest_control/share/harvest_control/local_setup.sh
[12.452s] -- Up-to-date symlink: /home/imml/git/ROB_534_Project/install/harvest_control/share/harvest_control/local_setup.zsh
[12.452s] -- Up-to-date symlink: /home/imml/git/ROB_534_Project/install/harvest_control/share/harvest_control/local_setup.dsv
[12.452s] -- Symlinking: /home/imml/git/ROB_534_Project/install/harvest_control/share/harvest_control/package.dsv
[12.462s] -- Up-to-date symlink: /home/imml/git/ROB_534_Project/install/harvest_control/share/ament_index/resource_index/packages/harvest_control
[12.462s] -- Up-to-date symlink: /home/imml/git/ROB_534_Project/install/harvest_control/share/harvest_control/cmake/harvest_controlConfig.cmake
[12.462s] -- Up-to-date symlink: /home/imml/git/ROB_534_Project/install/harvest_control/share/harvest_control/cmake/harvest_controlConfig-version.cmake
[12.462s] -- Up-to-date symlink: /home/imml/git/ROB_534_Project/install/harvest_control/share/harvest_control/package.xml
[12.489s] Listing '/home/imml/git/ROB_534_Project/install/harvest_control/local/lib/python3.10/dist-packages/harvest_control'...
[12.495s] Invoked command in '/home/imml/git/ROB_534_Project/build/harvest_control' returned '0': CMAKE_PREFIX_PATH=/home/imml/git/ROB_534_Project/install/harvest_interfaces:/home/imml/git/ROB_534_Project/install/ur:/home/imml/git/ROB_534_Project/install/ur_calibration:/home/imml/git/ROB_534_Project/install/ur_robot_driver:/home/imml/git/ROB_534_Project/install/ur_moveit_config:/home/imml/git/ROB_534_Project/install/ur_bringup:/home/imml/git/ROB_534_Project/install/ur_description:/home/imml/git/ROB_534_Project/install/ur_controllers:/home/imml/git/ROB_534_Project/install/ur_dashboard_msgs:/home/imml/git/ROB_534_Project/install/realsense2_description:/home/imml/git/ROB_534_Project/install/realsense2_camera:/home/imml/git/ROB_534_Project/install/realsense2_camera_msgs:/home/imml/git/ROB_534_Project/install/harvest_control:/home/imml/git/ROB_534_Project/install/harvest:/home/imml/git/ROB_534_Project/install/ur5e_custom_hardware:/home/imml/git/ROB_534_Project/install/harvest_vision:/opt/ros/humble LD_LIBRARY_PATH=/home/imml/git/ROB_534_Project/install/harvest_interfaces/lib:/home/imml/git/ROB_534_Project/install/ur_robot_driver/lib:/home/imml/git/ROB_534_Project/install/ur_controllers/lib:/home/imml/git/ROB_534_Project/install/ur_dashboard_msgs/lib:/home/imml/git/ROB_534_Project/install/realsense2_camera/lib:/home/imml/git/ROB_534_Project/install/realsense2_camera_msgs/lib:/opt/ros/humble/opt/rviz_ogre_vendor/lib:/opt/ros/humble/lib/x86_64-linux-gnu:/opt/ros/humble/lib /usr/bin/cmake --install /home/imml/git/ROB_534_Project/build/harvest_control
